Archive member included to satisfy reference by file (symbol)

c:/st/stm32cubeide_1.9.0/stm32cubeide/plugins/com.st.stm32cube.ide.mcu.externaltools.gnu-tools-for-stm32.10.3-2021.10.win32_1.0.0.202111181127/tools/bin/../lib/gcc/arm-none-eabi/10.3.1/../../../../arm-none-eabi/lib/thumb/v7-m/nofp\libc_nano.a(lib_a-errno.o)
                              ./Core/Src/syscalls.o (__errno)
c:/st/stm32cubeide_1.9.0/stm32cubeide/plugins/com.st.stm32cube.ide.mcu.externaltools.gnu-tools-for-stm32.10.3-2021.10.win32_1.0.0.202111181127/tools/bin/../lib/gcc/arm-none-eabi/10.3.1/../../../../arm-none-eabi/lib/thumb/v7-m/nofp\libc_nano.a(lib_a-exit.o)
                              c:/st/stm32cubeide_1.9.0/stm32cubeide/plugins/com.st.stm32cube.ide.mcu.externaltools.gnu-tools-for-stm32.10.3-2021.10.win32_1.0.0.202111181127/tools/bin/../lib/gcc/arm-none-eabi/10.3.1/../../../../arm-none-eabi/lib/thumb/v7-m/nofp/crt0.o (exit)
c:/st/stm32cubeide_1.9.0/stm32cubeide/plugins/com.st.stm32cube.ide.mcu.externaltools.gnu-tools-for-stm32.10.3-2021.10.win32_1.0.0.202111181127/tools/bin/../lib/gcc/arm-none-eabi/10.3.1/../../../../arm-none-eabi/lib/thumb/v7-m/nofp\libc_nano.a(lib_a-impure.o)
                              c:/st/stm32cubeide_1.9.0/stm32cubeide/plugins/com.st.stm32cube.ide.mcu.externaltools.gnu-tools-for-stm32.10.3-2021.10.win32_1.0.0.202111181127/tools/bin/../lib/gcc/arm-none-eabi/10.3.1/../../../../arm-none-eabi/lib/thumb/v7-m/nofp\libc_nano.a(lib_a-exit.o) (_global_impure_ptr)
c:/st/stm32cubeide_1.9.0/stm32cubeide/plugins/com.st.stm32cube.ide.mcu.externaltools.gnu-tools-for-stm32.10.3-2021.10.win32_1.0.0.202111181127/tools/bin/../lib/gcc/arm-none-eabi/10.3.1/../../../../arm-none-eabi/lib/thumb/v7-m/nofp\libc_nano.a(lib_a-init.o)
                              c:/st/stm32cubeide_1.9.0/stm32cubeide/plugins/com.st.stm32cube.ide.mcu.externaltools.gnu-tools-for-stm32.10.3-2021.10.win32_1.0.0.202111181127/tools/bin/../lib/gcc/arm-none-eabi/10.3.1/../../../../arm-none-eabi/lib/thumb/v7-m/nofp/crt0.o (__libc_init_array)
c:/st/stm32cubeide_1.9.0/stm32cubeide/plugins/com.st.stm32cube.ide.mcu.externaltools.gnu-tools-for-stm32.10.3-2021.10.win32_1.0.0.202111181127/tools/bin/../lib/gcc/arm-none-eabi/10.3.1/../../../../arm-none-eabi/lib/thumb/v7-m/nofp\libc_nano.a(lib_a-memcpy-stub.o)
                              ./Core/Src/Eeprom.o (memcpy)
c:/st/stm32cubeide_1.9.0/stm32cubeide/plugins/com.st.stm32cube.ide.mcu.externaltools.gnu-tools-for-stm32.10.3-2021.10.win32_1.0.0.202111181127/tools/bin/../lib/gcc/arm-none-eabi/10.3.1/../../../../arm-none-eabi/lib/thumb/v7-m/nofp\libc_nano.a(lib_a-memset.o)
                              c:/st/stm32cubeide_1.9.0/stm32cubeide/plugins/com.st.stm32cube.ide.mcu.externaltools.gnu-tools-for-stm32.10.3-2021.10.win32_1.0.0.202111181127/tools/bin/../lib/gcc/arm-none-eabi/10.3.1/../../../../arm-none-eabi/lib/thumb/v7-m/nofp/crt0.o (memset)

Allocating common symbols
Common symbol       size              file

Current_x50         0x2               ./Core/Src/Eeprom.o
U_12V               0x2               ./Core/Src/Eeprom.o
Temperature         0x4               ./Core/Src/Eeprom.o
Current_RAW         0x2               ./Core/Src/Eeprom.o
Temp_R_A_B          0x60              ./Core/Src/Eeprom.o
U_IN                0x2               ./Core/Src/Eeprom.o
SelectedOptionValue1
                    0x4               ./Core/Src/main.o
Current             0x2               ./Core/Src/Eeprom.o
ChargeDurationSec   0x4               ./Core/Src/main.o
Current_x1          0x2               ./Core/Src/Eeprom.o
RegularConvData     0x10              ./Core/Src/Eeprom.o
U_Controller        0x2               ./Core/Src/Eeprom.o
SelectedOptionValue
                    0x4               ./Core/Src/main.o
U_OUT               0x2               ./Core/Src/Eeprom.o
Rt                  0x4               ./Core/Src/Eeprom.o
U_PS                0x2               ./Core/Src/Eeprom.o
LoggingData         0x19c             ./Core/Src/Eeprom.o

Discarded input sections

 .text          0x0000000000000000        0x0 c:/st/stm32cubeide_1.9.0/stm32cubeide/plugins/com.st.stm32cube.ide.mcu.externaltools.gnu-tools-for-stm32.10.3-2021.10.win32_1.0.0.202111181127/tools/bin/../lib/gcc/arm-none-eabi/10.3.1/thumb/v7-m/nofp/crti.o
 .data          0x0000000000000000        0x0 c:/st/stm32cubeide_1.9.0/stm32cubeide/plugins/com.st.stm32cube.ide.mcu.externaltools.gnu-tools-for-stm32.10.3-2021.10.win32_1.0.0.202111181127/tools/bin/../lib/gcc/arm-none-eabi/10.3.1/thumb/v7-m/nofp/crti.o
 .bss           0x0000000000000000        0x0 c:/st/stm32cubeide_1.9.0/stm32cubeide/plugins/com.st.stm32cube.ide.mcu.externaltools.gnu-tools-for-stm32.10.3-2021.10.win32_1.0.0.202111181127/tools/bin/../lib/gcc/arm-none-eabi/10.3.1/thumb/v7-m/nofp/crti.o
[...]
Memory Configuration

Name             Origin             Length             Attributes
RAM              0x0000000020000000 0x0000000000002000 xrw
FLASH            0x0000000008000000 0x0000000000010000 xr
*default*        0x0000000000000000 0xffffffffffffffff

Linker script and memory map

LOAD c:/st/stm32cubeide_1.9.0/stm32cubeide/plugins/com.st.stm32cube.ide.mcu.externaltools.gnu-tools-for-stm32.10.3-2021.10.win32_1.0.0.202111181127/tools/bin/../lib/gcc/arm-none-eabi/10.3.1/thumb/v7-m/nofp/crti.o
LOAD c:/st/stm32cubeide_1.9.0/stm32cubeide/plugins/com.st.stm32cube.ide.mcu.externaltools.gnu-tools-for-stm32.10.3-2021.10.win32_1.0.0.202111181127/tools/bin/../lib/gcc/arm-none-eabi/10.3.1/thumb/v7-m/nofp/crtbegin.o
LOAD c:/st/stm32cubeide_1.9.0/stm32cubeide/plugins/com.st.stm32cube.ide.mcu.externaltools.gnu-tools-for-stm32.10.3-2021.10.win32_1.0.0.202111181127/tools/bin/../lib/gcc/arm-none-eabi/10.3.1/../../../../arm-none-eabi/lib/thumb/v7-m/nofp/crt0.o
LOAD ./Core/Src/Eeprom.o
LOAD ./Core/Src/General.o
LOAD ./Core/Src/Lib.o
LOAD ./Core/Src/Menu.o
LOAD ./Core/Src/MicroMenu2_1.o
LOAD ./Core/Src/hd44780_driver.o
LOAD ./Core/Src/main.o
LOAD ./Core/Src/stm32f1xx_hal_msp.o
LOAD ./Core/Src/stm32f1xx_it.o
LOAD ./Core/Src/syscalls.o
LOAD ./Core/Src/sysmem.o
LOAD ./Core/Src/system_stm32f1xx.o
LOAD ./Core/Src/usart.o
LOAD ./Core/Startup/startup_stm32f100c8tx.o
LOAD ./Drivers/STM32F1xx_HAL_Driver/Src/stm32f1xx_ll_adc.o
LOAD ./Drivers/STM32F1xx_HAL_Driver/Src/stm32f1xx_ll_dma.o
LOAD ./Drivers/STM32F1xx_HAL_Driver/Src/stm32f1xx_ll_exti.o
LOAD ./Drivers/STM32F1xx_HAL_Driver/Src/stm32f1xx_ll_gpio.o
LOAD ./Drivers/STM32F1xx_HAL_Driver/Src/stm32f1xx_ll_pwr.o
LOAD ./Drivers/STM32F1xx_HAL_Driver/Src/stm32f1xx_ll_rcc.o
LOAD ./Drivers/STM32F1xx_HAL_Driver/Src/stm32f1xx_ll_usart.o
LOAD ./Drivers/STM32F1xx_HAL_Driver/Src/stm32f1xx_ll_utils.o
START GROUP
LOAD c:/st/stm32cubeide_1.9.0/stm32cubeide/plugins/com.st.stm32cube.ide.mcu.externaltools.gnu-tools-for-stm32.10.3-2021.10.win32_1.0.0.202111181127/tools/bin/../lib/gcc/arm-none-eabi/10.3.1/../../../../arm-none-eabi/lib/thumb/v7-m/nofp\libc_nano.a
LOAD c:/st/stm32cubeide_1.9.0/stm32cubeide/plugins/com.st.stm32cube.ide.mcu.externaltools.gnu-tools-for-stm32.10.3-2021.10.win32_1.0.0.202111181127/tools/bin/../lib/gcc/arm-none-eabi/10.3.1/../../../../arm-none-eabi/lib/thumb/v7-m/nofp\libm.a
END GROUP
START GROUP
LOAD c:/st/stm32cubeide_1.9.0/stm32cubeide/plugins/com.st.stm32cube.ide.mcu.externaltools.gnu-tools-for-stm32.10.3-2021.10.win32_1.0.0.202111181127/tools/bin/../lib/gcc/arm-none-eabi/10.3.1/thumb/v7-m/nofp\libgcc.a
LOAD c:/st/stm32cubeide_1.9.0/stm32cubeide/plugins/com.st.stm32cube.ide.mcu.externaltools.gnu-tools-for-stm32.10.3-2021.10.win32_1.0.0.202111181127/tools/bin/../lib/gcc/arm-none-eabi/10.3.1/../../../../arm-none-eabi/lib/thumb/v7-m/nofp\libc_nano.a
END GROUP
START GROUP
LOAD c:/st/stm32cubeide_1.9.0/stm32cubeide/plugins/com.st.stm32cube.ide.mcu.externaltools.gnu-tools-for-stm32.10.3-2021.10.win32_1.0.0.202111181127/tools/bin/../lib/gcc/arm-none-eabi/10.3.1/thumb/v7-m/nofp\libgcc.a
LOAD c:/st/stm32cubeide_1.9.0/stm32cubeide/plugins/com.st.stm32cube.ide.mcu.externaltools.gnu-tools-for-stm32.10.3-2021.10.win32_1.0.0.202111181127/tools/bin/../lib/gcc/arm-none-eabi/10.3.1/../../../../arm-none-eabi/lib/thumb/v7-m/nofp\libc_nano.a
LOAD c:/st/stm32cubeide_1.9.0/stm32cubeide/plugins/com.st.stm32cube.ide.mcu.externaltools.gnu-tools-for-stm32.10.3-2021.10.win32_1.0.0.202111181127/tools/bin/../lib/gcc/arm-none-eabi/10.3.1/../../../../arm-none-eabi/lib/thumb/v7-m/nofp\libnosys.a
END GROUP
START GROUP
LOAD c:/st/stm32cubeide_1.9.0/stm32cubeide/plugins/com.st.stm32cube.ide.mcu.externaltools.gnu-tools-for-stm32.10.3-2021.10.win32_1.0.0.202111181127/tools/bin/../lib/gcc/arm-none-eabi/10.3.1/thumb/v7-m/nofp\libgcc.a
LOAD c:/st/stm32cubeide_1.9.0/stm32cubeide/plugins/com.st.stm32cube.ide.mcu.externaltools.gnu-tools-for-stm32.10.3-2021.10.win32_1.0.0.202111181127/tools/bin/../lib/gcc/arm-none-eabi/10.3.1/../../../../arm-none-eabi/lib/thumb/v7-m/nofp\libc_nano.a
LOAD c:/st/stm32cubeide_1.9.0/stm32cubeide/plugins/com.st.stm32cube.ide.mcu.externaltools.gnu-tools-for-stm32.10.3-2021.10.win32_1.0.0.202111181127/tools/bin/../lib/gcc/arm-none-eabi/10.3.1/../../../../arm-none-eabi/lib/thumb/v7-m/nofp\libnosys.a
END GROUP
LOAD c:/st/stm32cubeide_1.9.0/stm32cubeide/plugins/com.st.stm32cube.ide.mcu.externaltools.gnu-tools-for-stm32.10.3-2021.10.win32_1.0.0.202111181127/tools/bin/../lib/gcc/arm-none-eabi/10.3.1/thumb/v7-m/nofp/crtend.o
LOAD c:/st/stm32cubeide_1.9.0/stm32cubeide/plugins/com.st.stm32cube.ide.mcu.externaltools.gnu-tools-for-stm32.10.3-2021.10.win32_1.0.0.202111181127/tools/bin/../lib/gcc/arm-none-eabi/10.3.1/thumb/v7-m/nofp/crtn.o
                0x0000000020002000                _estack = (ORIGIN (RAM) + LENGTH (RAM))
                0x0000000000000200                _Min_Heap_Size = 0x200
                0x0000000000000400                _Min_Stack_Size = 0x400

.isr_vector     0x0000000008000000      0x1d0
                0x0000000008000000                . = ALIGN (0x4)
 *(.isr_vector)
 .isr_vector    0x0000000008000000      0x1d0 ./Core/Startup/startup_stm32f100c8tx.o
                0x0000000008000000                g_pfnVectors
                0x00000000080001d0                . = ALIGN (0x4)

.text           0x00000000080001d0     0x566c
                0x00000000080001d0                . = ALIGN (0x4)
 *(.text)
 .text          0x00000000080001d0       0x40 c:/st/stm32cubeide_1.9.0/stm32cubeide/plugins/com.st.stm32cube.ide.mcu.externaltools.gnu-tools-for-stm32.10.3-2021.10.win32_1.0.0.202111181127/tools/bin/../lib/gcc/arm-none-eabi/10.3.1/thumb/v7-m/nofp/crtbegin.o
 *(.text*)
 .text.flash_erase_page
                0x0000000008000210       0x40 ./Core/Src/Eeprom.o
                0x0000000008000210                flash_erase_page
 .text.flash_unlock
                0x0000000008000250       0x18 ./Core/Src/Eeprom.o
                0x0000000008000250                flash_unlock
 .text.flash_lock
                0x0000000008000268       0x10 ./Core/Src/Eeprom.o
                0x0000000008000268                flash_lock
 .text.flash_write
                0x0000000008000278       0x48 ./Core/Src/Eeprom.o
                0x0000000008000278                flash_write
 .text.flash_write_block
                0x00000000080002c0       0x64 ./Core/Src/Eeprom.o
                0x00000000080002c0                flash_write_block
 .text.flash_read_block
                0x0000000008000324       0x24 ./Core/Src/Eeprom.o
                0x0000000008000324                flash_read_block
 .text.flash_read
                0x0000000008000348       0x64 ./Core/Src/Eeprom.o
                0x0000000008000348                flash_read
 .text.CalibrationWriteToFlash
                0x00000000080003ac       0x74 ./Core/Src/Eeprom.o
                0x00000000080003ac                CalibrationWriteToFlash
 .text.CalibrationFactoryWriteToFlash
                0x0000000008000420       0x74 ./Core/Src/Eeprom.o
                0x0000000008000420                CalibrationFactoryWriteToFlash
 .text.CalibrationReadFromFlash
                0x0000000008000494       0xa8 ./Core/Src/Eeprom.o
                0x0000000008000494                CalibrationReadFromFlash
 .text.CalibrationReadFromFlashForVerify
                0x000000000800053c       0xa8 ./Core/Src/Eeprom.o
                0x000000000800053c                CalibrationReadFromFlashForVerify
 .text.SettingsWriteToFlash
                0x00000000080005e4       0x6c ./Core/Src/Eeprom.o
                0x00000000080005e4                SettingsWriteToFlash
 .text.SettingsFactoryWriteToFlash
                0x0000000008000650       0x6c ./Core/Src/Eeprom.o
                0x0000000008000650                SettingsFactoryWriteToFlash
 .text.SettingsReadFromFlash
                0x00000000080006bc       0x98 ./Core/Src/Eeprom.o
                0x00000000080006bc                SettingsReadFromFlash
 .text.SettingsReadFromFlashForVerify
                0x0000000008000754       0x98 ./Core/Src/Eeprom.o
                0x0000000008000754                SettingsReadFromFlashForVerify
 .text.DataWhenPowerOff_Factory_WriteToFlash
                0x00000000080007ec       0x44 ./Core/Src/Eeprom.o
                0x00000000080007ec                DataWhenPowerOff_Factory_WriteToFlash
 .text.DataWhenPowerOffReadFromFlash
                0x0000000008000830       0x58 ./Core/Src/Eeprom.o
                0x0000000008000830                DataWhenPowerOffReadFromFlash
 .text.DataWhenPowerOffReadFromFlashForVerify
                0x0000000008000888       0x58 ./Core/Src/Eeprom.o
                0x0000000008000888                DataWhenPowerOffReadFromFlashForVerify
 .text.ReadFromFlash
                0x00000000080008e0       0x50 ./Core/Src/Eeprom.o
                0x00000000080008e0                ReadFromFlash
 .text.CalcCRC8
                0x0000000008000930       0x34 ./Core/Src/Eeprom.o
                0x0000000008000930                CalcCRC8
 .text.CalibrationWriteToFlash_CRC
                0x0000000008000964       0x6c ./Core/Src/Eeprom.o
                0x0000000008000964                CalibrationWriteToFlash_CRC
 .text.SettingsWriteToFlash_CRC
                0x00000000080009d0       0xb4 ./Core/Src/Eeprom.o
                0x00000000080009d0                SettingsWriteToFlash_CRC
 .text.FactoryWriteToFlash_CRC
                0x0000000008000a84      0x16c ./Core/Src/Eeprom.o
                0x0000000008000a84                FactoryWriteToFlash_CRC
 .text.Generation_Coefficients_R_A_B
                0x0000000008000bf0       0x68 ./Core/Src/General.o
                0x0000000008000bf0                Generation_Coefficients_R_A_B
 .text.GetTemperature
                0x0000000008000c58       0x4c ./Core/Src/General.o
                0x0000000008000c58                GetTemperature
 .text.WriteInLOG
                0x0000000008000ca4      0x15c ./Core/Src/General.o
                0x0000000008000ca4                WriteInLOG
 .text.WriteInLOGc
                0x0000000008000e00      0x15c ./Core/Src/General.o
                0x0000000008000e00                WriteInLOGc
 .text.delay_us
                0x0000000008000f5c       0x6c ./Core/Src/General.o
                0x0000000008000f5c                delay_us
 .text.delay_ms
                0x0000000008000fc8       0x1e ./Core/Src/General.o
                0x0000000008000fc8                delay_ms
 *fill*         0x0000000008000fe6        0x2 
 .text.InfoToUARTBeforeStart
                0x0000000008000fe8      0x218 ./Core/Src/General.o
                0x0000000008000fe8                InfoToUARTBeforeStart
 .text.itoa     0x0000000008001200       0x78 ./Core/Src/Lib.o
                0x0000000008001200                itoa
 .text.itoaP    0x0000000008001278       0x78 ./Core/Src/Lib.o
                0x0000000008001278                itoaP
 .text.itoa_koma
                0x00000000080012f0       0xd8 ./Core/Src/Lib.o
                0x00000000080012f0                itoa_koma
 .text.Module16
                0x00000000080013c8        0xc ./Core/Src/Lib.o
                0x00000000080013c8                Module16
 .text.strlen1  0x00000000080013d4       0x10 ./Core/Src/Lib.o
                0x00000000080013d4                strlen1
 .text.Merge2Strings
                0x00000000080013e4       0x2c ./Core/Src/Lib.o
                0x00000000080013e4                Merge2Strings
 .text.Merge3Strings
                0x0000000008001410       0x46 ./Core/Src/Lib.o
                0x0000000008001410                Merge3Strings
 .text.ClockStringWithSec
                0x0000000008001456       0xe6 ./Core/Src/Lib.o
                0x0000000008001456                ClockStringWithSec
 .text.ClockStringNoSec
                0x000000000800153c       0x96 ./Core/Src/Lib.o
                0x000000000800153c                ClockStringNoSec
 *fill*         0x00000000080015d2        0x2 
 .text.middle_of_3Imax1
                0x00000000080015d4       0x38 ./Core/Src/Lib.o
                0x00000000080015d4                middle_of_3Imax1
 .text.middle_of_3Imax2
                0x000000000800160c       0x38 ./Core/Src/Lib.o
                0x000000000800160c                middle_of_3Imax2
 .text.middle_of_3Umax1
                0x0000000008001644       0x38 ./Core/Src/Lib.o
                0x0000000008001644                middle_of_3Umax1
 .text.middle_of_3Umax2
                0x000000000800167c       0x38 ./Core/Src/Lib.o
                0x000000000800167c                middle_of_3Umax2
 .text.middle_of_3Umax3
                0x00000000080016b4       0x38 ./Core/Src/Lib.o
                0x00000000080016b4                middle_of_3Umax3
 .text.RunningAverageI1
                0x00000000080016ec        0x2 ./Core/Src/Lib.o
                0x00000000080016ec                RunningAverageI1
 .text.RunningAverageI2
                0x00000000080016ee        0x2 ./Core/Src/Lib.o
                0x00000000080016ee                RunningAverageI2
 .text.RunningAverageU1
                0x00000000080016f0        0x2 ./Core/Src/Lib.o
                0x00000000080016f0                RunningAverageU1
 .text.RunningAverageU2
                0x00000000080016f2        0x2 ./Core/Src/Lib.o
                0x00000000080016f2                RunningAverageU2
 .text.Menu_GetCurrentMenu
                0x00000000080016f4        0xc ./Core/Src/MicroMenu2_1.o
                0x00000000080016f4                Menu_GetCurrentMenu
 .text.Menu_Navigate
                0x0000000008001700       0x34 ./Core/Src/MicroMenu2_1.o
                0x0000000008001700                Menu_Navigate
 .text.Menu_SetGenericWriteCallback
                0x0000000008001734       0x14 ./Core/Src/MicroMenu2_1.o
                0x0000000008001734                Menu_SetGenericWriteCallback
 .text.Menu_SelectItem
                0x0000000008001748       0x1c ./Core/Src/MicroMenu2_1.o
                0x0000000008001748                Menu_SelectItem
 .text.strobe   0x0000000008001764       0x24 ./Core/Src/hd44780_driver.o
                0x0000000008001764                strobe
 .text.lcd_set_4bit_mode
                0x0000000008001788       0x44 ./Core/Src/hd44780_driver.o
                0x0000000008001788                lcd_set_4bit_mode
 .text.lcd_send
                0x00000000080017cc       0x9c ./Core/Src/hd44780_driver.o
                0x00000000080017cc                lcd_send
 .text.lcd_set_user_char
                0x0000000008001868       0x32 ./Core/Src/hd44780_driver.o
                0x0000000008001868                lcd_set_user_char
 .text.SetSymbols
                0x000000000800189a      0x16a ./Core/Src/hd44780_driver.o
                0x000000000800189a                SetSymbols
 .text.lcd_set_xy
                0x0000000008001a04       0x24 ./Core/Src/hd44780_driver.o
                0x0000000008001a04                lcd_set_xy
 .text.lcd_out  0x0000000008001a28       0x2a ./Core/Src/hd44780_driver.o
                0x0000000008001a28                lcd_out
 .text.LcdOutbyNumber
                0x0000000008001a52        0x8 ./Core/Src/hd44780_driver.o
                0x0000000008001a52                LcdOutbyNumber
 *fill*         0x0000000008001a5a        0x2 
 .text.LcdOut   0x0000000008001a5c       0x84 ./Core/Src/hd44780_driver.o
                0x0000000008001a5c                LcdOut
 .text.lcd_clear
                0x0000000008001ae0        0x8 ./Core/Src/hd44780_driver.o
                0x0000000008001ae0                lcd_clear
 .text.lcd_init
                0x0000000008001ae8       0x1c ./Core/Src/hd44780_driver.o
                0x0000000008001ae8                lcd_init
 .text.PrintToLCD
                0x0000000008001b04        0x6 ./Core/Src/hd44780_driver.o
                0x0000000008001b04                PrintToLCD
 .text.PrintToLCD_xy
                0x0000000008001b0a       0x18 ./Core/Src/hd44780_driver.o
                0x0000000008001b0a                PrintToLCD_xy
 .text.InitLCD  0x0000000008001b22       0x16 ./Core/Src/hd44780_driver.o
                0x0000000008001b22                InitLCD
 .text.LL_APB2_GRP1_EnableClock
                0x0000000008001b38       0x1c ./Core/Src/main.o
 .text.MenuLog_Enter
                0x0000000008001b54        0xc ./Core/Src/main.o
                0x0000000008001b54                MenuLog_Enter
 .text.MenuCalibrationWriteToFlash_Enter
                0x0000000008001b60       0x14 ./Core/Src/main.o
                0x0000000008001b60                MenuCalibrationWriteToFlash_Enter
 .text.MenuSettingsBatteryType_Enter
                0x0000000008001b74      0x110 ./Core/Src/main.o
                0x0000000008001b74                MenuSettingsBatteryType_Enter
 .text.MenuSettingsWriteToFlash_Enter
                0x0000000008001c84        0x4 ./Core/Src/main.o
                0x0000000008001c84                MenuSettingsWriteToFlash_Enter
 .text.MenuOption_Enter
                0x0000000008001c88       0x30 ./Core/Src/main.o
                0x0000000008001c88                MenuOption_Enter
 .text.MenuOption_Enter1
                0x0000000008001cb8       0x30 ./Core/Src/main.o
                0x0000000008001cb8                MenuOption_Enter1
 .text.Generic_Write
                0x0000000008001ce8        0xc ./Core/Src/main.o
                0x0000000008001ce8                Generic_Write
 .text.MenuDischarge_Enter
                0x0000000008001cf4       0x4c ./Core/Src/main.o
                0x0000000008001cf4                MenuDischarge_Enter
 .text.MenuCharge_Enter
                0x0000000008001d40       0x70 ./Core/Src/main.o
                0x0000000008001d40                MenuCharge_Enter
 .text.SelectedOption.part.0
                0x0000000008001db0       0x16 ./Core/Src/main.o
 *fill*         0x0000000008001dc6        0x2 
 .text.LL_ADC_SetChannelSamplingTime.constprop.0
                0x0000000008001dc8       0x54 ./Core/Src/main.o
 .text.LL_ADC_REG_SetSequencerRanks.constprop.0
                0x0000000008001e1c       0x38 ./Core/Src/main.o
 .text.NVIC_EncodePriority.constprop.0
                0x0000000008001e54        0x4 ./Core/Src/main.o
 .text.MenuLoad
                0x0000000008001e58       0xa0 ./Core/Src/main.o
                0x0000000008001e58                MenuLoad
 .text.MenuTraining_WriteInLOG
                0x0000000008001ef8       0x4c ./Core/Src/main.o
                0x0000000008001ef8                MenuTraining_WriteInLOG
 .text.MenuLog  0x0000000008001f44       0x94 ./Core/Src/main.o
                0x0000000008001f44                MenuLog
 .text.MenuCalibration_CURRENT_Out_to_0
                0x0000000008001fd8       0x48 ./Core/Src/main.o
                0x0000000008001fd8                MenuCalibration_CURRENT_Out_to_0
 .text.MenuCalibration_CURRENT_Load_to_0
                0x0000000008002020       0x48 ./Core/Src/main.o
                0x0000000008002020                MenuCalibration_CURRENT_Load_to_0
 .text.MenuCalibration_BackToFactory
                0x0000000008002068       0xb8 ./Core/Src/main.o
                0x0000000008002068                MenuCalibration_BackToFactory
 .text.MenuSettingsChargeTime
                0x0000000008002120       0x4c ./Core/Src/main.o
                0x0000000008002120                MenuSettingsChargeTime
 .text.MenuSettingsBatteryType
                0x000000000800216c       0xf0 ./Core/Src/main.o
                0x000000000800216c                MenuSettingsBatteryType
 .text.MenuSettingsLowVolt
                0x000000000800225c       0x44 ./Core/Src/main.o
                0x000000000800225c                MenuSettingsLowVolt
 .text.MenuSettingsMaxVolt
                0x00000000080022a0       0x44 ./Core/Src/main.o
                0x00000000080022a0                MenuSettingsMaxVolt
 .text.MenuSettingsSwngChrgTime
                0x00000000080022e4       0x3c ./Core/Src/main.o
                0x00000000080022e4                MenuSettingsSwngChrgTime
 .text.MenuSettingsSwngDChrgTime
                0x0000000008002320       0x3c ./Core/Src/main.o
                0x0000000008002320                MenuSettingsSwngDChrgTime
 .text.MenuSettingsChargeAddapt
                0x000000000800235c       0x80 ./Core/Src/main.o
                0x000000000800235c                MenuSettingsChargeAddapt
 .text.SelectedOption
                0x00000000080023dc       0x1c ./Core/Src/main.o
                0x00000000080023dc                SelectedOption
 .text.SelectedOption1
                0x00000000080023f8       0x1c ./Core/Src/main.o
                0x00000000080023f8                SelectedOption1
 .text.MenuSettingsSaveMenuPosWhenOFF
                0x0000000008002414       0xac ./Core/Src/main.o
                0x0000000008002414                MenuSettingsSaveMenuPosWhenOFF
 .text.MenuSettingsOutAfterPowerUp
                0x00000000080024c0       0x70 ./Core/Src/main.o
                0x00000000080024c0                MenuSettingsOutAfterPowerUp
 .text.BUT_Debrief
                0x0000000008002530       0x64 ./Core/Src/main.o
                0x0000000008002530                BUT_Debrief
 .text.BUT_GetKey
                0x0000000008002594       0x1c ./Core/Src/main.o
                0x0000000008002594                BUT_GetKey
 .text.Start_Timer_sec
                0x00000000080025b0       0x18 ./Core/Src/main.o
                0x00000000080025b0                Start_Timer_sec
 .text.ClockOnLCD_noSec
                0x00000000080025c8       0x6c ./Core/Src/main.o
                0x00000000080025c8                ClockOnLCD_noSec
 .text.OUT_OFF  0x0000000008002634       0x2c ./Core/Src/main.o
                0x0000000008002634                OUT_OFF
 .text.discharge
                0x0000000008002660       0x10 ./Core/Src/main.o
                0x0000000008002660                discharge
 .text.MenuCalibration_CURRENT_Load
                0x0000000008002670       0x70 ./Core/Src/main.o
                0x0000000008002670                MenuCalibration_CURRENT_Load
 .text.discharge1
                0x00000000080026e0       0x44 ./Core/Src/main.o
                0x00000000080026e0                discharge1
 .text.MenuDisCharge
                0x0000000008002724      0x2c4 ./Core/Src/main.o
                0x0000000008002724                MenuDisCharge
 .text.OUT_ON   0x00000000080029e8       0x2c ./Core/Src/main.o
                0x00000000080029e8                OUT_ON
 .text.OUTStateAfterPowerUpFunction
                0x0000000008002a14       0x2c ./Core/Src/main.o
                0x0000000008002a14                OUTStateAfterPowerUpFunction
 .text.MenuPowerSupply
                0x0000000008002a40       0xc8 ./Core/Src/main.o
                0x0000000008002a40                MenuPowerSupply
 .text.MenuCalibration_CURRENT_Out
                0x0000000008002b08       0x70 ./Core/Src/main.o
                0x0000000008002b08                MenuCalibration_CURRENT_Out
 .text.MenuCalibration_VoltagePS
                0x0000000008002b78       0x70 ./Core/Src/main.o
                0x0000000008002b78                MenuCalibration_VoltagePS
 .text.MenuCalibration_VoltageOut
                0x0000000008002be8       0x70 ./Core/Src/main.o
                0x0000000008002be8                MenuCalibration_VoltageOut
 .text.MenuCalibration_VoltageIn
                0x0000000008002c58       0x70 ./Core/Src/main.o
                0x0000000008002c58                MenuCalibration_VoltageIn
 .text.MenuCalibration_Resist_Comp_5V1A
                0x0000000008002cc8       0xcc ./Core/Src/main.o
                0x0000000008002cc8                MenuCalibration_Resist_Comp_5V1A
 .text.MenuBatterySimilation
                0x0000000008002d94       0xe0 ./Core/Src/main.o
                0x0000000008002d94                MenuBatterySimilation
 .text.charge   0x0000000008002e74       0x10 ./Core/Src/main.o
                0x0000000008002e74                charge
 .text.MenuChargeCC_CV
                0x0000000008002e84      0x2f0 ./Core/Src/main.o
                0x0000000008002e84                MenuChargeCC_CV
 .text.MenuChargeAdapt
                0x0000000008003174      0x37c ./Core/Src/main.o
                0x0000000008003174                MenuChargeAdapt
 .text.charge1  0x00000000080034f0       0x44 ./Core/Src/main.o
                0x00000000080034f0                charge1
 .text.MenuTraining_new
                0x0000000008003534      0x4a8 ./Core/Src/main.o
                0x0000000008003534                MenuTraining_new
 .text.MenuSwing
                0x00000000080039dc      0x1f8 ./Core/Src/main.o
                0x00000000080039dc                MenuSwing
 .text.MenuCheckingCapacity
                0x0000000008003bd4      0x5c0 ./Core/Src/main.o
                0x0000000008003bd4                MenuCheckingCapacity
 .text.MenuDIAGNOSTIC
                0x0000000008004194      0x33c ./Core/Src/main.o
                0x0000000008004194                MenuDIAGNOSTIC
 .text.adc_func
                0x00000000080044d0      0x218 ./Core/Src/main.o
                0x00000000080044d0                adc_func
 .text.SysTick_Callback
                0x00000000080046e8      0x13c ./Core/Src/main.o
                0x00000000080046e8                SysTick_Callback
 .text.SystemClock_Config
                0x0000000008004824       0x80 ./Core/Src/main.o
                0x0000000008004824                SystemClock_Config
 .text.startup.main
                0x00000000080048a4      0x830 ./Core/Src/main.o
                0x00000000080048a4                main
 .text.NMI_Handler
                0x00000000080050d4        0x2 ./Core/Src/stm32f1xx_it.o
                0x00000000080050d4                NMI_Handler
 .text.HardFault_Handler
                0x00000000080050d6        0x2 ./Core/Src/stm32f1xx_it.o
                0x00000000080050d6                HardFault_Handler
 .text.MemManage_Handler
                0x00000000080050d8        0x2 ./Core/Src/stm32f1xx_it.o
                0x00000000080050d8                MemManage_Handler
 .text.BusFault_Handler
                0x00000000080050da        0x2 ./Core/Src/stm32f1xx_it.o
                0x00000000080050da                BusFault_Handler
 .text.UsageFault_Handler
                0x00000000080050dc        0x2 ./Core/Src/stm32f1xx_it.o
                0x00000000080050dc                UsageFault_Handler
 .text.SVC_Handler
                0x00000000080050de        0x2 ./Core/Src/stm32f1xx_it.o
                0x00000000080050de                SVC_Handler
 .text.DebugMon_Handler
                0x00000000080050e0        0x2 ./Core/Src/stm32f1xx_it.o
                0x00000000080050e0                DebugMon_Handler
 .text.PendSV_Handler
                0x00000000080050e2        0x2 ./Core/Src/stm32f1xx_it.o
                0x00000000080050e2                PendSV_Handler
 .text.SysTick_Handler
                0x00000000080050e4        0x4 ./Core/Src/stm32f1xx_it.o
                0x00000000080050e4                SysTick_Handler
 .text.DMA1_Channel1_IRQHandler
                0x00000000080050e8        0x2 ./Core/Src/stm32f1xx_it.o
                0x00000000080050e8                DMA1_Channel1_IRQHandler
 *fill*         0x00000000080050ea        0x2 
 .text.USART1_IRQHandler
                0x00000000080050ec       0x5c ./Core/Src/stm32f1xx_it.o
                0x00000000080050ec                USART1_IRQHandler
 .text.SystemInit
                0x0000000008005148        0x2 ./Core/Src/system_stm32f1xx.o
                0x0000000008005148                SystemInit
 *fill*         0x000000000800514a        0x2 
 .text.SystemCoreClockUpdate
                0x000000000800514c       0x64 ./Core/Src/system_stm32f1xx.o
                0x000000000800514c                SystemCoreClockUpdate
 .text.printToBufferUART1
                0x00000000080051b0       0xcc ./Core/Src/usart.o
                0x00000000080051b0                printToBufferUART1
 .text.printToBufferWithoutEndUART1
                0x000000000800527c       0x7c ./Core/Src/usart.o
                0x000000000800527c                printToBufferWithoutEndUART1
 .text.printToBufferUART1D
                0x00000000080052f8      0x140 ./Core/Src/usart.o
                0x00000000080052f8                printToBufferUART1D
 .text.Reset_Handler
                0x0000000008005438       0x48 ./Core/Startup/startup_stm32f100c8tx.o
                0x0000000008005438                Reset_Handler
 .text.Default_Handler
                0x0000000008005480        0x2 ./Core/Startup/startup_stm32f100c8tx.o
                0x0000000008005480                RTC_Alarm_IRQHandler
                0x0000000008005480                EXTI2_IRQHandler
                0x0000000008005480                TIM1_CC_IRQHandler
                0x0000000008005480                PVD_IRQHandler
                0x0000000008005480                EXTI3_IRQHandler
                0x0000000008005480                EXTI0_IRQHandler
                0x0000000008005480                TIM1_UP_TIM16_IRQHandler
                0x0000000008005480                SPI1_IRQHandler
                0x0000000008005480                TAMPER_IRQHandler
                0x0000000008005480                TIM6_DAC_IRQHandler
                0x0000000008005480                DMA1_Channel4_IRQHandler
                0x0000000008005480                ADC1_IRQHandler
                0x0000000008005480                USART3_IRQHandler
                0x0000000008005480                RTC_IRQHandler
                0x0000000008005480                DMA1_Channel7_IRQHandler
                0x0000000008005480                TIM4_IRQHandler
                0x0000000008005480                I2C1_EV_IRQHandler
                0x0000000008005480                DMA1_Channel6_IRQHandler
                0x0000000008005480                TIM3_IRQHandler
                0x0000000008005480                RCC_IRQHandler
                0x0000000008005480                Default_Handler
                0x0000000008005480                CEC_IRQHandler
                0x0000000008005480                EXTI15_10_IRQHandler
                0x0000000008005480                TIM7_IRQHandler
                0x0000000008005480                EXTI9_5_IRQHandler
                0x0000000008005480                DMA1_Channel5_IRQHandler
                0x0000000008005480                EXTI4_IRQHandler
                0x0000000008005480                TIM1_TRG_COM_TIM17_IRQHandler
                0x0000000008005480                DMA1_Channel3_IRQHandler
                0x0000000008005480                WWDG_IRQHandler
                0x0000000008005480                TIM2_IRQHandler
                0x0000000008005480                EXTI1_IRQHandler
                0x0000000008005480                USART2_IRQHandler
                0x0000000008005480                DMA1_Channel2_IRQHandler
                0x0000000008005480                FLASH_IRQHandler
                0x0000000008005480                I2C1_ER_IRQHandler
                0x0000000008005480                TIM1_BRK_TIM15_IRQHandler
 .text.LL_ADC_Init
                0x0000000008005482       0x2a ./Drivers/STM32F1xx_HAL_Driver/Src/stm32f1xx_ll_adc.o
                0x0000000008005482                LL_ADC_Init
 .text.LL_ADC_REG_Init
                0x00000000080054ac       0x44 ./Drivers/STM32F1xx_HAL_Driver/Src/stm32f1xx_ll_adc.o
                0x00000000080054ac                LL_ADC_REG_Init
 .text.LL_GPIO_Init
                0x00000000080054f0      0x106 ./Drivers/STM32F1xx_HAL_Driver/Src/stm32f1xx_ll_gpio.o
                0x00000000080054f0                LL_GPIO_Init
 *fill*         0x00000000080055f6        0x2 
 .text.RCC_GetHCLKClockFreq
                0x00000000080055f8       0x18 ./Drivers/STM32F1xx_HAL_Driver/Src/stm32f1xx_ll_rcc.o
                0x00000000080055f8                RCC_GetHCLKClockFreq
 .text.RCC_GetPCLK1ClockFreq
                0x0000000008005610       0x18 ./Drivers/STM32F1xx_HAL_Driver/Src/stm32f1xx_ll_rcc.o
                0x0000000008005610                RCC_GetPCLK1ClockFreq
 .text.RCC_GetPCLK2ClockFreq
                0x0000000008005628       0x18 ./Drivers/STM32F1xx_HAL_Driver/Src/stm32f1xx_ll_rcc.o
                0x0000000008005628                RCC_GetPCLK2ClockFreq
 .text.RCC_PLL_GetFreqDomain_SYS
                0x0000000008005640       0x34 ./Drivers/STM32F1xx_HAL_Driver/Src/stm32f1xx_ll_rcc.o
                0x0000000008005640                RCC_PLL_GetFreqDomain_SYS
 .text.RCC_GetSystemClockFreq
                0x0000000008005674       0x1c ./Drivers/STM32F1xx_HAL_Driver/Src/stm32f1xx_ll_rcc.o
                0x0000000008005674                RCC_GetSystemClockFreq
 .text.LL_RCC_GetSystemClocksFreq
                0x0000000008005690       0x20 ./Drivers/STM32F1xx_HAL_Driver/Src/stm32f1xx_ll_rcc.o
                0x0000000008005690                LL_RCC_GetSystemClocksFreq
 .text.LL_USART_Init
                0x00000000080056b0       0xd8 ./Drivers/STM32F1xx_HAL_Driver/Src/stm32f1xx_ll_usart.o
                0x00000000080056b0                LL_USART_Init
 .text.LL_Init1msTick
                0x0000000008005788       0x1a ./Drivers/STM32F1xx_HAL_Driver/Src/stm32f1xx_ll_utils.o
                0x0000000008005788                LL_Init1msTick
 *fill*         0x00000000080057a2        0x2 
 .text.LL_SetSystemCoreClock
                0x00000000080057a4        0xc ./Drivers/STM32F1xx_HAL_Driver/Src/stm32f1xx_ll_utils.o
                0x00000000080057a4                LL_SetSystemCoreClock
 .text.__libc_init_array
                0x00000000080057b0       0x48 c:/st/stm32cubeide_1.9.0/stm32cubeide/plugins/com.st.stm32cube.ide.mcu.externaltools.gnu-tools-for-stm32.10.3-2021.10.win32_1.0.0.202111181127/tools/bin/../lib/gcc/arm-none-eabi/10.3.1/../../../../arm-none-eabi/lib/thumb/v7-m/nofp\libc_nano.a(lib_a-init.o)
                0x00000000080057b0                __libc_init_array
 .text.memcpy   0x00000000080057f8       0x1c c:/st/stm32cubeide_1.9.0/stm32cubeide/plugins/com.st.stm32cube.ide.mcu.externaltools.gnu-tools-for-stm32.10.3-2021.10.win32_1.0.0.202111181127/tools/bin/../lib/gcc/arm-none-eabi/10.3.1/../../../../arm-none-eabi/lib/thumb/v7-m/nofp\libc_nano.a(lib_a-memcpy-stub.o)
                0x00000000080057f8                memcpy
 .text.memset   0x0000000008005814       0x10 c:/st/stm32cubeide_1.9.0/stm32cubeide/plugins/com.st.stm32cube.ide.mcu.externaltools.gnu-tools-for-stm32.10.3-2021.10.win32_1.0.0.202111181127/tools/bin/../lib/gcc/arm-none-eabi/10.3.1/../../../../arm-none-eabi/lib/thumb/v7-m/nofp\libc_nano.a(lib_a-memset.o)
                0x0000000008005814                memset
 *(.glue_7)
 .glue_7        0x0000000008005824        0x0 linker stubs
 *(.glue_7t)
 .glue_7t       0x0000000008005824        0x0 linker stubs
 *(.eh_frame)
 .eh_frame      0x0000000008005824        0x0 c:/st/stm32cubeide_1.9.0/stm32cubeide/plugins/com.st.stm32cube.ide.mcu.externaltools.gnu-tools-for-stm32.10.3-2021.10.win32_1.0.0.202111181127/tools/bin/../lib/gcc/arm-none-eabi/10.3.1/thumb/v7-m/nofp/crtbegin.o
 *(.init)
 .init          0x0000000008005824        0x4 c:/st/stm32cubeide_1.9.0/stm32cubeide/plugins/com.st.stm32cube.ide.mcu.externaltools.gnu-tools-for-stm32.10.3-2021.10.win32_1.0.0.202111181127/tools/bin/../lib/gcc/arm-none-eabi/10.3.1/thumb/v7-m/nofp/crti.o
                0x0000000008005824                _init
 .init          0x0000000008005828        0x8 c:/st/stm32cubeide_1.9.0/stm32cubeide/plugins/com.st.stm32cube.ide.mcu.externaltools.gnu-tools-for-stm32.10.3-2021.10.win32_1.0.0.202111181127/tools/bin/../lib/gcc/arm-none-eabi/10.3.1/thumb/v7-m/nofp/crtn.o
 *(.fini)
 .fini          0x0000000008005830        0x4 c:/st/stm32cubeide_1.9.0/stm32cubeide/plugins/com.st.stm32cube.ide.mcu.externaltools.gnu-tools-for-stm32.10.3-2021.10.win32_1.0.0.202111181127/tools/bin/../lib/gcc/arm-none-eabi/10.3.1/thumb/v7-m/nofp/crti.o
                0x0000000008005830                _fini
 .fini          0x0000000008005834        0x8 c:/st/stm32cubeide_1.9.0/stm32cubeide/plugins/com.st.stm32cube.ide.mcu.externaltools.gnu-tools-for-stm32.10.3-2021.10.win32_1.0.0.202111181127/tools/bin/../lib/gcc/arm-none-eabi/10.3.1/thumb/v7-m/nofp/crtn.o
                0x000000000800583c                . = ALIGN (0x4)
                0x000000000800583c                _etext = .

.vfp11_veneer   0x000000000800583c        0x0
 .vfp11_veneer  0x000000000800583c        0x0 linker stubs

.v4_bx          0x000000000800583c        0x0
 .v4_bx         0x000000000800583c        0x0 linker stubs

.iplt           0x000000000800583c        0x0
 .iplt          0x000000000800583c        0x0 c:/st/stm32cubeide_1.9.0/stm32cubeide/plugins/com.st.stm32cube.ide.mcu.externaltools.gnu-tools-for-stm32.10.3-2021.10.win32_1.0.0.202111181127/tools/bin/../lib/gcc/arm-none-eabi/10.3.1/thumb/v7-m/nofp/crtbegin.o

.rodata         0x000000000800583c     0x1544
                0x000000000800583c                . = ALIGN (0x4)
 *(.rodata)
 .rodata        0x000000000800583c      0x100 ./Core/Src/Eeprom.o
 *(.rodata*)
 .rodata.flash_write_block.str1.1
                0x000000000800593c       0x15 ./Core/Src/Eeprom.o
 .rodata.flash_read.str1.1
                0x0000000008005951       0x40 ./Core/Src/Eeprom.o
 .rodata.CalibrationWriteToFlash.str1.1
                0x0000000008005991       0x19 ./Core/Src/Eeprom.o
 .rodata.CalibrationFactoryWriteToFlash.str1.1
                0x00000000080059aa       0x20 ./Core/Src/Eeprom.o
 .rodata.CalibrationReadFromFlash.str1.1
                0x00000000080059ca       0x1a ./Core/Src/Eeprom.o
 .rodata.CalibrationReadFromFlashForVerify.str1.1
                0x00000000080059e4       0x23 ./Core/Src/Eeprom.o
 .rodata.SettingsWriteToFlash.str1.1
                0x0000000008005a07       0x16 ./Core/Src/Eeprom.o
 .rodata.SettingsFactoryWriteToFlash.str1.1
                0x0000000008005a1d       0x1d ./Core/Src/Eeprom.o
 .rodata.SettingsReadFromFlash.str1.1
                0x0000000008005a3a       0x17 ./Core/Src/Eeprom.o
 .rodata.SettingsReadFromFlashForVerify.str1.1
                0x0000000008005a51       0x20 ./Core/Src/Eeprom.o
 .rodata.DataWhenPowerOff_Factory_WriteToFlash.str1.1
                0x0000000008005a71       0x27 ./Core/Src/Eeprom.o
 .rodata.DataWhenPowerOffReadFromFlash.str1.1
                0x0000000008005a98       0x1f ./Core/Src/Eeprom.o
 .rodata.DataWhenPowerOffReadFromFlashForVerify.str1.1
                0x0000000008005ab7       0x28 ./Core/Src/Eeprom.o
 .rodata.ReadFromFlash.str1.1
                0x0000000008005adf       0x34 ./Core/Src/Eeprom.o
 .rodata.CalibrationWriteToFlash_CRC.str1.1
                0x0000000008005b13       0x34 ./Core/Src/Eeprom.o
                                         0x53 (size before relaxing)
 .rodata.SettingsWriteToFlash_CRC.str1.1
                0x0000000008005b13       0x34 ./Core/Src/Eeprom.o
                                         0x62 (size before relaxing)
 .rodata.FactoryWriteToFlash_CRC.str1.1
                0x0000000008005b13      0x132 ./Core/Src/Eeprom.o
 .rodata.WriteInLOG.str1.1
                0x0000000008005c45        0x9 ./Core/Src/General.o
                                         0x11 (size before relaxing)
 .rodata.InfoToUARTBeforeStart.str1.1
                0x0000000008005c4e      0x249 ./Core/Src/General.o
 *fill*         0x0000000008005e97        0x1 
 .rodata.NULL_MENU
                0x0000000008005e98       0x18 ./Core/Src/MicroMenu2_1.o
                0x0000000008005e98                NULL_MENU
 .rodata.MenuCalibrationWriteToFlash_Enter.str1.1
                0x0000000008005eb0        0xc ./Core/Src/main.o
 .rodata.MenuSettingsBatteryType_Enter.str1.1
                0x0000000008005ebc       0x66 ./Core/Src/main.o
 .rodata.MenuDischarge_Enter.str1.1
                0x0000000008005f22        0x4 ./Core/Src/main.o
 .rodata.MenuCharge_Enter.str1.1
                0x0000000008005f26        0x8 ./Core/Src/main.o
                                         0x10 (size before relaxing)
 .rodata.MenuLoad.str1.1
                0x0000000008005f2e        0xa ./Core/Src/main.o
 .rodata.MenuLog.str1.1
                0x0000000008005f38       0x20 ./Core/Src/main.o
 .rodata.MenuCalibration_CURRENT_Out_to_0.str1.1
                0x0000000008005f58        0xf ./Core/Src/main.o
 .rodata.MenuCalibration_BackToFactory.str1.1
                0x0000000008005f67       0x53 ./Core/Src/main.o
 .rodata.MenuSettingsChargeTime.str1.1
                0x0000000008005fba        0x5 ./Core/Src/main.o
 .rodata.MenuSettingsBatteryType.str1.1
                0x0000000008005fbf       0x75 ./Core/Src/main.o
 .rodata.MenuSettingsLowVolt.str1.1
                0x0000000008006034       0x75 ./Core/Src/main.o
                                          0x5 (size before relaxing)
 .rodata.MenuSettingsSwngChrgTime.str1.1
                0x0000000008006034        0x9 ./Core/Src/main.o
 .rodata.MenuSettingsChargeAddapt.str1.1
                0x000000000800603d        0x3 ./Core/Src/main.o
 .rodata.MenuSettingsSaveMenuPosWhenOFF.str1.1
                0x0000000008006040       0x77 ./Core/Src/main.o
 .rodata.MenuSettingsOutAfterPowerUp.str1.1
                0x00000000080060b7       0x33 ./Core/Src/main.o
 .rodata.ClockOnLCD.str1.1
                0x00000000080060ea        0x2 ./Core/Src/main.o
                                          0x4 (size before relaxing)
 .rodata.MenuCalibration_CURRENT_Load.str1.1
                0x00000000080060ec        0x5 ./Core/Src/main.o
                                          0x9 (size before relaxing)
 .rodata.discharge1.str1.1
                0x00000000080060f1        0xa ./Core/Src/main.o
 .rodata.MenuDisCharge.str1.1
                0x00000000080060fb       0x9d ./Core/Src/main.o
                                         0xa0 (size before relaxing)
 .rodata.MenuPowerSupply.str1.1
                0x0000000008006198        0xd ./Core/Src/main.o
                                         0x14 (size before relaxing)
 .rodata.MenuCalibration_Resist_Comp_5V1A.str1.1
                0x00000000080061a5        0xb ./Core/Src/main.o
 .rodata.MenuBatterySimilation.str1.1
                0x00000000080061b0        0x6 ./Core/Src/main.o
 .rodata.MenuChargeCC_CV.str1.1
                0x00000000080061b6       0x38 ./Core/Src/main.o
                                         0x3f (size before relaxing)
 .rodata.charge1.str1.1
                0x00000000080061ee       0x38 ./Core/Src/main.o
                                          0x7 (size before relaxing)
 .rodata.MenuTraining_new.str1.1
                0x00000000080061ee       0x66 ./Core/Src/main.o
                                         0x6b (size before relaxing)
 .rodata.MenuSwing.str1.1
                0x0000000008006254        0x8 ./Core/Src/main.o
                                          0xb (size before relaxing)
 .rodata.MenuDIAGNOSTIC.str1.1
                0x000000000800625c       0x5c ./Core/Src/main.o
                                         0x79 (size before relaxing)
 .rodata.main.str1.1
                0x00000000080062b8       0x37 ./Core/Src/main.o
                                         0x59 (size before relaxing)
 *fill*         0x00000000080062ef        0x1 
 .rodata.Menu_1
                0x00000000080062f0       0x29 ./Core/Src/main.o
                0x00000000080062f0                Menu_1
 *fill*         0x0000000008006319        0x3 
 .rodata.Menu_10
                0x000000000800631c       0x29 ./Core/Src/main.o
                0x000000000800631c                Menu_10
 *fill*         0x0000000008006345        0x3 
 .rodata.Menu_10_1
                0x0000000008006348       0x29 ./Core/Src/main.o
                0x0000000008006348                Menu_10_1
 *fill*         0x0000000008006371        0x3 
 .rodata.Menu_10_10
                0x0000000008006374       0x29 ./Core/Src/main.o
                0x0000000008006374                Menu_10_10
 *fill*         0x000000000800639d        0x3 
 .rodata.Menu_10_1_1
                0x00000000080063a0       0x29 ./Core/Src/main.o
                0x00000000080063a0                Menu_10_1_1
 *fill*         0x00000000080063c9        0x3 
 .rodata.Menu_10_2
                0x00000000080063cc       0x29 ./Core/Src/main.o
                0x00000000080063cc                Menu_10_2
 *fill*         0x00000000080063f5        0x3 
 .rodata.Menu_10_2_1
                0x00000000080063f8       0x29 ./Core/Src/main.o
                0x00000000080063f8                Menu_10_2_1
 *fill*         0x0000000008006421        0x3 
 .rodata.Menu_10_3
                0x0000000008006424       0x29 ./Core/Src/main.o
                0x0000000008006424                Menu_10_3
 *fill*         0x000000000800644d        0x3 
 .rodata.Menu_10_3_1
                0x0000000008006450       0x29 ./Core/Src/main.o
                0x0000000008006450                Menu_10_3_1
 *fill*         0x0000000008006479        0x3 
 .rodata.Menu_10_4
                0x000000000800647c       0x29 ./Core/Src/main.o
                0x000000000800647c                Menu_10_4
 *fill*         0x00000000080064a5        0x3 
 .rodata.Menu_10_4_1
                0x00000000080064a8       0x29 ./Core/Src/main.o
                0x00000000080064a8                Menu_10_4_1
 *fill*         0x00000000080064d1        0x3 
 .rodata.Menu_10_5
                0x00000000080064d4       0x29 ./Core/Src/main.o
                0x00000000080064d4                Menu_10_5
 *fill*         0x00000000080064fd        0x3 
 .rodata.Menu_10_5_1
                0x0000000008006500       0x29 ./Core/Src/main.o
                0x0000000008006500                Menu_10_5_1
 *fill*         0x0000000008006529        0x3 
 .rodata.Menu_10_6
                0x000000000800652c       0x29 ./Core/Src/main.o
                0x000000000800652c                Menu_10_6
 *fill*         0x0000000008006555        0x3 
 .rodata.Menu_10_6_1
                0x0000000008006558       0x29 ./Core/Src/main.o
                0x0000000008006558                Menu_10_6_1
 *fill*         0x0000000008006581        0x3 
 .rodata.Menu_10_7
                0x0000000008006584       0x29 ./Core/Src/main.o
                0x0000000008006584                Menu_10_7
 *fill*         0x00000000080065ad        0x3 
 .rodata.Menu_10_7_1
                0x00000000080065b0       0x19 ./Core/Src/main.o
                0x00000000080065b0                Menu_10_7_1
 *fill*         0x00000000080065c9        0x3 
 .rodata.Menu_10_8
                0x00000000080065cc       0x29 ./Core/Src/main.o
                0x00000000080065cc                Menu_10_8
 *fill*         0x00000000080065f5        0x3 
 .rodata.Menu_10_8_1
                0x00000000080065f8       0x19 ./Core/Src/main.o
                0x00000000080065f8                Menu_10_8_1
 *fill*         0x0000000008006611        0x3 
 .rodata.Menu_10_9
                0x0000000008006614       0x29 ./Core/Src/main.o
                0x0000000008006614                Menu_10_9
 *fill*         0x000000000800663d        0x3 
 .rodata.Menu_10_9_1
                0x0000000008006640       0x19 ./Core/Src/main.o
                0x0000000008006640                Menu_10_9_1
 *fill*         0x0000000008006659        0x3 
 .rodata.Menu_11
                0x000000000800665c       0x29 ./Core/Src/main.o
                0x000000000800665c                Menu_11
 *fill*         0x0000000008006685        0x3 
 .rodata.Menu_11_1
                0x0000000008006688       0x29 ./Core/Src/main.o
                0x0000000008006688                Menu_11_1
 *fill*         0x00000000080066b1        0x3 
 .rodata.Menu_1_1
                0x00000000080066b4       0x29 ./Core/Src/main.o
                0x00000000080066b4                Menu_1_1
 *fill*         0x00000000080066dd        0x3 
 .rodata.Menu_1_1_1
                0x00000000080066e0       0x29 ./Core/Src/main.o
                0x00000000080066e0                Menu_1_1_1
 *fill*         0x0000000008006709        0x3 
 .rodata.Menu_1_1_1a
                0x000000000800670c       0x29 ./Core/Src/main.o
                0x000000000800670c                Menu_1_1_1a
 *fill*         0x0000000008006735        0x3 
 .rodata.Menu_1_1a
                0x0000000008006738       0x29 ./Core/Src/main.o
                0x0000000008006738                Menu_1_1a
 *fill*         0x0000000008006761        0x3 
 .rodata.Menu_1_2
                0x0000000008006764       0x29 ./Core/Src/main.o
                0x0000000008006764                Menu_1_2
 *fill*         0x000000000800678d        0x3 
 .rodata.Menu_1_2_1
                0x0000000008006790       0x29 ./Core/Src/main.o
                0x0000000008006790                Menu_1_2_1
 *fill*         0x00000000080067b9        0x3 
 .rodata.Menu_1_3
                0x00000000080067bc       0x29 ./Core/Src/main.o
                0x00000000080067bc                Menu_1_3
 *fill*         0x00000000080067e5        0x3 
 .rodata.Menu_1_3_1
                0x00000000080067e8       0x29 ./Core/Src/main.o
                0x00000000080067e8                Menu_1_3_1
 *fill*         0x0000000008006811        0x3 
 .rodata.Menu_1_4
                0x0000000008006814       0x29 ./Core/Src/main.o
                0x0000000008006814                Menu_1_4
 *fill*         0x000000000800683d        0x3 
 .rodata.Menu_1_4_1
                0x0000000008006840       0x29 ./Core/Src/main.o
                0x0000000008006840                Menu_1_4_1
 *fill*         0x0000000008006869        0x3 
 .rodata.Menu_1_5
                0x000000000800686c       0x29 ./Core/Src/main.o
                0x000000000800686c                Menu_1_5
 *fill*         0x0000000008006895        0x3 
 .rodata.Menu_1_5_1
                0x0000000008006898       0x29 ./Core/Src/main.o
                0x0000000008006898                Menu_1_5_1
 *fill*         0x00000000080068c1        0x3 
 .rodata.Menu_1_6
                0x00000000080068c4       0x29 ./Core/Src/main.o
                0x00000000080068c4                Menu_1_6
 *fill*         0x00000000080068ed        0x3 
 .rodata.Menu_1_6_1
                0x00000000080068f0       0x29 ./Core/Src/main.o
                0x00000000080068f0                Menu_1_6_1
 *fill*         0x0000000008006919        0x3 
 .rodata.Menu_1_7
                0x000000000800691c       0x29 ./Core/Src/main.o
                0x000000000800691c                Menu_1_7
 *fill*         0x0000000008006945        0x3 
 .rodata.Menu_1_S
                0x0000000008006948       0x29 ./Core/Src/main.o
                0x0000000008006948                Menu_1_S
 *fill*         0x0000000008006971        0x3 
 .rodata.Menu_1_SO
                0x0000000008006974       0x29 ./Core/Src/main.o
                0x0000000008006974                Menu_1_SO
 *fill*         0x000000000800699d        0x3 
 .rodata.Menu_1_SO_1
                0x00000000080069a0       0x29 ./Core/Src/main.o
                0x00000000080069a0                Menu_1_SO_1
 *fill*         0x00000000080069c9        0x3 
 .rodata.Menu_1_S_1
                0x00000000080069cc       0x29 ./Core/Src/main.o
                0x00000000080069cc                Menu_1_S_1
 *fill*         0x00000000080069f5        0x3 
 .rodata.Menu_2
                0x00000000080069f8       0x29 ./Core/Src/main.o
                0x00000000080069f8                Menu_2
 *fill*         0x0000000008006a21        0x3 
 .rodata.Menu_2_1
                0x0000000008006a24       0x29 ./Core/Src/main.o
                0x0000000008006a24                Menu_2_1
 *fill*         0x0000000008006a4d        0x3 
 .rodata.Menu_3
                0x0000000008006a50       0x29 ./Core/Src/main.o
                0x0000000008006a50                Menu_3
 *fill*         0x0000000008006a79        0x3 
 .rodata.Menu_3_1
                0x0000000008006a7c       0x29 ./Core/Src/main.o
                0x0000000008006a7c                Menu_3_1
 *fill*         0x0000000008006aa5        0x3 
 .rodata.Menu_4
                0x0000000008006aa8       0x29 ./Core/Src/main.o
                0x0000000008006aa8                Menu_4
 *fill*         0x0000000008006ad1        0x3 
 .rodata.Menu_4_1
                0x0000000008006ad4       0x29 ./Core/Src/main.o
                0x0000000008006ad4                Menu_4_1
 *fill*         0x0000000008006afd        0x3 
 .rodata.Menu_5
                0x0000000008006b00       0x29 ./Core/Src/main.o
                0x0000000008006b00                Menu_5
 *fill*         0x0000000008006b29        0x3 
 .rodata.Menu_5_1
                0x0000000008006b2c       0x29 ./Core/Src/main.o
                0x0000000008006b2c                Menu_5_1
 *fill*         0x0000000008006b55        0x3 
 .rodata.Menu_6
                0x0000000008006b58       0x29 ./Core/Src/main.o
                0x0000000008006b58                Menu_6
 *fill*         0x0000000008006b81        0x3 
 .rodata.Menu_6_1
                0x0000000008006b84       0x29 ./Core/Src/main.o
                0x0000000008006b84                Menu_6_1
 *fill*         0x0000000008006bad        0x3 
 .rodata.Menu_6_1a
                0x0000000008006bb0       0x29 ./Core/Src/main.o
                0x0000000008006bb0                Menu_6_1a
 *fill*         0x0000000008006bd9        0x3 
 .rodata.Menu_6a
                0x0000000008006bdc       0x29 ./Core/Src/main.o
                0x0000000008006bdc                Menu_6a
 *fill*         0x0000000008006c05        0x3 
 .rodata.Menu_7
                0x0000000008006c08       0x29 ./Core/Src/main.o
                0x0000000008006c08                Menu_7
 *fill*         0x0000000008006c31        0x3 
 .rodata.Menu_7_1
                0x0000000008006c34       0x29 ./Core/Src/main.o
                0x0000000008006c34                Menu_7_1
 *fill*         0x0000000008006c5d        0x3 
 .rodata.Menu_8
                0x0000000008006c60       0x29 ./Core/Src/main.o
                0x0000000008006c60                Menu_8
 *fill*         0x0000000008006c89        0x3 
 .rodata.Menu_8_1
                0x0000000008006c8c       0x29 ./Core/Src/main.o
                0x0000000008006c8c                Menu_8_1
 *fill*         0x0000000008006cb5        0x3 
 .rodata.Menu_8a
                0x0000000008006cb8       0x29 ./Core/Src/main.o
                0x0000000008006cb8                Menu_8a
 *fill*         0x0000000008006ce1        0x3 
 .rodata.Menu_8a_1
                0x0000000008006ce4       0x29 ./Core/Src/main.o
                0x0000000008006ce4                Menu_8a_1
 *fill*         0x0000000008006d0d        0x3 
 .rodata.Menu_9
                0x0000000008006d10       0x29 ./Core/Src/main.o
                0x0000000008006d10                Menu_9
 *fill*         0x0000000008006d39        0x3 
 .rodata.Menu_9_1
                0x0000000008006d3c       0x29 ./Core/Src/main.o
                0x0000000008006d3c                Menu_9_1
 .rodata.AHBPrescTable
                0x0000000008006d65       0x10 ./Core/Src/system_stm32f1xx.o
                0x0000000008006d65                AHBPrescTable
 .rodata.APBPrescTable
                0x0000000008006d75        0x8 ./Core/Src/system_stm32f1xx.o
                0x0000000008006d75                APBPrescTable
                0x0000000008006d80                . = ALIGN (0x4)
 *fill*         0x0000000008006d7d        0x3 

.rel.dyn        0x0000000008006d80        0x0
 .rel.iplt      0x0000000008006d80        0x0 c:/st/stm32cubeide_1.9.0/stm32cubeide/plugins/com.st.stm32cube.ide.mcu.externaltools.gnu-tools-for-stm32.10.3-2021.10.win32_1.0.0.202111181127/tools/bin/../lib/gcc/arm-none-eabi/10.3.1/thumb/v7-m/nofp/crtbegin.o

.ARM.extab      0x0000000008006d80        0x0
                0x0000000008006d80                . = ALIGN (0x4)
 *(.ARM.extab* .gnu.linkonce.armextab.*)
                0x0000000008006d80                . = ALIGN (0x4)

.ARM            0x0000000008006d80        0x0
                0x0000000008006d80                . = ALIGN (0x4)
                0x0000000008006d80                __exidx_start = .
 *(.ARM.exidx*)
                0x0000000008006d80                __exidx_end = .
                0x0000000008006d80                . = ALIGN (0x4)

.preinit_array  0x0000000008006d80        0x0
                0x0000000008006d80                . = ALIGN (0x4)
                0x0000000008006d80                PROVIDE (__preinit_array_start = .)
 *(.preinit_array*)
                0x0000000008006d80                PROVIDE (__preinit_array_end = .)
                0x0000000008006d80                . = ALIGN (0x4)

.init_array     0x0000000008006d80        0x4
                0x0000000008006d80                . = ALIGN (0x4)
                0x0000000008006d80                PROVIDE (__init_array_start = .)
 *(SORT_BY_NAME(.init_array.*))
 *(.init_array*)
 .init_array    0x0000000008006d80        0x4 c:/st/stm32cubeide_1.9.0/stm32cubeide/plugins/com.st.stm32cube.ide.mcu.externaltools.gnu-tools-for-stm32.10.3-2021.10.win32_1.0.0.202111181127/tools/bin/../lib/gcc/arm-none-eabi/10.3.1/thumb/v7-m/nofp/crtbegin.o
                0x0000000008006d84                PROVIDE (__init_array_end = .)
                0x0000000008006d84                . = ALIGN (0x4)

.fini_array     0x0000000008006d84        0x4
                0x0000000008006d84                . = ALIGN (0x4)
                [!provide]                        PROVIDE (__fini_array_start = .)
 *(SORT_BY_NAME(.fini_array.*))
 *(.fini_array*)
 .fini_array    0x0000000008006d84        0x4 c:/st/stm32cubeide_1.9.0/stm32cubeide/plugins/com.st.stm32cube.ide.mcu.externaltools.gnu-tools-for-stm32.10.3-2021.10.win32_1.0.0.202111181127/tools/bin/../lib/gcc/arm-none-eabi/10.3.1/thumb/v7-m/nofp/crtbegin.o
                [!provide]                        PROVIDE (__fini_array_end = .)
                0x0000000008006d88                . = ALIGN (0x4)
                0x0000000008006d88                _sidata = LOADADDR (.data)

.data           0x0000000020000000      0x290 load address 0x0000000008006d88
                0x0000000020000000                . = ALIGN (0x4)
                0x0000000020000000                _sdata = .
 *(.data)
 *(.data*)
 .data.EEpromReadStatus
                0x0000000020000000        0x1 ./Core/Src/Eeprom.o
 *fill*         0x0000000020000001        0x3 
 .data.CalibrationData
                0x0000000020000004       0x50 ./Core/Src/General.o
                0x0000000020000004                CalibrationData
 .data.CalibrationDataFactory
                0x0000000020000054       0x50 ./Core/Src/General.o
                0x0000000020000054                CalibrationDataFactory
 .data.CalibrationDataForVerify
                0x00000000200000a4       0x50 ./Core/Src/General.o
                0x00000000200000a4                CalibrationDataForVerify
 .data.SaveDataWhenPowerOff
                0x00000000200000f4       0x20 ./Core/Src/General.o
                0x00000000200000f4                SaveDataWhenPowerOff
 .data.SaveDataWhenPowerOffFactory
                0x0000000020000114       0x20 ./Core/Src/General.o
                0x0000000020000114                SaveDataWhenPowerOffFactory
 .data.SaveDataWhenPowerOffForVerify
                0x0000000020000134       0x20 ./Core/Src/General.o
                0x0000000020000134                SaveDataWhenPowerOffForVerify
 .data.SettingsData
                0x0000000020000154       0x48 ./Core/Src/General.o
                0x0000000020000154                SettingsData
 .data.SettingsDataFactory
                0x000000002000019c       0x48 ./Core/Src/General.o
                0x000000002000019c                SettingsDataFactory
 .data.SettingsDataForVerify
                0x00000000200001e4       0x48 ./Core/Src/General.o
                0x00000000200001e4                SettingsDataForVerify
 .data.T_Table  0x000000002000022c       0x20 ./Core/Src/General.o
                0x000000002000022c                T_Table
 .data.CurrentMenuItem
                0x000000002000024c        0x4 ./Core/Src/MicroMenu2_1.o
 .data.russ     0x0000000020000250       0x20 ./Core/Src/hd44780_driver.o
                0x0000000020000250                russ
 .data.ChargeDischargeStatus
                0x0000000020000270        0x1 ./Core/Src/main.o
                0x0000000020000270                ChargeDischargeStatus
 *fill*         0x0000000020000271        0x3 
 .data.OutStateAfterPowerUp
                0x0000000020000274        0x4 ./Core/Src/main.o
                0x0000000020000274                OutStateAfterPowerUp
 .data.ResistanceComp_Voltage.1
                0x0000000020000278        0x2 ./Core/Src/main.o
 .data.Version  0x000000002000027a       0x11 ./Core/Src/main.o
                0x000000002000027a                Version
 *fill*         0x000000002000028b        0x1 
 .data.SystemCoreClock
                0x000000002000028c        0x4 ./Core/Src/system_stm32f1xx.o
                0x000000002000028c                SystemCoreClock
                0x0000000020000290                . = ALIGN (0x4)
                0x0000000020000290                _edata = .

.igot.plt       0x0000000020000290        0x0 load address 0x0000000008007018
 .igot.plt      0x0000000020000290        0x0 c:/st/stm32cubeide_1.9.0/stm32cubeide/plugins/com.st.stm32cube.ide.mcu.externaltools.gnu-tools-for-stm32.10.3-2021.10.win32_1.0.0.202111181127/tools/bin/../lib/gcc/arm-none-eabi/10.3.1/thumb/v7-m/nofp/crtbegin.o
                0x0000000020000290                . = ALIGN (0x4)

.bss            0x0000000020000290      0x790 load address 0x0000000008007018
                0x0000000020000290                _sbss = .
                0x0000000020000290                __bss_start__ = _sbss
 *(.bss)
 .bss           0x0000000020000290       0x1c c:/st/stm32cubeide_1.9.0/stm32cubeide/plugins/com.st.stm32cube.ide.mcu.externaltools.gnu-tools-for-stm32.10.3-2021.10.win32_1.0.0.202111181127/tools/bin/../lib/gcc/arm-none-eabi/10.3.1/thumb/v7-m/nofp/crtbegin.o
 *(.bss*)
 .bss.Count1000mSecond
                0x00000000200002ac        0x2 ./Core/Src/General.o
                0x00000000200002ac                Count1000mSecond
 .bss.Count100mSecond
                0x00000000200002ae        0x2 ./Core/Src/General.o
                0x00000000200002ae                Count100mSecond
 .bss.Count10mSecond
                0x00000000200002b0        0x2 ./Core/Src/General.o
                0x00000000200002b0                Count10mSecond
 .bss.U_OUT_ForSetResistance
                0x00000000200002b2        0x2 ./Core/Src/General.o
                0x00000000200002b2                U_OUT_ForSetResistance
 .bss.bufferUart1
                0x00000000200002b4      0x45c ./Core/Src/General.o
                0x00000000200002b4                bufferUart1
 .bss.InputValueI1.9
                0x0000000020000710        0xc ./Core/Src/Lib.o
 .bss.InputValueI2.8
                0x000000002000071c        0xc ./Core/Src/Lib.o
 .bss.InputValueU1.7
                0x0000000020000728        0xc ./Core/Src/Lib.o
 .bss.InputValueU2.6
                0x0000000020000734        0xc ./Core/Src/Lib.o
 .bss.InputValueU3.5
                0x0000000020000740        0xc ./Core/Src/Lib.o
 .bss.s1.10     0x000000002000074c       0x11 ./Core/Src/Lib.o
 .bss.s1.11     0x000000002000075d       0x10 ./Core/Src/Lib.o
 *fill*         0x000000002000076d        0x3 
 .bss.MenuWriteFunc
                0x0000000020000770        0x4 ./Core/Src/MicroMenu2_1.o
 .bss.pos_x     0x0000000020000774        0x1 ./Core/Src/hd44780_driver.o
                0x0000000020000774                pos_x
 .bss.pos_y     0x0000000020000775        0x1 ./Core/Src/hd44780_driver.o
                0x0000000020000775                pos_y
 *fill*         0x0000000020000776        0x2 
 .bss.BatteryCapacityCharge
                0x0000000020000778        0x4 ./Core/Src/main.o
                0x0000000020000778                BatteryCapacityCharge
 .bss.BatteryCapacityDischargeCurrent
                0x000000002000077c        0x4 ./Core/Src/main.o
                0x000000002000077c                BatteryCapacityDischargeCurrent
 .bss.BatteryCapacityDischargeCurrentAfterPOwerUp
                0x0000000020000780        0x4 ./Core/Src/main.o
                0x0000000020000780                BatteryCapacityDischargeCurrentAfterPOwerUp
 .bss.BatteryLow
                0x0000000020000784        0x1 ./Core/Src/main.o
                0x0000000020000784                BatteryLow
 .bss.Blink_message_counter
                0x0000000020000785        0x1 ./Core/Src/main.o
                0x0000000020000785                Blink_message_counter
 .bss.ChargeDischargeState
                0x0000000020000786        0x1 ./Core/Src/main.o
                0x0000000020000786                ChargeDischargeState
 .bss.ChargeStatusForTimer
                0x0000000020000787        0x1 ./Core/Src/main.o
                0x0000000020000787                ChargeStatusForTimer
 .bss.ChargeTimeSec
                0x0000000020000788        0x4 ./Core/Src/main.o
                0x0000000020000788                ChargeTimeSec
 .bss.CheckingCapacityCounter
                0x000000002000078c        0x1 ./Core/Src/main.o
                0x000000002000078c                CheckingCapacityCounter
 .bss.CountShow
                0x000000002000078d        0x1 ./Core/Src/main.o
                0x000000002000078d                CountShow
 .bss.CountShow1
                0x000000002000078e        0x1 ./Core/Src/main.o
                0x000000002000078e                CountShow1
 .bss.CountShowBT
                0x000000002000078f        0x1 ./Core/Src/main.o
                0x000000002000078f                CountShowBT
 .bss.DisChargeStatusForTimer
                0x0000000020000790        0x1 ./Core/Src/main.o
                0x0000000020000790                DisChargeStatusForTimer
 *fill*         0x0000000020000791        0x3 
 .bss.DischargeTimeSec
                0x0000000020000794        0x4 ./Core/Src/main.o
                0x0000000020000794                DischargeTimeSec
 .bss.DischargeTimeSec_Previous
                0x0000000020000798        0x4 ./Core/Src/main.o
                0x0000000020000798                DischargeTimeSec_Previous
 .bss.EnterInMenu_Status
                0x000000002000079c        0x1 ./Core/Src/main.o
                0x000000002000079c                EnterInMenu_Status
 .bss.InitiStatus
                0x000000002000079d        0x1 ./Core/Src/main.o
                0x000000002000079d                InitiStatus
 .bss.On_off    0x000000002000079e        0x1 ./Core/Src/main.o
                0x000000002000079e                On_off
 *fill*         0x000000002000079f        0x1 
 .bss.PowerOffTimesec
                0x00000000200007a0        0x4 ./Core/Src/main.o
                0x00000000200007a0                PowerOffTimesec
 .bss.Status_Out
                0x00000000200007a4        0x1 ./Core/Src/main.o
                0x00000000200007a4                Status_Out
 .bss.Status_Timer_Sec
                0x00000000200007a5        0x1 ./Core/Src/main.o
                0x00000000200007a5                Status_Timer_Sec
 *fill*         0x00000000200007a6        0x2 
 .bss.SumI1     0x00000000200007a8        0x4 ./Core/Src/main.o
                0x00000000200007a8                SumI1
 .bss.SumI1Counter
                0x00000000200007ac        0x2 ./Core/Src/main.o
                0x00000000200007ac                SumI1Counter
 *fill*         0x00000000200007ae        0x2 
 .bss.SumI2     0x00000000200007b0        0x4 ./Core/Src/main.o
                0x00000000200007b0                SumI2
 .bss.SumI2Counter
                0x00000000200007b4        0x2 ./Core/Src/main.o
                0x00000000200007b4                SumI2Counter
 *fill*         0x00000000200007b6        0x2 
 .bss.SumU1     0x00000000200007b8        0x4 ./Core/Src/main.o
                0x00000000200007b8                SumU1
 .bss.SumU1Counter
                0x00000000200007bc        0x2 ./Core/Src/main.o
                0x00000000200007bc                SumU1Counter
 *fill*         0x00000000200007be        0x2 
 .bss.SumU2     0x00000000200007c0        0x4 ./Core/Src/main.o
                0x00000000200007c0                SumU2
 .bss.SumU2Counter
                0x00000000200007c4        0x2 ./Core/Src/main.o
                0x00000000200007c4                SumU2Counter
 *fill*         0x00000000200007c6        0x2 
 .bss.TimerForReadyMeasurement_ms
                0x00000000200007c8        0x4 ./Core/Src/main.o
                0x00000000200007c8                TimerForReadyMeasurement_ms
 .bss.Timer_Sec
                0x00000000200007cc        0x4 ./Core/Src/main.o
                0x00000000200007cc                Timer_Sec
 .bss.U_BatteryTmp
                0x00000000200007d0        0x2 ./Core/Src/main.o
                0x00000000200007d0                U_BatteryTmp
 *fill*         0x00000000200007d2        0x2 
 .bss.U_Battery_Timer
                0x00000000200007d4        0x4 ./Core/Src/main.o
                0x00000000200007d4                U_Battery_Timer
 .bss.U_OUTtmp  0x00000000200007d8        0x4 ./Core/Src/main.o
                0x00000000200007d8                U_OUTtmp
 .bss.comp      0x00000000200007dc        0x2 ./Core/Src/main.o
                0x00000000200007dc                comp
 .bss.i_LogItems
                0x00000000200007de        0x2 ./Core/Src/main.o
                0x00000000200007de                i_LogItems
 .bss.pressedKey
                0x00000000200007e0        0x1 ./Core/Src/main.o
                0x00000000200007e0                pressedKey
 *fill*         0x00000000200007e1        0x3 
 .bss.time_sec  0x00000000200007e4        0x4 ./Core/Src/main.o
                0x00000000200007e4                time_sec
 *(COMMON)
 COMMON         0x00000000200007e8      0x22c ./Core/Src/Eeprom.o
                0x00000000200007e8                Current_x50
                0x00000000200007ea                U_12V
                0x00000000200007ec                Temperature
                0x00000000200007f0                Current_RAW
                0x00000000200007f4                Temp_R_A_B
                0x0000000020000854                U_IN
                0x0000000020000856                Current
                0x0000000020000858                Current_x1
                0x000000002000085a                RegularConvData
                0x000000002000086a                U_Controller
                0x000000002000086c                U_OUT
                0x0000000020000870                Rt
                0x0000000020000874                U_PS
                0x0000000020000878                LoggingData
 COMMON         0x0000000020000a14        0xc ./Core/Src/main.o
                0x0000000020000a14                SelectedOptionValue1
                0x0000000020000a18                ChargeDurationSec
                0x0000000020000a1c                SelectedOptionValue
                0x0000000020000a20                . = ALIGN (0x4)
                0x0000000020000a20                _ebss = .
                0x0000000020000a20                __bss_end__ = _ebss

._user_heap_stack
                0x0000000020000a20      0x600 load address 0x0000000008007018
                0x0000000020000a20                . = ALIGN (0x8)
                [!provide]                        PROVIDE (end = .)
                0x0000000020000a20                PROVIDE (_end = .)
                0x0000000020000c20                . = (. + _Min_Heap_Size)
 *fill*         0x0000000020000a20      0x200 
                0x0000000020001020                . = (. + _Min_Stack_Size)
 *fill*         0x0000000020000c20      0x400 
                0x0000000020001020                . = ALIGN (0x8)

/DISCARD/
 libc.a(*)
 libm.a(*)
 libgcc.a(*)

.ARM.attributes
                0x0000000000000000       0x29
 *(.ARM.attributes)
 .ARM.attributes
                0x0000000000000000       0x1d c:/st/stm32cubeide_1.9.0/stm32cubeide/plugins/com.st.stm32cube.ide.mcu.externaltools.gnu-tools-for-stm32.10.3-2021.10.win32_1.0.0.202111181127/tools/bin/../lib/gcc/arm-none-eabi/10.3.1/thumb/v7-m/nofp/crti.o
 .ARM.attributes
                0x000000000000001d       0x2d c:/st/stm32cubeide_1.9.0/stm32cubeide/plugins/com.st.stm32cube.ide.mcu.externaltools.gnu-tools-for-stm32.10.3-2021.10.win32_1.0.0.202111181127/tools/bin/../lib/gcc/arm-none-eabi/10.3.1/thumb/v7-m/nofp/crtbegin.o
 .ARM.attributes
                0x000000000000004a       0x2d ./Core/Src/Eeprom.o
 .ARM.attributes
                0x0000000000000077       0x2d ./Core/Src/General.o
 .ARM.attributes
                0x00000000000000a4       0x2d ./Core/Src/Lib.o
 .ARM.attributes
                0x00000000000000d1       0x2d ./Core/Src/MicroMenu2_1.o
 .ARM.attributes
                0x00000000000000fe       0x2d ./Core/Src/hd44780_driver.o
 .ARM.attributes
                0x000000000000012b       0x2d ./Core/Src/main.o
 .ARM.attributes
                0x0000000000000158       0x2d ./Core/Src/stm32f1xx_it.o
 .ARM.attributes
                0x0000000000000185       0x2d ./Core/Src/system_stm32f1xx.o
 .ARM.attributes
                0x00000000000001b2       0x2d ./Core/Src/usart.o
 .ARM.attributes
                0x00000000000001df       0x21 ./Core/Startup/startup_stm32f100c8tx.o
 .ARM.attributes
                0x0000000000000200       0x2d ./Drivers/STM32F1xx_HAL_Driver/Src/stm32f1xx_ll_adc.o
 .ARM.attributes
                0x000000000000022d       0x2d ./Drivers/STM32F1xx_HAL_Driver/Src/stm32f1xx_ll_gpio.o
 .ARM.attributes
                0x000000000000025a       0x2d ./Drivers/STM32F1xx_HAL_Driver/Src/stm32f1xx_ll_rcc.o
 .ARM.attributes
                0x0000000000000287       0x2d ./Drivers/STM32F1xx_HAL_Driver/Src/stm32f1xx_ll_usart.o
 .ARM.attributes
                0x00000000000002b4       0x2d ./Drivers/STM32F1xx_HAL_Driver/Src/stm32f1xx_ll_utils.o
 .ARM.attributes
                0x00000000000002e1       0x2d c:/st/stm32cubeide_1.9.0/stm32cubeide/plugins/com.st.stm32cube.ide.mcu.externaltools.gnu-tools-for-stm32.10.3-2021.10.win32_1.0.0.202111181127/tools/bin/../lib/gcc/arm-none-eabi/10.3.1/../../../../arm-none-eabi/lib/thumb/v7-m/nofp\libc_nano.a(lib_a-init.o)
 .ARM.attributes
                0x000000000000030e       0x2d c:/st/stm32cubeide_1.9.0/stm32cubeide/plugins/com.st.stm32cube.ide.mcu.externaltools.gnu-tools-for-stm32.10.3-2021.10.win32_1.0.0.202111181127/tools/bin/../lib/gcc/arm-none-eabi/10.3.1/../../../../arm-none-eabi/lib/thumb/v7-m/nofp\libc_nano.a(lib_a-memcpy-stub.o)
 .ARM.attributes
                0x000000000000033b       0x2d c:/st/stm32cubeide_1.9.0/stm32cubeide/plugins/com.st.stm32cube.ide.mcu.externaltools.gnu-tools-for-stm32.10.3-2021.10.win32_1.0.0.202111181127/tools/bin/../lib/gcc/arm-none-eabi/10.3.1/../../../../arm-none-eabi/lib/thumb/v7-m/nofp\libc_nano.a(lib_a-memset.o)
 .ARM.attributes
                0x0000000000000368       0x1d c:/st/stm32cubeide_1.9.0/stm32cubeide/plugins/com.st.stm32cube.ide.mcu.externaltools.gnu-tools-for-stm32.10.3-2021.10.win32_1.0.0.202111181127/tools/bin/../lib/gcc/arm-none-eabi/10.3.1/thumb/v7-m/nofp/crtn.o
OUTPUT(PS15V05A.elf elf32-littlearm)
LOAD linker stubs
LOAD c:/st/stm32cubeide_1.9.0/stm32cubeide/plugins/com.st.stm32cube.ide.mcu.externaltools.gnu-tools-for-stm32.10.3-2021.10.win32_1.0.0.202111181127/tools/bin/../lib/gcc/arm-none-eabi/10.3.1/../../../../arm-none-eabi/lib/thumb/v7-m/nofp\libc.a
LOAD c:/st/stm32cubeide_1.9.0/stm32cubeide/plugins/com.st.stm32cube.ide.mcu.externaltools.gnu-tools-for-stm32.10.3-2021.10.win32_1.0.0.202111181127/tools/bin/../lib/gcc/arm-none-eabi/10.3.1/../../../../arm-none-eabi/lib/thumb/v7-m/nofp\libm.a
LOAD c:/st/stm32cubeide_1.9.0/stm32cubeide/plugins/com.st.stm32cube.ide.mcu.externaltools.gnu-tools-for-stm32.10.3-2021.10.win32_1.0.0.202111181127/tools/bin/../lib/gcc/arm-none-eabi/10.3.1/thumb/v7-m/nofp\libgcc.a

.debug_info     0x0000000000000000    0x1197a
 .debug_info    0x0000000000000000     0x2204 ./Core/Src/Eeprom.o
 .debug_info    0x0000000000002204     0x116b ./Core/Src/General.o
 .debug_info    0x000000000000336f      0xc09 ./Core/Src/Lib.o
 .debug_info    0x0000000000003f78      0x2c5 ./Core/Src/MicroMenu2_1.o
 .debug_info    0x000000000000423d     0x11bb ./Core/Src/hd44780_driver.o
 .debug_info    0x00000000000053f8     0x832d ./Core/Src/main.o
 .debug_info    0x000000000000d725      0x8e8 ./Core/Src/stm32f1xx_it.o
 .debug_info    0x000000000000e00d      0x25a ./Core/Src/system_stm32f1xx.o
 .debug_info    0x000000000000e267      0xc0e ./Core/Src/usart.o
 .debug_info    0x000000000000ee75       0x22 ./Core/Startup/startup_stm32f100c8tx.o
 .debug_info    0x000000000000ee97      0x97e ./Drivers/STM32F1xx_HAL_Driver/Src/stm32f1xx_ll_adc.o
 .debug_info    0x000000000000f815      0x8df ./Drivers/STM32F1xx_HAL_Driver/Src/stm32f1xx_ll_gpio.o
 .debug_info    0x00000000000100f4      0x6be ./Drivers/STM32F1xx_HAL_Driver/Src/stm32f1xx_ll_rcc.o
 .debug_info    0x00000000000107b2      0x7e2 ./Drivers/STM32F1xx_HAL_Driver/Src/stm32f1xx_ll_usart.o
 .debug_info    0x0000000000010f94      0x9e6 ./Drivers/STM32F1xx_HAL_Driver/Src/stm32f1xx_ll_utils.o

.debug_abbrev   0x0000000000000000     0x277a
 .debug_abbrev  0x0000000000000000      0x3a1 ./Core/Src/Eeprom.o
 .debug_abbrev  0x00000000000003a1      0x332 ./Core/Src/General.o
 .debug_abbrev  0x00000000000006d3      0x1d4 ./Core/Src/Lib.o
 .debug_abbrev  0x00000000000008a7      0x210 ./Core/Src/MicroMenu2_1.o
 .debug_abbrev  0x0000000000000ab7      0x38a ./Core/Src/hd44780_driver.o
 .debug_abbrev  0x0000000000000e41      0x70d ./Core/Src/main.o
 .debug_abbrev  0x000000000000154e      0x1c1 ./Core/Src/stm32f1xx_it.o
 .debug_abbrev  0x000000000000170f      0x11c ./Core/Src/system_stm32f1xx.o
 .debug_abbrev  0x000000000000182b      0x29c ./Core/Src/usart.o
 .debug_abbrev  0x0000000000001ac7       0x12 ./Core/Startup/startup_stm32f100c8tx.o
 .debug_abbrev  0x0000000000001ad9      0x222 ./Drivers/STM32F1xx_HAL_Driver/Src/stm32f1xx_ll_adc.o
 .debug_abbrev  0x0000000000001cfb      0x237 ./Drivers/STM32F1xx_HAL_Driver/Src/stm32f1xx_ll_gpio.o
 .debug_abbrev  0x0000000000001f32      0x2bc ./Drivers/STM32F1xx_HAL_Driver/Src/stm32f1xx_ll_rcc.o
 .debug_abbrev  0x00000000000021ee      0x274 ./Drivers/STM32F1xx_HAL_Driver/Src/stm32f1xx_ll_usart.o
 .debug_abbrev  0x0000000000002462      0x318 ./Drivers/STM32F1xx_HAL_Driver/Src/stm32f1xx_ll_utils.o

.debug_loc      0x0000000000000000     0x51e0
 .debug_loc     0x0000000000000000      0x380 ./Core/Src/Eeprom.o
 .debug_loc     0x0000000000000380      0x519 ./Core/Src/General.o
 .debug_loc     0x0000000000000899     0x133b ./Core/Src/Lib.o
 .debug_loc     0x0000000000001bd4       0xfe ./Core/Src/MicroMenu2_1.o
 .debug_loc     0x0000000000001cd2      0x635 ./Core/Src/hd44780_driver.o
 .debug_loc     0x0000000000002307     0x14d4 ./Core/Src/main.o
 .debug_loc     0x00000000000037db       0xfe ./Core/Src/system_stm32f1xx.o
 .debug_loc     0x00000000000038d9      0x375 ./Core/Src/usart.o
 .debug_loc     0x0000000000003c4e      0x36a ./Drivers/STM32F1xx_HAL_Driver/Src/stm32f1xx_ll_adc.o
 .debug_loc     0x0000000000003fb8      0x68f ./Drivers/STM32F1xx_HAL_Driver/Src/stm32f1xx_ll_gpio.o
 .debug_loc     0x0000000000004647      0x217 ./Drivers/STM32F1xx_HAL_Driver/Src/stm32f1xx_ll_rcc.o
 .debug_loc     0x000000000000485e      0x3f2 ./Drivers/STM32F1xx_HAL_Driver/Src/stm32f1xx_ll_usart.o
 .debug_loc     0x0000000000004c50      0x590 ./Drivers/STM32F1xx_HAL_Driver/Src/stm32f1xx_ll_utils.o

.debug_aranges  0x0000000000000000      0x798
 .debug_aranges
                0x0000000000000000       0xe8 ./Core/Src/Eeprom.o
 .debug_aranges
                0x00000000000000e8       0x50 ./Core/Src/General.o
 .debug_aranges
                0x0000000000000138       0xc8 ./Core/Src/Lib.o
 .debug_aranges
                0x0000000000000200       0x38 ./Core/Src/MicroMenu2_1.o
 .debug_aranges
                0x0000000000000238       0xa8 ./Core/Src/hd44780_driver.o
 .debug_aranges
                0x00000000000002e0      0x240 ./Core/Src/main.o
 .debug_aranges
                0x0000000000000520       0x50 ./Core/Src/stm32f1xx_it.o
 .debug_aranges
                0x0000000000000570       0x28 ./Core/Src/system_stm32f1xx.o
 .debug_aranges
                0x0000000000000598       0x60 ./Core/Src/usart.o
 .debug_aranges
                0x00000000000005f8       0x28 ./Core/Startup/startup_stm32f100c8tx.o
 .debug_aranges
                0x0000000000000620       0x68 ./Drivers/STM32F1xx_HAL_Driver/Src/stm32f1xx_ll_adc.o
 .debug_aranges
                0x0000000000000688       0x30 ./Drivers/STM32F1xx_HAL_Driver/Src/stm32f1xx_ll_gpio.o
 .debug_aranges
                0x00000000000006b8       0x58 ./Drivers/STM32F1xx_HAL_Driver/Src/stm32f1xx_ll_rcc.o
 .debug_aranges
                0x0000000000000710       0x40 ./Drivers/STM32F1xx_HAL_Driver/Src/stm32f1xx_ll_usart.o
 .debug_aranges
                0x0000000000000750       0x48 ./Drivers/STM32F1xx_HAL_Driver/Src/stm32f1xx_ll_utils.o

.debug_ranges   0x0000000000000000     0x1080
 .debug_ranges  0x0000000000000000      0x138 ./Core/Src/Eeprom.o
 .debug_ranges  0x0000000000000138       0x90 ./Core/Src/General.o
 .debug_ranges  0x00000000000001c8       0xb8 ./Core/Src/Lib.o
 .debug_ranges  0x0000000000000280       0x40 ./Core/Src/MicroMenu2_1.o
 .debug_ranges  0x00000000000002c0       0xb8 ./Core/Src/hd44780_driver.o
 .debug_ranges  0x0000000000000378      0x800 ./Core/Src/main.o
 .debug_ranges  0x0000000000000b78       0x40 ./Core/Src/stm32f1xx_it.o
 .debug_ranges  0x0000000000000bb8       0x18 ./Core/Src/system_stm32f1xx.o
 .debug_ranges  0x0000000000000bd0       0x68 ./Core/Src/usart.o
 .debug_ranges  0x0000000000000c38       0x20 ./Core/Startup/startup_stm32f100c8tx.o
 .debug_ranges  0x0000000000000c58       0x88 ./Drivers/STM32F1xx_HAL_Driver/Src/stm32f1xx_ll_adc.o
 .debug_ranges  0x0000000000000ce0       0x68 ./Drivers/STM32F1xx_HAL_Driver/Src/stm32f1xx_ll_gpio.o
 .debug_ranges  0x0000000000000d48       0xe0 ./Drivers/STM32F1xx_HAL_Driver/Src/stm32f1xx_ll_rcc.o
 .debug_ranges  0x0000000000000e28       0xb0 ./Drivers/STM32F1xx_HAL_Driver/Src/stm32f1xx_ll_usart.o
 .debug_ranges  0x0000000000000ed8      0x1a8 ./Drivers/STM32F1xx_HAL_Driver/Src/stm32f1xx_ll_utils.o

.debug_macro    0x0000000000000000     0xc37e
 .debug_macro   0x0000000000000000      0x162 ./Core/Src/Eeprom.o
 .debug_macro   0x0000000000000162      0xa9c ./Core/Src/Eeprom.o
 .debug_macro   0x0000000000000bfe       0x2e ./Core/Src/Eeprom.o
 .debug_macro   0x0000000000000c2c       0x22 ./Core/Src/Eeprom.o
 .debug_macro   0x0000000000000c4e       0x22 ./Core/Src/Eeprom.o
 .debug_macro   0x0000000000000c70       0x8e ./Core/Src/Eeprom.o
 .debug_macro   0x0000000000000cfe       0x51 ./Core/Src/Eeprom.o
 .debug_macro   0x0000000000000d4f      0x103 ./Core/Src/Eeprom.o
 .debug_macro   0x0000000000000e52       0x6a ./Core/Src/Eeprom.o
 .debug_macro   0x0000000000000ebc      0x1df ./Core/Src/Eeprom.o
 .debug_macro   0x000000000000109b       0x1c ./Core/Src/Eeprom.o
 .debug_macro   0x00000000000010b7       0x22 ./Core/Src/Eeprom.o
 .debug_macro   0x00000000000010d9       0xbd ./Core/Src/Eeprom.o
 .debug_macro   0x0000000000001196      0xd23 ./Core/Src/Eeprom.o
 .debug_macro   0x0000000000001eb9     0x75c9 ./Core/Src/Eeprom.o
 .debug_macro   0x0000000000009482       0x6d ./Core/Src/Eeprom.o
 .debug_macro   0x00000000000094ef      0x36d ./Core/Src/Eeprom.o
 .debug_macro   0x000000000000985c       0xf2 ./Core/Src/Eeprom.o
 .debug_macro   0x000000000000994e       0x6e ./Core/Src/Eeprom.o
 .debug_macro   0x00000000000099bc       0xca ./Core/Src/Eeprom.o
 .debug_macro   0x0000000000009a86       0x28 ./Core/Src/Eeprom.o
 .debug_macro   0x0000000000009aae       0x2a ./Core/Src/Eeprom.o
 .debug_macro   0x0000000000009ad8       0x90 ./Core/Src/Eeprom.o
 .debug_macro   0x0000000000009b68      0x287 ./Core/Src/Eeprom.o
 .debug_macro   0x0000000000009def      0x1bb ./Core/Src/Eeprom.o
 .debug_macro   0x0000000000009faa      0x22a ./Core/Src/Eeprom.o
 .debug_macro   0x000000000000a1d4      0x12d ./Core/Src/Eeprom.o
 .debug_macro   0x000000000000a301       0x4c ./Core/Src/Eeprom.o
 .debug_macro   0x000000000000a34d       0x26 ./Core/Src/Eeprom.o
 .debug_macro   0x000000000000a373      0x170 ./Core/Src/General.o
 .debug_macro   0x000000000000a4e3      0x367 ./Core/Src/General.o
 .debug_macro   0x000000000000a84a       0xc5 ./Core/Src/Lib.o
 .debug_macro   0x000000000000a90f       0x29 ./Core/Src/MicroMenu2_1.o
 .debug_macro   0x000000000000a938      0x174 ./Core/Src/MicroMenu2_1.o
 .debug_macro   0x000000000000aaac       0x22 ./Core/Src/MicroMenu2_1.o
 .debug_macro   0x000000000000aace      0x162 ./Core/Src/hd44780_driver.o
 .debug_macro   0x000000000000ac30       0x46 ./Core/Src/hd44780_driver.o
 .debug_macro   0x000000000000ac76      0x20a ./Core/Src/main.o
 .debug_macro   0x000000000000ae80      0x80f ./Core/Src/main.o
 .debug_macro   0x000000000000b68f       0x22 ./Core/Src/main.o
 .debug_macro   0x000000000000b6b1      0x180 ./Core/Src/stm32f1xx_it.o
 .debug_macro   0x000000000000b831       0xbb ./Core/Src/system_stm32f1xx.o
 .debug_macro   0x000000000000b8ec      0x16e ./Core/Src/usart.o
 .debug_macro   0x000000000000ba5a      0x127 ./Drivers/STM32F1xx_HAL_Driver/Src/stm32f1xx_ll_adc.o
 .debug_macro   0x000000000000bb81       0xf7 ./Drivers/STM32F1xx_HAL_Driver/Src/stm32f1xx_ll_gpio.o
 .debug_macro   0x000000000000bc78      0x224 ./Drivers/STM32F1xx_HAL_Driver/Src/stm32f1xx_ll_gpio.o
 .debug_macro   0x000000000000be9c       0xd6 ./Drivers/STM32F1xx_HAL_Driver/Src/stm32f1xx_ll_rcc.o
 .debug_macro   0x000000000000bf72      0x12a ./Drivers/STM32F1xx_HAL_Driver/Src/stm32f1xx_ll_usart.o
 .debug_macro   0x000000000000c09c      0x1b5 ./Drivers/STM32F1xx_HAL_Driver/Src/stm32f1xx_ll_usart.o
 .debug_macro   0x000000000000c251      0x12d ./Drivers/STM32F1xx_HAL_Driver/Src/stm32f1xx_ll_utils.o

.debug_line     0x0000000000000000     0xb7c8
 .debug_line    0x0000000000000000     0x10d1 ./Core/Src/Eeprom.o
 .debug_line    0x00000000000010d1      0xd01 ./Core/Src/General.o
 .debug_line    0x0000000000001dd2     0x1030 ./Core/Src/Lib.o
 .debug_line    0x0000000000002e02      0x1fc ./Core/Src/MicroMenu2_1.o
 .debug_line    0x0000000000002ffe      0xc51 ./Core/Src/hd44780_driver.o
 .debug_line    0x0000000000003c4f     0x3cc2 ./Core/Src/main.o
 .debug_line    0x0000000000007911      0x6e4 ./Core/Src/stm32f1xx_it.o
 .debug_line    0x0000000000007ff5      0x4e4 ./Core/Src/system_stm32f1xx.o
 .debug_line    0x00000000000084d9      0xa2d ./Core/Src/usart.o
 .debug_line    0x0000000000008f06       0x84 ./Core/Startup/startup_stm32f100c8tx.o
 .debug_line    0x0000000000008f8a      0x791 ./Drivers/STM32F1xx_HAL_Driver/Src/stm32f1xx_ll_adc.o
 .debug_line    0x000000000000971b      0x7e1 ./Drivers/STM32F1xx_HAL_Driver/Src/stm32f1xx_ll_gpio.o
 .debug_line    0x0000000000009efc      0x7ef ./Drivers/STM32F1xx_HAL_Driver/Src/stm32f1xx_ll_rcc.o
 .debug_line    0x000000000000a6eb      0x78b ./Drivers/STM32F1xx_HAL_Driver/Src/stm32f1xx_ll_usart.o
 .debug_line    0x000000000000ae76      0x952 ./Drivers/STM32F1xx_HAL_Driver/Src/stm32f1xx_ll_utils.o

.debug_str      0x0000000000000000    0x44164
 .debug_str     0x0000000000000000    0x396c3 ./Core/Src/Eeprom.o
                                      0x399e8 (size before relaxing)
 .debug_str     0x00000000000396c3      0x164 ./Core/Src/General.o
                                      0x3979c (size before relaxing)
 .debug_str     0x0000000000039827      0x214 ./Core/Src/Lib.o
                                      0x32f66 (size before relaxing)
 .debug_str     0x0000000000039a3b      0x5a8 ./Core/Src/MicroMenu2_1.o
                                       0x3368 (size before relaxing)
 .debug_str     0x0000000000039fe3      0x1dc ./Core/Src/hd44780_driver.o
                                      0x397df (size before relaxing)
 .debug_str     0x000000000003a1bf     0x6fc4 ./Core/Src/main.o
                                      0x4106e (size before relaxing)
 .debug_str     0x0000000000041183       0xe8 ./Core/Src/stm32f1xx_it.o
                                      0x3ee93 (size before relaxing)
 .debug_str     0x000000000004126b       0x66 ./Core/Src/system_stm32f1xx.o
                                      0x32ddb (size before relaxing)
 .debug_str     0x00000000000412d1       0xe6 ./Core/Src/usart.o
                                      0x3974c (size before relaxing)
 .debug_str     0x00000000000413b7       0x36 ./Core/Startup/startup_stm32f100c8tx.o
                                         0x5d (size before relaxing)
 .debug_str     0x00000000000413ed     0x12ee ./Drivers/STM32F1xx_HAL_Driver/Src/stm32f1xx_ll_adc.o
                                      0x39eb4 (size before relaxing)
 .debug_str     0x00000000000426db      0x3a0 ./Drivers/STM32F1xx_HAL_Driver/Src/stm32f1xx_ll_gpio.o
                                      0x347cb (size before relaxing)
 .debug_str     0x0000000000042a7b      0x2bf ./Drivers/STM32F1xx_HAL_Driver/Src/stm32f1xx_ll_rcc.o
                                      0x347f7 (size before relaxing)
 .debug_str     0x0000000000042d3a      0x801 ./Drivers/STM32F1xx_HAL_Driver/Src/stm32f1xx_ll_usart.o
                                      0x361ee (size before relaxing)
 .debug_str     0x000000000004353b      0xc29 ./Drivers/STM32F1xx_HAL_Driver/Src/stm32f1xx_ll_utils.o
                                      0x356c4 (size before relaxing)

.comment        0x0000000000000000       0x50
 .comment       0x0000000000000000       0x50 ./Core/Src/Eeprom.o
                                         0x51 (size before relaxing)
 .comment       0x0000000000000050       0x51 ./Core/Src/General.o
 .comment       0x0000000000000050       0x51 ./Core/Src/Lib.o
 .comment       0x0000000000000050       0x51 ./Core/Src/MicroMenu2_1.o
 .comment       0x0000000000000050       0x51 ./Core/Src/hd44780_driver.o
 .comment       0x0000000000000050       0x51 ./Core/Src/main.o
 .comment       0x0000000000000050       0x51 ./Core/Src/stm32f1xx_it.o
 .comment       0x0000000000000050       0x51 ./Core/Src/system_stm32f1xx.o
 .comment       0x0000000000000050       0x51 ./Core/Src/usart.o
 .comment       0x0000000000000050       0x51 ./Drivers/STM32F1xx_HAL_Driver/Src/stm32f1xx_ll_adc.o
 .comment       0x0000000000000050       0x51 ./Drivers/STM32F1xx_HAL_Driver/Src/stm32f1xx_ll_gpio.o
 .comment       0x0000000000000050       0x51 ./Drivers/STM32F1xx_HAL_Driver/Src/stm32f1xx_ll_rcc.o
 .comment       0x0000000000000050       0x51 ./Drivers/STM32F1xx_HAL_Driver/Src/stm32f1xx_ll_usart.o
 .comment       0x0000000000000050       0x51 ./Drivers/STM32F1xx_HAL_Driver/Src/stm32f1xx_ll_utils.o

.debug_frame    0x0000000000000000     0x1640
 .debug_frame   0x0000000000000000      0x290 ./Core/Src/Eeprom.o
 .debug_frame   0x0000000000000290      0x10c ./Core/Src/General.o
 .debug_frame   0x000000000000039c      0x220 ./Core/Src/Lib.o
 .debug_frame   0x00000000000005bc       0x60 ./Core/Src/MicroMenu2_1.o
 .debug_frame   0x000000000000061c      0x1f4 ./Core/Src/hd44780_driver.o
 .debug_frame   0x0000000000000810      0x8ec ./Core/Src/main.o
 .debug_frame   0x00000000000010fc       0xc0 ./Core/Src/stm32f1xx_it.o
 .debug_frame   0x00000000000011bc       0x38 ./Core/Src/system_stm32f1xx.o
 .debug_frame   0x00000000000011f4       0xf4 ./Core/Src/usart.o
 .debug_frame   0x00000000000012e8       0xc8 ./Drivers/STM32F1xx_HAL_Driver/Src/stm32f1xx_ll_adc.o
 .debug_frame   0x00000000000013b0       0x58 ./Drivers/STM32F1xx_HAL_Driver/Src/stm32f1xx_ll_gpio.o
 .debug_frame   0x0000000000001408       0xa0 ./Drivers/STM32F1xx_HAL_Driver/Src/stm32f1xx_ll_rcc.o
 .debug_frame   0x00000000000014a8       0x80 ./Drivers/STM32F1xx_HAL_Driver/Src/stm32f1xx_ll_usart.o
 .debug_frame   0x0000000000001528       0xa4 ./Drivers/STM32F1xx_HAL_Driver/Src/stm32f1xx_ll_utils.o
 .debug_frame   0x00000000000015cc       0x2c c:/st/stm32cubeide_1.9.0/stm32cubeide/plugins/com.st.stm32cube.ide.mcu.externaltools.gnu-tools-for-stm32.10.3-2021.10.win32_1.0.0.202111181127/tools/bin/../lib/gcc/arm-none-eabi/10.3.1/../../../../arm-none-eabi/lib/thumb/v7-m/nofp\libc_nano.a(lib_a-init.o)
 .debug_frame   0x00000000000015f8       0x28 c:/st/stm32cubeide_1.9.0/stm32cubeide/plugins/com.st.stm32cube.ide.mcu.externaltools.gnu-tools-for-stm32.10.3-2021.10.win32_1.0.0.202111181127/tools/bin/../lib/gcc/arm-none-eabi/10.3.1/../../../../arm-none-eabi/lib/thumb/v7-m/nofp\libc_nano.a(lib_a-memcpy-stub.o)
 .debug_frame   0x0000000000001620       0x20 c:/st/stm32cubeide_1.9.0/stm32cubeide/plugins/com.st.stm32cube.ide.mcu.externaltools.gnu-tools-for-stm32.10.3-2021.10.win32_1.0.0.202111181127/tools/bin/../lib/gcc/arm-none-eabi/10.3.1/../../../../arm-none-eabi/lib/thumb/v7-m/nofp\libc_nano.a(lib_a-memset.o)
