Archive member included to satisfy reference by file (symbol)

c:/st/stm32cubeide_1.6.0/stm32cubeide/plugins/com.st.stm32cube.ide.mcu.externaltools.gnu-tools-for-stm32.9-2020-q2-update.win32_1.5.0.202011040924/tools/bin/../lib/gcc/arm-none-eabi/9.3.1/../../../../arm-none-eabi/lib/thumb/v7-m/nofp\libc_nano.a(lib_a-errno.o)
                              Core/Src/syscalls.o (__errno)
c:/st/stm32cubeide_1.6.0/stm32cubeide/plugins/com.st.stm32cube.ide.mcu.externaltools.gnu-tools-for-stm32.9-2020-q2-update.win32_1.5.0.202011040924/tools/bin/../lib/gcc/arm-none-eabi/9.3.1/../../../../arm-none-eabi/lib/thumb/v7-m/nofp\libc_nano.a(lib_a-exit.o)
                              c:/st/stm32cubeide_1.6.0/stm32cubeide/plugins/com.st.stm32cube.ide.mcu.externaltools.gnu-tools-for-stm32.9-2020-q2-update.win32_1.5.0.202011040924/tools/bin/../lib/gcc/arm-none-eabi/9.3.1/../../../../arm-none-eabi/lib/thumb/v7-m/nofp/crt0.o (exit)
c:/st/stm32cubeide_1.6.0/stm32cubeide/plugins/com.st.stm32cube.ide.mcu.externaltools.gnu-tools-for-stm32.9-2020-q2-update.win32_1.5.0.202011040924/tools/bin/../lib/gcc/arm-none-eabi/9.3.1/../../../../arm-none-eabi/lib/thumb/v7-m/nofp\libc_nano.a(lib_a-impure.o)
                              c:/st/stm32cubeide_1.6.0/stm32cubeide/plugins/com.st.stm32cube.ide.mcu.externaltools.gnu-tools-for-stm32.9-2020-q2-update.win32_1.5.0.202011040924/tools/bin/../lib/gcc/arm-none-eabi/9.3.1/../../../../arm-none-eabi/lib/thumb/v7-m/nofp\libc_nano.a(lib_a-exit.o) (_global_impure_ptr)
c:/st/stm32cubeide_1.6.0/stm32cubeide/plugins/com.st.stm32cube.ide.mcu.externaltools.gnu-tools-for-stm32.9-2020-q2-update.win32_1.5.0.202011040924/tools/bin/../lib/gcc/arm-none-eabi/9.3.1/../../../../arm-none-eabi/lib/thumb/v7-m/nofp\libc_nano.a(lib_a-init.o)
                              c:/st/stm32cubeide_1.6.0/stm32cubeide/plugins/com.st.stm32cube.ide.mcu.externaltools.gnu-tools-for-stm32.9-2020-q2-update.win32_1.5.0.202011040924/tools/bin/../lib/gcc/arm-none-eabi/9.3.1/../../../../arm-none-eabi/lib/thumb/v7-m/nofp/crt0.o (__libc_init_array)
c:/st/stm32cubeide_1.6.0/stm32cubeide/plugins/com.st.stm32cube.ide.mcu.externaltools.gnu-tools-for-stm32.9-2020-q2-update.win32_1.5.0.202011040924/tools/bin/../lib/gcc/arm-none-eabi/9.3.1/../../../../arm-none-eabi/lib/thumb/v7-m/nofp\libc_nano.a(lib_a-memcpy-stub.o)
                              Core/Src/Eeprom.o (memcpy)
c:/st/stm32cubeide_1.6.0/stm32cubeide/plugins/com.st.stm32cube.ide.mcu.externaltools.gnu-tools-for-stm32.9-2020-q2-update.win32_1.5.0.202011040924/tools/bin/../lib/gcc/arm-none-eabi/9.3.1/../../../../arm-none-eabi/lib/thumb/v7-m/nofp\libc_nano.a(lib_a-memset.o)
                              c:/st/stm32cubeide_1.6.0/stm32cubeide/plugins/com.st.stm32cube.ide.mcu.externaltools.gnu-tools-for-stm32.9-2020-q2-update.win32_1.5.0.202011040924/tools/bin/../lib/gcc/arm-none-eabi/9.3.1/../../../../arm-none-eabi/lib/thumb/v7-m/nofp/crt0.o (memset)

Allocating common symbols
Common symbol       size              file

Current_x50         0x2               Core/Src/Eeprom.o
U_12V               0x2               Core/Src/Eeprom.o
Temperature         0x4               Core/Src/Eeprom.o
Current_RAW         0x2               Core/Src/Eeprom.o
Temp_R_A_B          0x60              Core/Src/Eeprom.o
U_IN                0x2               Core/Src/Eeprom.o
SelectedOptionValue1
                    0x4               Core/Src/main.o
Current             0x2               Core/Src/Eeprom.o
ChargeDurationSec   0x4               Core/Src/main.o
Current_x1          0x2               Core/Src/Eeprom.o
RegularConvData     0x10              Core/Src/Eeprom.o
U_Controller        0x2               Core/Src/Eeprom.o
SelectedOptionValue
                    0x4               Core/Src/main.o
U_OUT               0x2               Core/Src/Eeprom.o
Rt                  0x4               Core/Src/Eeprom.o
U_PS                0x2               Core/Src/Eeprom.o
LoggingData         0x19c             Core/Src/Eeprom.o

Discarded input sections

 .text          0x0000000000000000        0x0 c:/st/stm32cubeide_1.6.0/stm32cubeide/plugins/com.st.stm32cube.ide.mcu.externaltools.gnu-tools-for-stm32.9-2020-q2-update.win32_1.5.0.202011040924/tools/bin/../lib/gcc/arm-none-eabi/9.3.1/thumb/v7-m/nofp/crti.o
 .data          0x0000000000000000        0x0 c:/st/stm32cubeide_1.6.0/stm32cubeide/plugins/com.st.stm32cube.ide.mcu.externaltools.gnu-tools-for-stm32.9-2020-q2-update.win32_1.5.0.202011040924/tools/bin/../lib/gcc/arm-none-eabi/9.3.1/thumb/v7-m/nofp/crti.o
 .bss           0x0000000000000000        0x0 c:/st/stm32cubeide_1.6.0/stm32cubeide/plugins/com.st.stm32cube.ide.mcu.externaltools.gnu-tools-for-stm32.9-2020-q2-update.win32_1.5.0.202011040924/tools/bin/../lib/gcc/arm-none-eabi/9.3.1/thumb/v7-m/nofp/crti.o
[...]
Memory Configuration

Name             Origin             Length             Attributes
RAM              0x0000000020000000 0x0000000000002000 xrw
FLASH            0x0000000008000000 0x0000000000010000 xr
*default*        0x0000000000000000 0xffffffffffffffff

Linker script and memory map

LOAD c:/st/stm32cubeide_1.6.0/stm32cubeide/plugins/com.st.stm32cube.ide.mcu.externaltools.gnu-tools-for-stm32.9-2020-q2-update.win32_1.5.0.202011040924/tools/bin/../lib/gcc/arm-none-eabi/9.3.1/thumb/v7-m/nofp/crti.o
LOAD c:/st/stm32cubeide_1.6.0/stm32cubeide/plugins/com.st.stm32cube.ide.mcu.externaltools.gnu-tools-for-stm32.9-2020-q2-update.win32_1.5.0.202011040924/tools/bin/../lib/gcc/arm-none-eabi/9.3.1/thumb/v7-m/nofp/crtbegin.o
LOAD c:/st/stm32cubeide_1.6.0/stm32cubeide/plugins/com.st.stm32cube.ide.mcu.externaltools.gnu-tools-for-stm32.9-2020-q2-update.win32_1.5.0.202011040924/tools/bin/../lib/gcc/arm-none-eabi/9.3.1/../../../../arm-none-eabi/lib/thumb/v7-m/nofp/crt0.o
LOAD Core/Src/Eeprom.o
LOAD Core/Src/General.o
LOAD Core/Src/Lib.o
LOAD Core/Src/Menu.o
LOAD Core/Src/MicroMenu2_1.o
LOAD Core/Src/hd44780_driver.o
LOAD Core/Src/main.o
LOAD Core/Src/stm32f1xx_hal_msp.o
LOAD Core/Src/stm32f1xx_it.o
LOAD Core/Src/syscalls.o
LOAD Core/Src/sysmem.o
LOAD Core/Src/system_stm32f1xx.o
LOAD Core/Src/usart.o
LOAD Core/Startup/startup_stm32f100c8tx.o
LOAD Drivers/STM32F1xx_HAL_Driver/Src/stm32f1xx_ll_adc.o
LOAD Drivers/STM32F1xx_HAL_Driver/Src/stm32f1xx_ll_dma.o
LOAD Drivers/STM32F1xx_HAL_Driver/Src/stm32f1xx_ll_exti.o
LOAD Drivers/STM32F1xx_HAL_Driver/Src/stm32f1xx_ll_gpio.o
LOAD Drivers/STM32F1xx_HAL_Driver/Src/stm32f1xx_ll_pwr.o
LOAD Drivers/STM32F1xx_HAL_Driver/Src/stm32f1xx_ll_rcc.o
LOAD Drivers/STM32F1xx_HAL_Driver/Src/stm32f1xx_ll_usart.o
LOAD Drivers/STM32F1xx_HAL_Driver/Src/stm32f1xx_ll_utils.o
START GROUP
LOAD c:/st/stm32cubeide_1.6.0/stm32cubeide/plugins/com.st.stm32cube.ide.mcu.externaltools.gnu-tools-for-stm32.9-2020-q2-update.win32_1.5.0.202011040924/tools/bin/../lib/gcc/arm-none-eabi/9.3.1/../../../../arm-none-eabi/lib/thumb/v7-m/nofp\libc_nano.a
LOAD c:/st/stm32cubeide_1.6.0/stm32cubeide/plugins/com.st.stm32cube.ide.mcu.externaltools.gnu-tools-for-stm32.9-2020-q2-update.win32_1.5.0.202011040924/tools/bin/../lib/gcc/arm-none-eabi/9.3.1/../../../../arm-none-eabi/lib/thumb/v7-m/nofp\libm.a
END GROUP
START GROUP
LOAD c:/st/stm32cubeide_1.6.0/stm32cubeide/plugins/com.st.stm32cube.ide.mcu.externaltools.gnu-tools-for-stm32.9-2020-q2-update.win32_1.5.0.202011040924/tools/bin/../lib/gcc/arm-none-eabi/9.3.1/thumb/v7-m/nofp\libgcc.a
LOAD c:/st/stm32cubeide_1.6.0/stm32cubeide/plugins/com.st.stm32cube.ide.mcu.externaltools.gnu-tools-for-stm32.9-2020-q2-update.win32_1.5.0.202011040924/tools/bin/../lib/gcc/arm-none-eabi/9.3.1/../../../../arm-none-eabi/lib/thumb/v7-m/nofp\libc_nano.a
END GROUP
START GROUP
LOAD c:/st/stm32cubeide_1.6.0/stm32cubeide/plugins/com.st.stm32cube.ide.mcu.externaltools.gnu-tools-for-stm32.9-2020-q2-update.win32_1.5.0.202011040924/tools/bin/../lib/gcc/arm-none-eabi/9.3.1/thumb/v7-m/nofp\libgcc.a
LOAD c:/st/stm32cubeide_1.6.0/stm32cubeide/plugins/com.st.stm32cube.ide.mcu.externaltools.gnu-tools-for-stm32.9-2020-q2-update.win32_1.5.0.202011040924/tools/bin/../lib/gcc/arm-none-eabi/9.3.1/../../../../arm-none-eabi/lib/thumb/v7-m/nofp\libc_nano.a
LOAD c:/st/stm32cubeide_1.6.0/stm32cubeide/plugins/com.st.stm32cube.ide.mcu.externaltools.gnu-tools-for-stm32.9-2020-q2-update.win32_1.5.0.202011040924/tools/bin/../lib/gcc/arm-none-eabi/9.3.1/../../../../arm-none-eabi/lib/thumb/v7-m/nofp\libnosys.a
END GROUP
START GROUP
LOAD c:/st/stm32cubeide_1.6.0/stm32cubeide/plugins/com.st.stm32cube.ide.mcu.externaltools.gnu-tools-for-stm32.9-2020-q2-update.win32_1.5.0.202011040924/tools/bin/../lib/gcc/arm-none-eabi/9.3.1/thumb/v7-m/nofp\libgcc.a
LOAD c:/st/stm32cubeide_1.6.0/stm32cubeide/plugins/com.st.stm32cube.ide.mcu.externaltools.gnu-tools-for-stm32.9-2020-q2-update.win32_1.5.0.202011040924/tools/bin/../lib/gcc/arm-none-eabi/9.3.1/../../../../arm-none-eabi/lib/thumb/v7-m/nofp\libc_nano.a
LOAD c:/st/stm32cubeide_1.6.0/stm32cubeide/plugins/com.st.stm32cube.ide.mcu.externaltools.gnu-tools-for-stm32.9-2020-q2-update.win32_1.5.0.202011040924/tools/bin/../lib/gcc/arm-none-eabi/9.3.1/../../../../arm-none-eabi/lib/thumb/v7-m/nofp\libnosys.a
END GROUP
LOAD c:/st/stm32cubeide_1.6.0/stm32cubeide/plugins/com.st.stm32cube.ide.mcu.externaltools.gnu-tools-for-stm32.9-2020-q2-update.win32_1.5.0.202011040924/tools/bin/../lib/gcc/arm-none-eabi/9.3.1/thumb/v7-m/nofp/crtend.o
LOAD c:/st/stm32cubeide_1.6.0/stm32cubeide/plugins/com.st.stm32cube.ide.mcu.externaltools.gnu-tools-for-stm32.9-2020-q2-update.win32_1.5.0.202011040924/tools/bin/../lib/gcc/arm-none-eabi/9.3.1/thumb/v7-m/nofp/crtn.o
                0x0000000020002000                _estack = (ORIGIN (RAM) + LENGTH (RAM))
                0x0000000000000200                _Min_Heap_Size = 0x200
                0x0000000000000400                _Min_Stack_Size = 0x400

.isr_vector     0x0000000008000000      0x1d0
                0x0000000008000000                . = ALIGN (0x4)
 *(.isr_vector)
 .isr_vector    0x0000000008000000      0x1d0 Core/Startup/startup_stm32f100c8tx.o
                0x0000000008000000                g_pfnVectors
                0x00000000080001d0                . = ALIGN (0x4)

.text           0x00000000080001d0     0x58fc
                0x00000000080001d0                . = ALIGN (0x4)
 *(.text)
 .text          0x00000000080001d0       0x40 c:/st/stm32cubeide_1.6.0/stm32cubeide/plugins/com.st.stm32cube.ide.mcu.externaltools.gnu-tools-for-stm32.9-2020-q2-update.win32_1.5.0.202011040924/tools/bin/../lib/gcc/arm-none-eabi/9.3.1/thumb/v7-m/nofp/crtbegin.o
 *(.text*)
 .text.flash_erase_page
                0x0000000008000210       0x40 Core/Src/Eeprom.o
                0x0000000008000210                flash_erase_page
 .text.flash_unlock
                0x0000000008000250       0x18 Core/Src/Eeprom.o
                0x0000000008000250                flash_unlock
 .text.flash_lock
                0x0000000008000268       0x10 Core/Src/Eeprom.o
                0x0000000008000268                flash_lock
 .text.flash_write
                0x0000000008000278       0x4c Core/Src/Eeprom.o
                0x0000000008000278                flash_write
 .text.flash_write_block
                0x00000000080002c4       0x64 Core/Src/Eeprom.o
                0x00000000080002c4                flash_write_block
 .text.flash_read_block
                0x0000000008000328       0x24 Core/Src/Eeprom.o
                0x0000000008000328                flash_read_block
 .text.flash_read
                0x000000000800034c       0x64 Core/Src/Eeprom.o
                0x000000000800034c                flash_read
 .text.CalibrationWriteToFlash
                0x00000000080003b0       0x74 Core/Src/Eeprom.o
                0x00000000080003b0                CalibrationWriteToFlash
 .text.CalibrationFactoryWriteToFlash
                0x0000000008000424       0x74 Core/Src/Eeprom.o
                0x0000000008000424                CalibrationFactoryWriteToFlash
 .text.CalibrationReadFromFlash
                0x0000000008000498       0xa8 Core/Src/Eeprom.o
                0x0000000008000498                CalibrationReadFromFlash
 .text.CalibrationReadFromFlashForVerify
                0x0000000008000540       0xa8 Core/Src/Eeprom.o
                0x0000000008000540                CalibrationReadFromFlashForVerify
 .text.SettingsWriteToFlash
                0x00000000080005e8       0x6c Core/Src/Eeprom.o
                0x00000000080005e8                SettingsWriteToFlash
 .text.SettingsFactoryWriteToFlash
                0x0000000008000654       0x6c Core/Src/Eeprom.o
                0x0000000008000654                SettingsFactoryWriteToFlash
 .text.SettingsReadFromFlash
                0x00000000080006c0       0x98 Core/Src/Eeprom.o
                0x00000000080006c0                SettingsReadFromFlash
 .text.SettingsReadFromFlashForVerify
                0x0000000008000758       0x98 Core/Src/Eeprom.o
                0x0000000008000758                SettingsReadFromFlashForVerify
 .text.DataWhenPowerOffWriteToFlash
                0x00000000080007f0       0x5c Core/Src/Eeprom.o
                0x00000000080007f0                DataWhenPowerOffWriteToFlash
 .text.DataWhenPowerOff_Factory_WriteToFlash
                0x000000000800084c       0x44 Core/Src/Eeprom.o
                0x000000000800084c                DataWhenPowerOff_Factory_WriteToFlash
 .text.DataWhenPowerOffReadFromFlash
                0x0000000008000890       0x58 Core/Src/Eeprom.o
                0x0000000008000890                DataWhenPowerOffReadFromFlash
 .text.DataWhenPowerOffReadFromFlashForVerify
                0x00000000080008e8       0x58 Core/Src/Eeprom.o
                0x00000000080008e8                DataWhenPowerOffReadFromFlashForVerify
 .text.ReadFromFlash
                0x0000000008000940       0x50 Core/Src/Eeprom.o
                0x0000000008000940                ReadFromFlash
 .text.CalcCRC8
                0x0000000008000990       0x34 Core/Src/Eeprom.o
                0x0000000008000990                CalcCRC8
 .text.CalibrationWriteToFlash_CRC
                0x00000000080009c4       0x6c Core/Src/Eeprom.o
                0x00000000080009c4                CalibrationWriteToFlash_CRC
 .text.SettingsWriteToFlash_CRC
                0x0000000008000a30       0xb4 Core/Src/Eeprom.o
                0x0000000008000a30                SettingsWriteToFlash_CRC
 .text.DataWhenPowerOffWriteToFlash_CRC
                0x0000000008000ae4       0x90 Core/Src/Eeprom.o
                0x0000000008000ae4                DataWhenPowerOffWriteToFlash_CRC
 .text.FactoryWriteToFlash_CRC
                0x0000000008000b74      0x16c Core/Src/Eeprom.o
                0x0000000008000b74                FactoryWriteToFlash_CRC
 .text.Generation_Coefficients_R_A_B
                0x0000000008000ce0       0x6c Core/Src/General.o
                0x0000000008000ce0                Generation_Coefficients_R_A_B
 .text.GetTemperature
                0x0000000008000d4c       0x4c Core/Src/General.o
                0x0000000008000d4c                GetTemperature
 .text.WriteInLOG
                0x0000000008000d98      0x18c Core/Src/General.o
                0x0000000008000d98                WriteInLOG
 .text.WriteInLOGc
                0x0000000008000f24      0x190 Core/Src/General.o
                0x0000000008000f24                WriteInLOGc
 .text.delay_us
                0x00000000080010b4       0x70 Core/Src/General.o
                0x00000000080010b4                delay_us
 .text.delay_ms
                0x0000000008001124       0x1e Core/Src/General.o
                0x0000000008001124                delay_ms
 *fill*         0x0000000008001142        0x2 
 .text.InfoToUARTBeforeStart
                0x0000000008001144      0x218 Core/Src/General.o
                0x0000000008001144                InfoToUARTBeforeStart
 .text.itoa     0x000000000800135c       0x78 Core/Src/Lib.o
                0x000000000800135c                itoa
 .text.itoaP    0x00000000080013d4       0x76 Core/Src/Lib.o
                0x00000000080013d4                itoaP
 *fill*         0x000000000800144a        0x2 
 .text.itoa_koma
                0x000000000800144c       0xd0 Core/Src/Lib.o
                0x000000000800144c                itoa_koma
 .text.itoa_komaP
                0x000000000800151c       0xd0 Core/Src/Lib.o
                0x000000000800151c                itoa_komaP
 .text.Module16
                0x00000000080015ec        0xc Core/Src/Lib.o
                0x00000000080015ec                Module16
 .text.strlen1  0x00000000080015f8       0x10 Core/Src/Lib.o
                0x00000000080015f8                strlen1
 .text.Merge2Strings
                0x0000000008001608       0x2c Core/Src/Lib.o
                0x0000000008001608                Merge2Strings
 .text.Merge3Strings
                0x0000000008001634       0x46 Core/Src/Lib.o
                0x0000000008001634                Merge3Strings
 .text.ClockStringWithSec
                0x000000000800167a       0xe6 Core/Src/Lib.o
                0x000000000800167a                ClockStringWithSec
 .text.ClockStringNoSec
                0x0000000008001760       0x96 Core/Src/Lib.o
                0x0000000008001760                ClockStringNoSec
 *fill*         0x00000000080017f6        0x2 
 .text.middle_of_3Imax1
                0x00000000080017f8       0x38 Core/Src/Lib.o
                0x00000000080017f8                middle_of_3Imax1
 .text.middle_of_3Imax2
                0x0000000008001830       0x38 Core/Src/Lib.o
                0x0000000008001830                middle_of_3Imax2
 .text.middle_of_3Umax1
                0x0000000008001868       0x38 Core/Src/Lib.o
                0x0000000008001868                middle_of_3Umax1
 .text.middle_of_3Umax2
                0x00000000080018a0       0x38 Core/Src/Lib.o
                0x00000000080018a0                middle_of_3Umax2
 .text.middle_of_3Umax3
                0x00000000080018d8       0x38 Core/Src/Lib.o
                0x00000000080018d8                middle_of_3Umax3
 .text.RunningAverageI1
                0x0000000008001910        0x2 Core/Src/Lib.o
                0x0000000008001910                RunningAverageI1
 .text.RunningAverageI2
                0x0000000008001912        0x2 Core/Src/Lib.o
                0x0000000008001912                RunningAverageI2
 .text.RunningAverageU1
                0x0000000008001914        0x2 Core/Src/Lib.o
                0x0000000008001914                RunningAverageU1
 .text.RunningAverageU2
                0x0000000008001916        0x2 Core/Src/Lib.o
                0x0000000008001916                RunningAverageU2
 .text.Menu_GetCurrentMenu
                0x0000000008001918        0xc Core/Src/MicroMenu2_1.o
                0x0000000008001918                Menu_GetCurrentMenu
 .text.Menu_Navigate
                0x0000000008001924       0x34 Core/Src/MicroMenu2_1.o
                0x0000000008001924                Menu_Navigate
 .text.Menu_SetGenericWriteCallback
                0x0000000008001958       0x14 Core/Src/MicroMenu2_1.o
                0x0000000008001958                Menu_SetGenericWriteCallback
 .text.Menu_SelectItem
                0x000000000800196c       0x1c Core/Src/MicroMenu2_1.o
                0x000000000800196c                Menu_SelectItem
 .text.strobe   0x0000000008001988       0x24 Core/Src/hd44780_driver.o
                0x0000000008001988                strobe
 .text.lcd_set_4bit_mode
                0x00000000080019ac       0x44 Core/Src/hd44780_driver.o
                0x00000000080019ac                lcd_set_4bit_mode
 .text.lcd_send
                0x00000000080019f0       0x9c Core/Src/hd44780_driver.o
                0x00000000080019f0                lcd_send
 .text.lcd_set_user_char
                0x0000000008001a8c       0x32 Core/Src/hd44780_driver.o
                0x0000000008001a8c                lcd_set_user_char
 *fill*         0x0000000008001abe        0x2 
 .text.SetSymbols
                0x0000000008001ac0       0xb0 Core/Src/hd44780_driver.o
                0x0000000008001ac0                SetSymbols
 .text.lcd_set_xy
                0x0000000008001b70       0x24 Core/Src/hd44780_driver.o
                0x0000000008001b70                lcd_set_xy
 .text.lcd_out  0x0000000008001b94       0x2c Core/Src/hd44780_driver.o
                0x0000000008001b94                lcd_out
 .text.LcdOutbyNumber
                0x0000000008001bc0        0x8 Core/Src/hd44780_driver.o
                0x0000000008001bc0                LcdOutbyNumber
 .text.LcdOut   0x0000000008001bc8       0x84 Core/Src/hd44780_driver.o
                0x0000000008001bc8                LcdOut
 .text.lcd_clear
                0x0000000008001c4c        0x8 Core/Src/hd44780_driver.o
                0x0000000008001c4c                lcd_clear
 .text.lcd_init
                0x0000000008001c54       0x1c Core/Src/hd44780_driver.o
                0x0000000008001c54                lcd_init
 .text.PrintToLCD
                0x0000000008001c70        0x6 Core/Src/hd44780_driver.o
                0x0000000008001c70                PrintToLCD
 .text.PrintToLCD_xy
                0x0000000008001c76       0x18 Core/Src/hd44780_driver.o
                0x0000000008001c76                PrintToLCD_xy
 .text.InitLCD  0x0000000008001c8e       0x16 Core/Src/hd44780_driver.o
                0x0000000008001c8e                InitLCD
 .text.LL_APB2_GRP1_EnableClock
                0x0000000008001ca4       0x1c Core/Src/main.o
 .text.MenuLog_Enter
                0x0000000008001cc0        0xc Core/Src/main.o
                0x0000000008001cc0                MenuLog_Enter
 .text.MenuCalibrationWriteToFlash_Enter
                0x0000000008001ccc       0x14 Core/Src/main.o
                0x0000000008001ccc                MenuCalibrationWriteToFlash_Enter
 .text.MenuSettingsBatteryType_Enter
                0x0000000008001ce0      0x110 Core/Src/main.o
                0x0000000008001ce0                MenuSettingsBatteryType_Enter
 .text.MenuSettingsWriteToFlash_Enter
                0x0000000008001df0        0x4 Core/Src/main.o
                0x0000000008001df0                MenuSettingsWriteToFlash_Enter
 .text.MenuOption_Enter
                0x0000000008001df4       0x30 Core/Src/main.o
                0x0000000008001df4                MenuOption_Enter
 .text.MenuOption_Enter1
                0x0000000008001e24       0x30 Core/Src/main.o
                0x0000000008001e24                MenuOption_Enter1
 .text.Generic_Write
                0x0000000008001e54        0xc Core/Src/main.o
                0x0000000008001e54                Generic_Write
 .text.MenuDischarge_Enter
                0x0000000008001e60       0x4c Core/Src/main.o
                0x0000000008001e60                MenuDischarge_Enter
 .text.MenuCharge_Enter
                0x0000000008001eac       0x70 Core/Src/main.o
                0x0000000008001eac                MenuCharge_Enter
 .text.SelectedOption.part.0
                0x0000000008001f1c       0x16 Core/Src/main.o
 *fill*         0x0000000008001f32        0x2 
 .text.LL_ADC_SetChannelSamplingTime.constprop.0
                0x0000000008001f34       0x54 Core/Src/main.o
 .text.LL_ADC_REG_SetSequencerRanks.constprop.0
                0x0000000008001f88       0x38 Core/Src/main.o
 .text.NVIC_EncodePriority.constprop.0
                0x0000000008001fc0        0x4 Core/Src/main.o
 .text.MenuLoad
                0x0000000008001fc4       0xa0 Core/Src/main.o
                0x0000000008001fc4                MenuLoad
 .text.MenuTraining_WriteInLOG
                0x0000000008002064       0x4c Core/Src/main.o
                0x0000000008002064                MenuTraining_WriteInLOG
 .text.MenuLog  0x00000000080020b0       0x94 Core/Src/main.o
                0x00000000080020b0                MenuLog
 .text.MenuCalibration_CURRENT_Out_to_0
                0x0000000008002144       0x48 Core/Src/main.o
                0x0000000008002144                MenuCalibration_CURRENT_Out_to_0
 .text.MenuCalibration_CURRENT_Load_to_0
                0x000000000800218c       0x48 Core/Src/main.o
                0x000000000800218c                MenuCalibration_CURRENT_Load_to_0
 .text.MenuCalibration_BackToFactory
                0x00000000080021d4       0xb8 Core/Src/main.o
                0x00000000080021d4                MenuCalibration_BackToFactory
 .text.MenuSettingsChargeTime
                0x000000000800228c       0x4c Core/Src/main.o
                0x000000000800228c                MenuSettingsChargeTime
 .text.MenuSettingsBatteryType
                0x00000000080022d8       0xf0 Core/Src/main.o
                0x00000000080022d8                MenuSettingsBatteryType
 .text.MenuSettingsLowVolt
                0x00000000080023c8       0x44 Core/Src/main.o
                0x00000000080023c8                MenuSettingsLowVolt
 .text.MenuSettingsMaxVolt
                0x000000000800240c       0x44 Core/Src/main.o
                0x000000000800240c                MenuSettingsMaxVolt
 .text.MenuSettingsSwngChrgTime
                0x0000000008002450       0x3c Core/Src/main.o
                0x0000000008002450                MenuSettingsSwngChrgTime
 .text.MenuSettingsSwngDChrgTime
                0x000000000800248c       0x3c Core/Src/main.o
                0x000000000800248c                MenuSettingsSwngDChrgTime
 .text.MenuSettingsChargeAddapt
                0x00000000080024c8       0x80 Core/Src/main.o
                0x00000000080024c8                MenuSettingsChargeAddapt
 .text.SelectedOption
                0x0000000008002548       0x1c Core/Src/main.o
                0x0000000008002548                SelectedOption
 .text.SelectedOption1
                0x0000000008002564       0x1c Core/Src/main.o
                0x0000000008002564                SelectedOption1
 .text.MenuSettingsSaveMenuPosWhenOFF
                0x0000000008002580       0xac Core/Src/main.o
                0x0000000008002580                MenuSettingsSaveMenuPosWhenOFF
 .text.MenuSettingsOutAfterPowerUp
                0x000000000800262c       0x70 Core/Src/main.o
                0x000000000800262c                MenuSettingsOutAfterPowerUp
 .text.BUT_Debrief
                0x000000000800269c       0x64 Core/Src/main.o
                0x000000000800269c                BUT_Debrief
 .text.BUT_GetKey
                0x0000000008002700       0x1c Core/Src/main.o
                0x0000000008002700                BUT_GetKey
 .text.Start_Timer_sec
                0x000000000800271c       0x18 Core/Src/main.o
                0x000000000800271c                Start_Timer_sec
 .text.ClockOnLCD_noSec
                0x0000000008002734       0x6c Core/Src/main.o
                0x0000000008002734                ClockOnLCD_noSec
 .text.OUT_OFF  0x00000000080027a0       0x2c Core/Src/main.o
                0x00000000080027a0                OUT_OFF
 .text.discharge
                0x00000000080027cc       0x10 Core/Src/main.o
                0x00000000080027cc                discharge
 .text.MenuCalibration_CURRENT_Load
                0x00000000080027dc       0x70 Core/Src/main.o
                0x00000000080027dc                MenuCalibration_CURRENT_Load
 .text.discharge1
                0x000000000800284c       0x44 Core/Src/main.o
                0x000000000800284c                discharge1
 .text.MenuDisCharge
                0x0000000008002890      0x2b8 Core/Src/main.o
                0x0000000008002890                MenuDisCharge
 .text.All_OUT_OFF_When_Power_OFF
                0x0000000008002b48      0x104 Core/Src/main.o
                0x0000000008002b48                All_OUT_OFF_When_Power_OFF
 .text.OUT_ON   0x0000000008002c4c       0x2c Core/Src/main.o
                0x0000000008002c4c                OUT_ON
 .text.OUTStateAfterPowerUpFunction
                0x0000000008002c78       0x2c Core/Src/main.o
                0x0000000008002c78                OUTStateAfterPowerUpFunction
 .text.MenuPowerSupply
                0x0000000008002ca4       0xc4 Core/Src/main.o
                0x0000000008002ca4                MenuPowerSupply
 .text.MenuCalibration_CURRENT_Out
                0x0000000008002d68       0x70 Core/Src/main.o
                0x0000000008002d68                MenuCalibration_CURRENT_Out
 .text.MenuCalibration_VoltagePS
                0x0000000008002dd8       0x70 Core/Src/main.o
                0x0000000008002dd8                MenuCalibration_VoltagePS
 .text.MenuCalibration_VoltageOut
                0x0000000008002e48       0x70 Core/Src/main.o
                0x0000000008002e48                MenuCalibration_VoltageOut
 .text.MenuCalibration_VoltageIn
                0x0000000008002eb8       0x70 Core/Src/main.o
                0x0000000008002eb8                MenuCalibration_VoltageIn
 .text.MenuCalibration_Resist_Comp_5V1A
                0x0000000008002f28       0xcc Core/Src/main.o
                0x0000000008002f28                MenuCalibration_Resist_Comp_5V1A
 .text.MenuBatterySimilation
                0x0000000008002ff4       0xe0 Core/Src/main.o
                0x0000000008002ff4                MenuBatterySimilation
 .text.charge   0x00000000080030d4       0x10 Core/Src/main.o
                0x00000000080030d4                charge
 .text.MenuChargeCC_CV
                0x00000000080030e4      0x2ec Core/Src/main.o
                0x00000000080030e4                MenuChargeCC_CV
 .text.MenuChargeAdapt
                0x00000000080033d0      0x378 Core/Src/main.o
                0x00000000080033d0                MenuChargeAdapt
 .text.charge1  0x0000000008003748       0x44 Core/Src/main.o
                0x0000000008003748                charge1
 .text.MenuTraining_new
                0x000000000800378c      0x4a4 Core/Src/main.o
                0x000000000800378c                MenuTraining_new
 .text.MenuSwing
                0x0000000008003c30      0x1f8 Core/Src/main.o
                0x0000000008003c30                MenuSwing
 .text.MenuCheckingCapacity
                0x0000000008003e28      0x5fc Core/Src/main.o
                0x0000000008003e28                MenuCheckingCapacity
 .text.MenuDIAGNOSTIC
                0x0000000008004424      0x324 Core/Src/main.o
                0x0000000008004424                MenuDIAGNOSTIC
 .text.adc_func
                0x0000000008004748      0x234 Core/Src/main.o
                0x0000000008004748                adc_func
 .text.SysTick_Callback
                0x000000000800497c      0x13c Core/Src/main.o
                0x000000000800497c                SysTick_Callback
 .text.SystemClock_Config
                0x0000000008004ab8       0x80 Core/Src/main.o
                0x0000000008004ab8                SystemClock_Config
 .text.startup.main
                0x0000000008004b38      0x830 Core/Src/main.o
                0x0000000008004b38                main
 .text.NMI_Handler
                0x0000000008005368        0x2 Core/Src/stm32f1xx_it.o
                0x0000000008005368                NMI_Handler
 .text.HardFault_Handler
                0x000000000800536a        0x2 Core/Src/stm32f1xx_it.o
                0x000000000800536a                HardFault_Handler
 .text.MemManage_Handler
                0x000000000800536c        0x2 Core/Src/stm32f1xx_it.o
                0x000000000800536c                MemManage_Handler
 .text.BusFault_Handler
                0x000000000800536e        0x2 Core/Src/stm32f1xx_it.o
                0x000000000800536e                BusFault_Handler
 .text.UsageFault_Handler
                0x0000000008005370        0x2 Core/Src/stm32f1xx_it.o
                0x0000000008005370                UsageFault_Handler
 .text.SVC_Handler
                0x0000000008005372        0x2 Core/Src/stm32f1xx_it.o
                0x0000000008005372                SVC_Handler
 .text.DebugMon_Handler
                0x0000000008005374        0x2 Core/Src/stm32f1xx_it.o
                0x0000000008005374                DebugMon_Handler
 .text.PendSV_Handler
                0x0000000008005376        0x2 Core/Src/stm32f1xx_it.o
                0x0000000008005376                PendSV_Handler
 .text.SysTick_Handler
                0x0000000008005378        0x4 Core/Src/stm32f1xx_it.o
                0x0000000008005378                SysTick_Handler
 .text.DMA1_Channel1_IRQHandler
                0x000000000800537c        0x2 Core/Src/stm32f1xx_it.o
                0x000000000800537c                DMA1_Channel1_IRQHandler
 *fill*         0x000000000800537e        0x2 
 .text.USART1_IRQHandler
                0x0000000008005380       0x5c Core/Src/stm32f1xx_it.o
                0x0000000008005380                USART1_IRQHandler
 .text.SystemInit
                0x00000000080053dc        0x2 Core/Src/system_stm32f1xx.o
                0x00000000080053dc                SystemInit
 *fill*         0x00000000080053de        0x2 
 .text.SystemCoreClockUpdate
                0x00000000080053e0       0x60 Core/Src/system_stm32f1xx.o
                0x00000000080053e0                SystemCoreClockUpdate
 .text.printToBufferUART1
                0x0000000008005440       0xcc Core/Src/usart.o
                0x0000000008005440                printToBufferUART1
 .text.printToBufferWithoutEndUART1
                0x000000000800550c       0x7c Core/Src/usart.o
                0x000000000800550c                printToBufferWithoutEndUART1
 .text.printToBufferUART1D
                0x0000000008005588      0x140 Core/Src/usart.o
                0x0000000008005588                printToBufferUART1D
 .text.Reset_Handler
                0x00000000080056c8       0x48 Core/Startup/startup_stm32f100c8tx.o
                0x00000000080056c8                Reset_Handler
 .text.Default_Handler
                0x0000000008005710        0x2 Core/Startup/startup_stm32f100c8tx.o
                0x0000000008005710                RTC_Alarm_IRQHandler
                0x0000000008005710                EXTI2_IRQHandler
                0x0000000008005710                TIM1_CC_IRQHandler
                0x0000000008005710                PVD_IRQHandler
                0x0000000008005710                EXTI3_IRQHandler
                0x0000000008005710                EXTI0_IRQHandler
                0x0000000008005710                TIM1_UP_TIM16_IRQHandler
                0x0000000008005710                SPI1_IRQHandler
                0x0000000008005710                TAMPER_IRQHandler
                0x0000000008005710                TIM6_DAC_IRQHandler
                0x0000000008005710                DMA1_Channel4_IRQHandler
                0x0000000008005710                ADC1_IRQHandler
                0x0000000008005710                USART3_IRQHandler
                0x0000000008005710                RTC_IRQHandler
                0x0000000008005710                DMA1_Channel7_IRQHandler
                0x0000000008005710                TIM4_IRQHandler
                0x0000000008005710                I2C1_EV_IRQHandler
                0x0000000008005710                DMA1_Channel6_IRQHandler
                0x0000000008005710                TIM3_IRQHandler
                0x0000000008005710                RCC_IRQHandler
                0x0000000008005710                Default_Handler
                0x0000000008005710                CEC_IRQHandler
                0x0000000008005710                EXTI15_10_IRQHandler
                0x0000000008005710                TIM7_IRQHandler
                0x0000000008005710                EXTI9_5_IRQHandler
                0x0000000008005710                DMA1_Channel5_IRQHandler
                0x0000000008005710                EXTI4_IRQHandler
                0x0000000008005710                TIM1_TRG_COM_TIM17_IRQHandler
                0x0000000008005710                DMA1_Channel3_IRQHandler
                0x0000000008005710                WWDG_IRQHandler
                0x0000000008005710                TIM2_IRQHandler
                0x0000000008005710                EXTI1_IRQHandler
                0x0000000008005710                USART2_IRQHandler
                0x0000000008005710                DMA1_Channel2_IRQHandler
                0x0000000008005710                FLASH_IRQHandler
                0x0000000008005710                I2C1_ER_IRQHandler
                0x0000000008005710                TIM1_BRK_TIM15_IRQHandler
 .text.LL_ADC_Init
                0x0000000008005712       0x2a Drivers/STM32F1xx_HAL_Driver/Src/stm32f1xx_ll_adc.o
                0x0000000008005712                LL_ADC_Init
 .text.LL_ADC_REG_Init
                0x000000000800573c       0x44 Drivers/STM32F1xx_HAL_Driver/Src/stm32f1xx_ll_adc.o
                0x000000000800573c                LL_ADC_REG_Init
 .text.LL_GPIO_Init
                0x0000000008005780      0x108 Drivers/STM32F1xx_HAL_Driver/Src/stm32f1xx_ll_gpio.o
                0x0000000008005780                LL_GPIO_Init
 .text.RCC_GetHCLKClockFreq
                0x0000000008005888       0x18 Drivers/STM32F1xx_HAL_Driver/Src/stm32f1xx_ll_rcc.o
                0x0000000008005888                RCC_GetHCLKClockFreq
 .text.RCC_GetPCLK1ClockFreq
                0x00000000080058a0       0x18 Drivers/STM32F1xx_HAL_Driver/Src/stm32f1xx_ll_rcc.o
                0x00000000080058a0                RCC_GetPCLK1ClockFreq
 .text.RCC_GetPCLK2ClockFreq
                0x00000000080058b8       0x18 Drivers/STM32F1xx_HAL_Driver/Src/stm32f1xx_ll_rcc.o
                0x00000000080058b8                RCC_GetPCLK2ClockFreq
 .text.RCC_PLL_GetFreqDomain_SYS
                0x00000000080058d0       0x34 Drivers/STM32F1xx_HAL_Driver/Src/stm32f1xx_ll_rcc.o
                0x00000000080058d0                RCC_PLL_GetFreqDomain_SYS
 .text.RCC_GetSystemClockFreq
                0x0000000008005904       0x1c Drivers/STM32F1xx_HAL_Driver/Src/stm32f1xx_ll_rcc.o
                0x0000000008005904                RCC_GetSystemClockFreq
 .text.LL_RCC_GetSystemClocksFreq
                0x0000000008005920       0x20 Drivers/STM32F1xx_HAL_Driver/Src/stm32f1xx_ll_rcc.o
                0x0000000008005920                LL_RCC_GetSystemClocksFreq
 .text.LL_USART_Init
                0x0000000008005940       0xd8 Drivers/STM32F1xx_HAL_Driver/Src/stm32f1xx_ll_usart.o
                0x0000000008005940                LL_USART_Init
 .text.LL_Init1msTick
                0x0000000008005a18       0x1c Drivers/STM32F1xx_HAL_Driver/Src/stm32f1xx_ll_utils.o
                0x0000000008005a18                LL_Init1msTick
 .text.LL_SetSystemCoreClock
                0x0000000008005a34        0xc Drivers/STM32F1xx_HAL_Driver/Src/stm32f1xx_ll_utils.o
                0x0000000008005a34                LL_SetSystemCoreClock
 .text.__libc_init_array
                0x0000000008005a40       0x48 c:/st/stm32cubeide_1.6.0/stm32cubeide/plugins/com.st.stm32cube.ide.mcu.externaltools.gnu-tools-for-stm32.9-2020-q2-update.win32_1.5.0.202011040924/tools/bin/../lib/gcc/arm-none-eabi/9.3.1/../../../../arm-none-eabi/lib/thumb/v7-m/nofp\libc_nano.a(lib_a-init.o)
                0x0000000008005a40                __libc_init_array
 .text.memcpy   0x0000000008005a88       0x1c c:/st/stm32cubeide_1.6.0/stm32cubeide/plugins/com.st.stm32cube.ide.mcu.externaltools.gnu-tools-for-stm32.9-2020-q2-update.win32_1.5.0.202011040924/tools/bin/../lib/gcc/arm-none-eabi/9.3.1/../../../../arm-none-eabi/lib/thumb/v7-m/nofp\libc_nano.a(lib_a-memcpy-stub.o)
                0x0000000008005a88                memcpy
 .text.memset   0x0000000008005aa4       0x10 c:/st/stm32cubeide_1.6.0/stm32cubeide/plugins/com.st.stm32cube.ide.mcu.externaltools.gnu-tools-for-stm32.9-2020-q2-update.win32_1.5.0.202011040924/tools/bin/../lib/gcc/arm-none-eabi/9.3.1/../../../../arm-none-eabi/lib/thumb/v7-m/nofp\libc_nano.a(lib_a-memset.o)
                0x0000000008005aa4                memset
 *(.glue_7)
 .glue_7        0x0000000008005ab4        0x0 linker stubs
 *(.glue_7t)
 .glue_7t       0x0000000008005ab4        0x0 linker stubs
 *(.eh_frame)
 .eh_frame      0x0000000008005ab4        0x0 c:/st/stm32cubeide_1.6.0/stm32cubeide/plugins/com.st.stm32cube.ide.mcu.externaltools.gnu-tools-for-stm32.9-2020-q2-update.win32_1.5.0.202011040924/tools/bin/../lib/gcc/arm-none-eabi/9.3.1/thumb/v7-m/nofp/crtbegin.o
 *(.init)
 .init          0x0000000008005ab4        0x4 c:/st/stm32cubeide_1.6.0/stm32cubeide/plugins/com.st.stm32cube.ide.mcu.externaltools.gnu-tools-for-stm32.9-2020-q2-update.win32_1.5.0.202011040924/tools/bin/../lib/gcc/arm-none-eabi/9.3.1/thumb/v7-m/nofp/crti.o
                0x0000000008005ab4                _init
 .init          0x0000000008005ab8        0x8 c:/st/stm32cubeide_1.6.0/stm32cubeide/plugins/com.st.stm32cube.ide.mcu.externaltools.gnu-tools-for-stm32.9-2020-q2-update.win32_1.5.0.202011040924/tools/bin/../lib/gcc/arm-none-eabi/9.3.1/thumb/v7-m/nofp/crtn.o
 *(.fini)
 .fini          0x0000000008005ac0        0x4 c:/st/stm32cubeide_1.6.0/stm32cubeide/plugins/com.st.stm32cube.ide.mcu.externaltools.gnu-tools-for-stm32.9-2020-q2-update.win32_1.5.0.202011040924/tools/bin/../lib/gcc/arm-none-eabi/9.3.1/thumb/v7-m/nofp/crti.o
                0x0000000008005ac0                _fini
 .fini          0x0000000008005ac4        0x8 c:/st/stm32cubeide_1.6.0/stm32cubeide/plugins/com.st.stm32cube.ide.mcu.externaltools.gnu-tools-for-stm32.9-2020-q2-update.win32_1.5.0.202011040924/tools/bin/../lib/gcc/arm-none-eabi/9.3.1/thumb/v7-m/nofp/crtn.o
                0x0000000008005acc                . = ALIGN (0x4)
                0x0000000008005acc                _etext = .

.vfp11_veneer   0x0000000008005acc        0x0
 .vfp11_veneer  0x0000000008005acc        0x0 linker stubs

.v4_bx          0x0000000008005acc        0x0
 .v4_bx         0x0000000008005acc        0x0 linker stubs

.iplt           0x0000000008005acc        0x0
 .iplt          0x0000000008005acc        0x0 c:/st/stm32cubeide_1.6.0/stm32cubeide/plugins/com.st.stm32cube.ide.mcu.externaltools.gnu-tools-for-stm32.9-2020-q2-update.win32_1.5.0.202011040924/tools/bin/../lib/gcc/arm-none-eabi/9.3.1/thumb/v7-m/nofp/crtbegin.o

.rodata         0x0000000008005acc     0x1584
                0x0000000008005acc                . = ALIGN (0x4)
 *(.rodata)
 .rodata        0x0000000008005acc      0x100 Core/Src/Eeprom.o
 *(.rodata*)
 .rodata.flash_write_block.str1.1
                0x0000000008005bcc       0x15 Core/Src/Eeprom.o
 .rodata.flash_read.str1.1
                0x0000000008005be1       0x40 Core/Src/Eeprom.o
 .rodata.CalibrationWriteToFlash.str1.1
                0x0000000008005c21       0x19 Core/Src/Eeprom.o
 .rodata.CalibrationFactoryWriteToFlash.str1.1
                0x0000000008005c3a       0x20 Core/Src/Eeprom.o
 .rodata.CalibrationReadFromFlash.str1.1
                0x0000000008005c5a       0x1a Core/Src/Eeprom.o
 .rodata.CalibrationReadFromFlashForVerify.str1.1
                0x0000000008005c74       0x23 Core/Src/Eeprom.o
 .rodata.SettingsWriteToFlash.str1.1
                0x0000000008005c97       0x16 Core/Src/Eeprom.o
 .rodata.SettingsFactoryWriteToFlash.str1.1
                0x0000000008005cad       0x1d Core/Src/Eeprom.o
 .rodata.SettingsReadFromFlash.str1.1
                0x0000000008005cca       0x17 Core/Src/Eeprom.o
 .rodata.SettingsReadFromFlashForVerify.str1.1
                0x0000000008005ce1       0x20 Core/Src/Eeprom.o
 .rodata.DataWhenPowerOffWriteToFlash.str1.1
                0x0000000008005d01       0x2d Core/Src/Eeprom.o
 .rodata.DataWhenPowerOff_Factory_WriteToFlash.str1.1
                0x0000000008005d2e       0x27 Core/Src/Eeprom.o
 .rodata.DataWhenPowerOffReadFromFlash.str1.1
                0x0000000008005d55       0x1f Core/Src/Eeprom.o
 .rodata.DataWhenPowerOffReadFromFlashForVerify.str1.1
                0x0000000008005d74       0x28 Core/Src/Eeprom.o
 .rodata.ReadFromFlash.str1.1
                0x0000000008005d9c       0x34 Core/Src/Eeprom.o
 .rodata.CalibrationWriteToFlash_CRC.str1.1
                0x0000000008005dd0       0x34 Core/Src/Eeprom.o
                                         0x53 (size before relaxing)
 .rodata.SettingsWriteToFlash_CRC.str1.1
                0x0000000008005dd0       0x34 Core/Src/Eeprom.o
                                         0x62 (size before relaxing)
 .rodata.DataWhenPowerOffWriteToFlash_CRC.str1.1
                0x0000000008005dd0        0xc Core/Src/Eeprom.o
                                         0x69 (size before relaxing)
 .rodata.FactoryWriteToFlash_CRC.str1.1
                0x0000000008005ddc      0x132 Core/Src/Eeprom.o
 .rodata.WriteInLOG.str1.1
                0x0000000008005f0e        0x9 Core/Src/General.o
                                         0x11 (size before relaxing)
 .rodata.InfoToUARTBeforeStart.str1.1
                0x0000000008005f17      0x249 Core/Src/General.o
 .rodata.NULL_MENU
                0x0000000008006160       0x18 Core/Src/MicroMenu2_1.o
                0x0000000008006160                NULL_MENU
 .rodata.MenuCalibrationWriteToFlash_Enter.str1.1
                0x0000000008006178        0xc Core/Src/main.o
 .rodata.MenuSettingsBatteryType_Enter.str1.1
                0x0000000008006184       0x66 Core/Src/main.o
 .rodata.MenuDischarge_Enter.str1.1
                0x00000000080061ea        0x4 Core/Src/main.o
 .rodata.MenuCharge_Enter.str1.1
                0x00000000080061ee        0x8 Core/Src/main.o
                                         0x10 (size before relaxing)
 .rodata.MenuLoad.str1.1
                0x00000000080061f6        0xa Core/Src/main.o
 .rodata.MenuLog.str1.1
                0x0000000008006200       0x20 Core/Src/main.o
 .rodata.MenuCalibration_CURRENT_Out_to_0.str1.1
                0x0000000008006220        0xf Core/Src/main.o
 .rodata.MenuCalibration_BackToFactory.str1.1
                0x000000000800622f       0x53 Core/Src/main.o
 .rodata.MenuSettingsChargeTime.str1.1
                0x0000000008006282        0x5 Core/Src/main.o
 .rodata.MenuSettingsBatteryType.str1.1
                0x0000000008006287       0x75 Core/Src/main.o
 .rodata.MenuSettingsLowVolt.str1.1
                0x00000000080062fc       0x75 Core/Src/main.o
                                          0x5 (size before relaxing)
 .rodata.MenuSettingsSwngChrgTime.str1.1
                0x00000000080062fc        0x9 Core/Src/main.o
 .rodata.MenuSettingsChargeAddapt.str1.1
                0x0000000008006305        0x3 Core/Src/main.o
 .rodata.MenuSettingsSaveMenuPosWhenOFF.str1.1
                0x0000000008006308       0x77 Core/Src/main.o
 .rodata.MenuSettingsOutAfterPowerUp.str1.1
                0x000000000800637f       0x33 Core/Src/main.o
 .rodata.ClockOnLCD.str1.1
                0x00000000080063b2        0x2 Core/Src/main.o
                                          0x4 (size before relaxing)
 .rodata.MenuCalibration_CURRENT_Load.str1.1
                0x00000000080063b4        0x5 Core/Src/main.o
                                          0x9 (size before relaxing)
 .rodata.discharge1.str1.1
                0x00000000080063b9        0xa Core/Src/main.o
 .rodata.MenuDisCharge.str1.1
                0x00000000080063c3       0x9d Core/Src/main.o
                                         0xa0 (size before relaxing)
 .rodata.All_OUT_OFF_When_Power_OFF.str1.1
                0x0000000008006460       0x1f Core/Src/main.o
 .rodata.MenuPowerSupply.str1.1
                0x000000000800647f        0x8 Core/Src/main.o
                                         0x14 (size before relaxing)
 .rodata.MenuCalibration_Resist_Comp_5V1A.str1.1
                0x0000000008006487        0xb Core/Src/main.o
 .rodata.MenuBatterySimilation.str1.1
                0x0000000008006492        0x6 Core/Src/main.o
 .rodata.MenuChargeCC_CV.str1.1
                0x0000000008006498       0x38 Core/Src/main.o
                                         0x3f (size before relaxing)
 .rodata.charge1.str1.1
                0x00000000080064d0       0x38 Core/Src/main.o
                                          0x7 (size before relaxing)
 .rodata.MenuTraining_new.str1.1
                0x00000000080064d0       0x66 Core/Src/main.o
                                         0x6b (size before relaxing)
 .rodata.MenuSwing.str1.1
                0x0000000008006536        0x8 Core/Src/main.o
                                          0xb (size before relaxing)
 .rodata.MenuDIAGNOSTIC.str1.1
                0x000000000800653e       0x4a Core/Src/main.o
                                         0x67 (size before relaxing)
 .rodata.main.str1.1
                0x0000000008006588       0x37 Core/Src/main.o
                                         0x59 (size before relaxing)
 *fill*         0x00000000080065bf        0x1 
 .rodata.Menu_1
                0x00000000080065c0       0x29 Core/Src/main.o
                0x00000000080065c0                Menu_1
 *fill*         0x00000000080065e9        0x3 
 .rodata.Menu_10
                0x00000000080065ec       0x29 Core/Src/main.o
                0x00000000080065ec                Menu_10
 *fill*         0x0000000008006615        0x3 
 .rodata.Menu_10_1
                0x0000000008006618       0x29 Core/Src/main.o
                0x0000000008006618                Menu_10_1
 *fill*         0x0000000008006641        0x3 
 .rodata.Menu_10_10
                0x0000000008006644       0x29 Core/Src/main.o
                0x0000000008006644                Menu_10_10
 *fill*         0x000000000800666d        0x3 
 .rodata.Menu_10_1_1
                0x0000000008006670       0x29 Core/Src/main.o
                0x0000000008006670                Menu_10_1_1
 *fill*         0x0000000008006699        0x3 
 .rodata.Menu_10_2
                0x000000000800669c       0x29 Core/Src/main.o
                0x000000000800669c                Menu_10_2
 *fill*         0x00000000080066c5        0x3 
 .rodata.Menu_10_2_1
                0x00000000080066c8       0x29 Core/Src/main.o
                0x00000000080066c8                Menu_10_2_1
 *fill*         0x00000000080066f1        0x3 
 .rodata.Menu_10_3
                0x00000000080066f4       0x29 Core/Src/main.o
                0x00000000080066f4                Menu_10_3
 *fill*         0x000000000800671d        0x3 
 .rodata.Menu_10_3_1
                0x0000000008006720       0x29 Core/Src/main.o
                0x0000000008006720                Menu_10_3_1
 *fill*         0x0000000008006749        0x3 
 .rodata.Menu_10_4
                0x000000000800674c       0x29 Core/Src/main.o
                0x000000000800674c                Menu_10_4
 *fill*         0x0000000008006775        0x3 
 .rodata.Menu_10_4_1
                0x0000000008006778       0x29 Core/Src/main.o
                0x0000000008006778                Menu_10_4_1
 *fill*         0x00000000080067a1        0x3 
 .rodata.Menu_10_5
                0x00000000080067a4       0x29 Core/Src/main.o
                0x00000000080067a4                Menu_10_5
 *fill*         0x00000000080067cd        0x3 
 .rodata.Menu_10_5_1
                0x00000000080067d0       0x29 Core/Src/main.o
                0x00000000080067d0                Menu_10_5_1
 *fill*         0x00000000080067f9        0x3 
 .rodata.Menu_10_6
                0x00000000080067fc       0x29 Core/Src/main.o
                0x00000000080067fc                Menu_10_6
 *fill*         0x0000000008006825        0x3 
 .rodata.Menu_10_6_1
                0x0000000008006828       0x29 Core/Src/main.o
                0x0000000008006828                Menu_10_6_1
 *fill*         0x0000000008006851        0x3 
 .rodata.Menu_10_7
                0x0000000008006854       0x29 Core/Src/main.o
                0x0000000008006854                Menu_10_7
 *fill*         0x000000000800687d        0x3 
 .rodata.Menu_10_7_1
                0x0000000008006880       0x19 Core/Src/main.o
                0x0000000008006880                Menu_10_7_1
 *fill*         0x0000000008006899        0x3 
 .rodata.Menu_10_8
                0x000000000800689c       0x29 Core/Src/main.o
                0x000000000800689c                Menu_10_8
 *fill*         0x00000000080068c5        0x3 
 .rodata.Menu_10_8_1
                0x00000000080068c8       0x19 Core/Src/main.o
                0x00000000080068c8                Menu_10_8_1
 *fill*         0x00000000080068e1        0x3 
 .rodata.Menu_10_9
                0x00000000080068e4       0x29 Core/Src/main.o
                0x00000000080068e4                Menu_10_9
 *fill*         0x000000000800690d        0x3 
 .rodata.Menu_10_9_1
                0x0000000008006910       0x19 Core/Src/main.o
                0x0000000008006910                Menu_10_9_1
 *fill*         0x0000000008006929        0x3 
 .rodata.Menu_11
                0x000000000800692c       0x29 Core/Src/main.o
                0x000000000800692c                Menu_11
 *fill*         0x0000000008006955        0x3 
 .rodata.Menu_11_1
                0x0000000008006958       0x29 Core/Src/main.o
                0x0000000008006958                Menu_11_1
 *fill*         0x0000000008006981        0x3 
 .rodata.Menu_1_1
                0x0000000008006984       0x29 Core/Src/main.o
                0x0000000008006984                Menu_1_1
 *fill*         0x00000000080069ad        0x3 
 .rodata.Menu_1_1_1
                0x00000000080069b0       0x29 Core/Src/main.o
                0x00000000080069b0                Menu_1_1_1
 *fill*         0x00000000080069d9        0x3 
 .rodata.Menu_1_1_1a
                0x00000000080069dc       0x29 Core/Src/main.o
                0x00000000080069dc                Menu_1_1_1a
 *fill*         0x0000000008006a05        0x3 
 .rodata.Menu_1_1a
                0x0000000008006a08       0x29 Core/Src/main.o
                0x0000000008006a08                Menu_1_1a
 *fill*         0x0000000008006a31        0x3 
 .rodata.Menu_1_2
                0x0000000008006a34       0x29 Core/Src/main.o
                0x0000000008006a34                Menu_1_2
 *fill*         0x0000000008006a5d        0x3 
 .rodata.Menu_1_2_1
                0x0000000008006a60       0x29 Core/Src/main.o
                0x0000000008006a60                Menu_1_2_1
 *fill*         0x0000000008006a89        0x3 
 .rodata.Menu_1_3
                0x0000000008006a8c       0x29 Core/Src/main.o
                0x0000000008006a8c                Menu_1_3
 *fill*         0x0000000008006ab5        0x3 
 .rodata.Menu_1_3_1
                0x0000000008006ab8       0x29 Core/Src/main.o
                0x0000000008006ab8                Menu_1_3_1
 *fill*         0x0000000008006ae1        0x3 
 .rodata.Menu_1_4
                0x0000000008006ae4       0x29 Core/Src/main.o
                0x0000000008006ae4                Menu_1_4
 *fill*         0x0000000008006b0d        0x3 
 .rodata.Menu_1_4_1
                0x0000000008006b10       0x29 Core/Src/main.o
                0x0000000008006b10                Menu_1_4_1
 *fill*         0x0000000008006b39        0x3 
 .rodata.Menu_1_5
                0x0000000008006b3c       0x29 Core/Src/main.o
                0x0000000008006b3c                Menu_1_5
 *fill*         0x0000000008006b65        0x3 
 .rodata.Menu_1_5_1
                0x0000000008006b68       0x29 Core/Src/main.o
                0x0000000008006b68                Menu_1_5_1
 *fill*         0x0000000008006b91        0x3 
 .rodata.Menu_1_6
                0x0000000008006b94       0x29 Core/Src/main.o
                0x0000000008006b94                Menu_1_6
 *fill*         0x0000000008006bbd        0x3 
 .rodata.Menu_1_6_1
                0x0000000008006bc0       0x29 Core/Src/main.o
                0x0000000008006bc0                Menu_1_6_1
 *fill*         0x0000000008006be9        0x3 
 .rodata.Menu_1_7
                0x0000000008006bec       0x29 Core/Src/main.o
                0x0000000008006bec                Menu_1_7
 *fill*         0x0000000008006c15        0x3 
 .rodata.Menu_1_S
                0x0000000008006c18       0x29 Core/Src/main.o
                0x0000000008006c18                Menu_1_S
 *fill*         0x0000000008006c41        0x3 
 .rodata.Menu_1_SO
                0x0000000008006c44       0x29 Core/Src/main.o
                0x0000000008006c44                Menu_1_SO
 *fill*         0x0000000008006c6d        0x3 
 .rodata.Menu_1_SO_1
                0x0000000008006c70       0x29 Core/Src/main.o
                0x0000000008006c70                Menu_1_SO_1
 *fill*         0x0000000008006c99        0x3 
 .rodata.Menu_1_S_1
                0x0000000008006c9c       0x29 Core/Src/main.o
                0x0000000008006c9c                Menu_1_S_1
 *fill*         0x0000000008006cc5        0x3 
 .rodata.Menu_2
                0x0000000008006cc8       0x29 Core/Src/main.o
                0x0000000008006cc8                Menu_2
 *fill*         0x0000000008006cf1        0x3 
 .rodata.Menu_2_1
                0x0000000008006cf4       0x29 Core/Src/main.o
                0x0000000008006cf4                Menu_2_1
 *fill*         0x0000000008006d1d        0x3 
 .rodata.Menu_3
                0x0000000008006d20       0x29 Core/Src/main.o
                0x0000000008006d20                Menu_3
 *fill*         0x0000000008006d49        0x3 
 .rodata.Menu_3_1
                0x0000000008006d4c       0x29 Core/Src/main.o
                0x0000000008006d4c                Menu_3_1
 *fill*         0x0000000008006d75        0x3 
 .rodata.Menu_4
                0x0000000008006d78       0x29 Core/Src/main.o
                0x0000000008006d78                Menu_4
 *fill*         0x0000000008006da1        0x3 
 .rodata.Menu_4_1
                0x0000000008006da4       0x29 Core/Src/main.o
                0x0000000008006da4                Menu_4_1
 *fill*         0x0000000008006dcd        0x3 
 .rodata.Menu_5
                0x0000000008006dd0       0x29 Core/Src/main.o
                0x0000000008006dd0                Menu_5
 *fill*         0x0000000008006df9        0x3 
 .rodata.Menu_5_1
                0x0000000008006dfc       0x29 Core/Src/main.o
                0x0000000008006dfc                Menu_5_1
 *fill*         0x0000000008006e25        0x3 
 .rodata.Menu_6
                0x0000000008006e28       0x29 Core/Src/main.o
                0x0000000008006e28                Menu_6
 *fill*         0x0000000008006e51        0x3 
 .rodata.Menu_6_1
                0x0000000008006e54       0x29 Core/Src/main.o
                0x0000000008006e54                Menu_6_1
 *fill*         0x0000000008006e7d        0x3 
 .rodata.Menu_6_1a
                0x0000000008006e80       0x29 Core/Src/main.o
                0x0000000008006e80                Menu_6_1a
 *fill*         0x0000000008006ea9        0x3 
 .rodata.Menu_6a
                0x0000000008006eac       0x29 Core/Src/main.o
                0x0000000008006eac                Menu_6a
 *fill*         0x0000000008006ed5        0x3 
 .rodata.Menu_7
                0x0000000008006ed8       0x29 Core/Src/main.o
                0x0000000008006ed8                Menu_7
 *fill*         0x0000000008006f01        0x3 
 .rodata.Menu_7_1
                0x0000000008006f04       0x29 Core/Src/main.o
                0x0000000008006f04                Menu_7_1
 *fill*         0x0000000008006f2d        0x3 
 .rodata.Menu_8
                0x0000000008006f30       0x29 Core/Src/main.o
                0x0000000008006f30                Menu_8
 *fill*         0x0000000008006f59        0x3 
 .rodata.Menu_8_1
                0x0000000008006f5c       0x29 Core/Src/main.o
                0x0000000008006f5c                Menu_8_1
 *fill*         0x0000000008006f85        0x3 
 .rodata.Menu_8a
                0x0000000008006f88       0x29 Core/Src/main.o
                0x0000000008006f88                Menu_8a
 *fill*         0x0000000008006fb1        0x3 
 .rodata.Menu_8a_1
                0x0000000008006fb4       0x29 Core/Src/main.o
                0x0000000008006fb4                Menu_8a_1
 *fill*         0x0000000008006fdd        0x3 
 .rodata.Menu_9
                0x0000000008006fe0       0x29 Core/Src/main.o
                0x0000000008006fe0                Menu_9
 *fill*         0x0000000008007009        0x3 
 .rodata.Menu_9_1
                0x000000000800700c       0x29 Core/Src/main.o
                0x000000000800700c                Menu_9_1
 .rodata.AHBPrescTable
                0x0000000008007035       0x10 Core/Src/system_stm32f1xx.o
                0x0000000008007035                AHBPrescTable
 .rodata.APBPrescTable
                0x0000000008007045        0x8 Core/Src/system_stm32f1xx.o
                0x0000000008007045                APBPrescTable
                0x0000000008007050                . = ALIGN (0x4)
 *fill*         0x000000000800704d        0x3 

.rel.dyn        0x0000000008007050        0x0
 .rel.iplt      0x0000000008007050        0x0 c:/st/stm32cubeide_1.6.0/stm32cubeide/plugins/com.st.stm32cube.ide.mcu.externaltools.gnu-tools-for-stm32.9-2020-q2-update.win32_1.5.0.202011040924/tools/bin/../lib/gcc/arm-none-eabi/9.3.1/thumb/v7-m/nofp/crtbegin.o

.ARM.extab      0x0000000008007050        0x0
                0x0000000008007050                . = ALIGN (0x4)
 *(.ARM.extab* .gnu.linkonce.armextab.*)
                0x0000000008007050                . = ALIGN (0x4)

.ARM            0x0000000008007050        0x0
                0x0000000008007050                . = ALIGN (0x4)
                0x0000000008007050                __exidx_start = .
 *(.ARM.exidx*)
                0x0000000008007050                __exidx_end = .
                0x0000000008007050                . = ALIGN (0x4)

.preinit_array  0x0000000008007050        0x0
                0x0000000008007050                . = ALIGN (0x4)
                0x0000000008007050                PROVIDE (__preinit_array_start = .)
 *(.preinit_array*)
                0x0000000008007050                PROVIDE (__preinit_array_end = .)
                0x0000000008007050                . = ALIGN (0x4)

.init_array     0x0000000008007050        0x4
                0x0000000008007050                . = ALIGN (0x4)
                0x0000000008007050                PROVIDE (__init_array_start = .)
 *(SORT_BY_NAME(.init_array.*))
 *(.init_array*)
 .init_array    0x0000000008007050        0x4 c:/st/stm32cubeide_1.6.0/stm32cubeide/plugins/com.st.stm32cube.ide.mcu.externaltools.gnu-tools-for-stm32.9-2020-q2-update.win32_1.5.0.202011040924/tools/bin/../lib/gcc/arm-none-eabi/9.3.1/thumb/v7-m/nofp/crtbegin.o
                0x0000000008007054                PROVIDE (__init_array_end = .)
                0x0000000008007054                . = ALIGN (0x4)

.fini_array     0x0000000008007054        0x4
                0x0000000008007054                . = ALIGN (0x4)
                [!provide]                        PROVIDE (__fini_array_start = .)
 *(SORT_BY_NAME(.fini_array.*))
 *(.fini_array*)
 .fini_array    0x0000000008007054        0x4 c:/st/stm32cubeide_1.6.0/stm32cubeide/plugins/com.st.stm32cube.ide.mcu.externaltools.gnu-tools-for-stm32.9-2020-q2-update.win32_1.5.0.202011040924/tools/bin/../lib/gcc/arm-none-eabi/9.3.1/thumb/v7-m/nofp/crtbegin.o
                [!provide]                        PROVIDE (__fini_array_end = .)
                0x0000000008007058                . = ALIGN (0x4)
                0x0000000008007058                _sidata = LOADADDR (.data)

.data           0x0000000020000000      0x290 load address 0x0000000008007058
                0x0000000020000000                . = ALIGN (0x4)
                0x0000000020000000                _sdata = .
 *(.data)
 *(.data*)
 .data.EEpromReadStatus
                0x0000000020000000        0x1 Core/Src/Eeprom.o
 *fill*         0x0000000020000001        0x3 
 .data.CalibrationData
                0x0000000020000004       0x50 Core/Src/General.o
                0x0000000020000004                CalibrationData
 .data.CalibrationDataFactory
                0x0000000020000054       0x50 Core/Src/General.o
                0x0000000020000054                CalibrationDataFactory
 .data.CalibrationDataForVerify
                0x00000000200000a4       0x50 Core/Src/General.o
                0x00000000200000a4                CalibrationDataForVerify
 .data.SaveDataWhenPowerOff
                0x00000000200000f4       0x20 Core/Src/General.o
                0x00000000200000f4                SaveDataWhenPowerOff
 .data.SaveDataWhenPowerOffFactory
                0x0000000020000114       0x20 Core/Src/General.o
                0x0000000020000114                SaveDataWhenPowerOffFactory
 .data.SaveDataWhenPowerOffForVerify
                0x0000000020000134       0x20 Core/Src/General.o
                0x0000000020000134                SaveDataWhenPowerOffForVerify
 .data.SettingsData
                0x0000000020000154       0x48 Core/Src/General.o
                0x0000000020000154                SettingsData
 .data.SettingsDataFactory
                0x000000002000019c       0x48 Core/Src/General.o
                0x000000002000019c                SettingsDataFactory
 .data.SettingsDataForVerify
                0x00000000200001e4       0x48 Core/Src/General.o
                0x00000000200001e4                SettingsDataForVerify
 .data.T_Table  0x000000002000022c       0x20 Core/Src/General.o
                0x000000002000022c                T_Table
 .data.CurrentMenuItem
                0x000000002000024c        0x4 Core/Src/MicroMenu2_1.o
 .data.russ     0x0000000020000250       0x20 Core/Src/hd44780_driver.o
                0x0000000020000250                russ
 .data.ChargeDischargeStatus
                0x0000000020000270        0x1 Core/Src/main.o
                0x0000000020000270                ChargeDischargeStatus
 .data.EEpromWrite_status.7879
                0x0000000020000271        0x1 Core/Src/main.o
 *fill*         0x0000000020000272        0x2 
 .data.OutStateAfterPowerUp
                0x0000000020000274        0x4 Core/Src/main.o
                0x0000000020000274                OutStateAfterPowerUp
 .data.ResistanceComp_Voltage.7755
                0x0000000020000278        0x2 Core/Src/main.o
 .data.Version  0x000000002000027a       0x11 Core/Src/main.o
                0x000000002000027a                Version
 *fill*         0x000000002000028b        0x1 
 .data.SystemCoreClock
                0x000000002000028c        0x4 Core/Src/system_stm32f1xx.o
                0x000000002000028c                SystemCoreClock
                0x0000000020000290                . = ALIGN (0x4)
                0x0000000020000290                _edata = .

.igot.plt       0x0000000020000290        0x0 load address 0x00000000080072e8
 .igot.plt      0x0000000020000290        0x0 c:/st/stm32cubeide_1.6.0/stm32cubeide/plugins/com.st.stm32cube.ide.mcu.externaltools.gnu-tools-for-stm32.9-2020-q2-update.win32_1.5.0.202011040924/tools/bin/../lib/gcc/arm-none-eabi/9.3.1/thumb/v7-m/nofp/crtbegin.o
                0x0000000020000290                . = ALIGN (0x4)

.bss            0x0000000020000290      0x790 load address 0x00000000080072e8
                0x0000000020000290                _sbss = .
                0x0000000020000290                __bss_start__ = _sbss
 *(.bss)
 .bss           0x0000000020000290       0x1c c:/st/stm32cubeide_1.6.0/stm32cubeide/plugins/com.st.stm32cube.ide.mcu.externaltools.gnu-tools-for-stm32.9-2020-q2-update.win32_1.5.0.202011040924/tools/bin/../lib/gcc/arm-none-eabi/9.3.1/thumb/v7-m/nofp/crtbegin.o
 *(.bss*)
 .bss.Count1000mSecond
                0x00000000200002ac        0x2 Core/Src/General.o
                0x00000000200002ac                Count1000mSecond
 .bss.Count100mSecond
                0x00000000200002ae        0x2 Core/Src/General.o
                0x00000000200002ae                Count100mSecond
 .bss.Count10mSecond
                0x00000000200002b0        0x2 Core/Src/General.o
                0x00000000200002b0                Count10mSecond
 .bss.U_OUT_ForSetResistance
                0x00000000200002b2        0x2 Core/Src/General.o
                0x00000000200002b2                U_OUT_ForSetResistance
 .bss.bufferUart1
                0x00000000200002b4      0x45c Core/Src/General.o
                0x00000000200002b4                bufferUart1
 .bss.InputValueI1.5130
                0x0000000020000710        0xc Core/Src/Lib.o
 .bss.InputValueI2.5138
                0x000000002000071c        0xc Core/Src/Lib.o
 .bss.InputValueU1.5146
                0x0000000020000728        0xc Core/Src/Lib.o
 .bss.InputValueU2.5154
                0x0000000020000734        0xc Core/Src/Lib.o
 .bss.InputValueU3.5162
                0x0000000020000740        0xc Core/Src/Lib.o
 .bss.s1.4992   0x000000002000074c       0x10 Core/Src/Lib.o
 .bss.s1.5021   0x000000002000075c       0x11 Core/Src/Lib.o
 *fill*         0x000000002000076d        0x3 
 .bss.MenuWriteFunc
                0x0000000020000770        0x4 Core/Src/MicroMenu2_1.o
 .bss.pos_x     0x0000000020000774        0x1 Core/Src/hd44780_driver.o
                0x0000000020000774                pos_x
 .bss.pos_y     0x0000000020000775        0x1 Core/Src/hd44780_driver.o
                0x0000000020000775                pos_y
 *fill*         0x0000000020000776        0x2 
 .bss.BatteryCapacityCharge
                0x0000000020000778        0x4 Core/Src/main.o
                0x0000000020000778                BatteryCapacityCharge
 .bss.BatteryCapacityDischargeCurrent
                0x000000002000077c        0x4 Core/Src/main.o
                0x000000002000077c                BatteryCapacityDischargeCurrent
 .bss.BatteryCapacityDischargeCurrentAfterPOwerUp
                0x0000000020000780        0x4 Core/Src/main.o
                0x0000000020000780                BatteryCapacityDischargeCurrentAfterPOwerUp
 .bss.BatteryLow
                0x0000000020000784        0x1 Core/Src/main.o
                0x0000000020000784                BatteryLow
 .bss.Blink_message_counter
                0x0000000020000785        0x1 Core/Src/main.o
                0x0000000020000785                Blink_message_counter
 .bss.ChargeDischargeState
                0x0000000020000786        0x1 Core/Src/main.o
                0x0000000020000786                ChargeDischargeState
 .bss.ChargeStatusForTimer
                0x0000000020000787        0x1 Core/Src/main.o
                0x0000000020000787                ChargeStatusForTimer
 .bss.ChargeTimeSec
                0x0000000020000788        0x4 Core/Src/main.o
                0x0000000020000788                ChargeTimeSec
 .bss.CheckingCapacityCounter
                0x000000002000078c        0x1 Core/Src/main.o
                0x000000002000078c                CheckingCapacityCounter
 .bss.CountShow
                0x000000002000078d        0x1 Core/Src/main.o
                0x000000002000078d                CountShow
 .bss.CountShow1
                0x000000002000078e        0x1 Core/Src/main.o
                0x000000002000078e                CountShow1
 .bss.CountShowBT
                0x000000002000078f        0x1 Core/Src/main.o
                0x000000002000078f                CountShowBT
 .bss.DisChargeStatusForTimer
                0x0000000020000790        0x1 Core/Src/main.o
                0x0000000020000790                DisChargeStatusForTimer
 *fill*         0x0000000020000791        0x3 
 .bss.DischargeTimeSec
                0x0000000020000794        0x4 Core/Src/main.o
                0x0000000020000794                DischargeTimeSec
 .bss.DischargeTimeSec_Previous
                0x0000000020000798        0x4 Core/Src/main.o
                0x0000000020000798                DischargeTimeSec_Previous
 .bss.EnterInMenu_Status
                0x000000002000079c        0x1 Core/Src/main.o
                0x000000002000079c                EnterInMenu_Status
 .bss.InitiStatus
                0x000000002000079d        0x1 Core/Src/main.o
                0x000000002000079d                InitiStatus
 .bss.On_off    0x000000002000079e        0x1 Core/Src/main.o
                0x000000002000079e                On_off
 *fill*         0x000000002000079f        0x1 
 .bss.PowerOffTimesec
                0x00000000200007a0        0x4 Core/Src/main.o
                0x00000000200007a0                PowerOffTimesec
 .bss.Status_Out
                0x00000000200007a4        0x1 Core/Src/main.o
                0x00000000200007a4                Status_Out
 .bss.Status_Timer_Sec
                0x00000000200007a5        0x1 Core/Src/main.o
                0x00000000200007a5                Status_Timer_Sec
 *fill*         0x00000000200007a6        0x2 
 .bss.SumI1     0x00000000200007a8        0x4 Core/Src/main.o
                0x00000000200007a8                SumI1
 .bss.SumI1Counter
                0x00000000200007ac        0x2 Core/Src/main.o
                0x00000000200007ac                SumI1Counter
 *fill*         0x00000000200007ae        0x2 
 .bss.SumI2     0x00000000200007b0        0x4 Core/Src/main.o
                0x00000000200007b0                SumI2
 .bss.SumI2Counter
                0x00000000200007b4        0x2 Core/Src/main.o
                0x00000000200007b4                SumI2Counter
 *fill*         0x00000000200007b6        0x2 
 .bss.SumU1     0x00000000200007b8        0x4 Core/Src/main.o
                0x00000000200007b8                SumU1
 .bss.SumU1Counter
                0x00000000200007bc        0x2 Core/Src/main.o
                0x00000000200007bc                SumU1Counter
 *fill*         0x00000000200007be        0x2 
 .bss.SumU2     0x00000000200007c0        0x4 Core/Src/main.o
                0x00000000200007c0                SumU2
 .bss.SumU2Counter
                0x00000000200007c4        0x2 Core/Src/main.o
                0x00000000200007c4                SumU2Counter
 *fill*         0x00000000200007c6        0x2 
 .bss.TimerForReadyMeasurement_ms
                0x00000000200007c8        0x4 Core/Src/main.o
                0x00000000200007c8                TimerForReadyMeasurement_ms
 .bss.Timer_Sec
                0x00000000200007cc        0x4 Core/Src/main.o
                0x00000000200007cc                Timer_Sec
 .bss.U_BatteryTmp
                0x00000000200007d0        0x2 Core/Src/main.o
                0x00000000200007d0                U_BatteryTmp
 *fill*         0x00000000200007d2        0x2 
 .bss.U_Battery_Timer
                0x00000000200007d4        0x4 Core/Src/main.o
                0x00000000200007d4                U_Battery_Timer
 .bss.U_OUTtmp  0x00000000200007d8        0x4 Core/Src/main.o
                0x00000000200007d8                U_OUTtmp
 .bss.comp      0x00000000200007dc        0x2 Core/Src/main.o
                0x00000000200007dc                comp
 .bss.i_LogItems
                0x00000000200007de        0x2 Core/Src/main.o
                0x00000000200007de                i_LogItems
 .bss.pressedKey
                0x00000000200007e0        0x1 Core/Src/main.o
                0x00000000200007e0                pressedKey
 *fill*         0x00000000200007e1        0x3 
 .bss.time_sec  0x00000000200007e4        0x4 Core/Src/main.o
                0x00000000200007e4                time_sec
 *(COMMON)
 COMMON         0x00000000200007e8      0x22c Core/Src/Eeprom.o
                0x00000000200007e8                Current_x50
                0x00000000200007ea                U_12V
                0x00000000200007ec                Temperature
                0x00000000200007f0                Current_RAW
                0x00000000200007f4                Temp_R_A_B
                0x0000000020000854                U_IN
                0x0000000020000856                Current
                0x0000000020000858                Current_x1
                0x000000002000085a                RegularConvData
                0x000000002000086a                U_Controller
                0x000000002000086c                U_OUT
                0x0000000020000870                Rt
                0x0000000020000874                U_PS
                0x0000000020000878                LoggingData
 COMMON         0x0000000020000a14        0xc Core/Src/main.o
                0x0000000020000a14                SelectedOptionValue1
                0x0000000020000a18                ChargeDurationSec
                0x0000000020000a1c                SelectedOptionValue
                0x0000000020000a20                . = ALIGN (0x4)
                0x0000000020000a20                _ebss = .
                0x0000000020000a20                __bss_end__ = _ebss

._user_heap_stack
                0x0000000020000a20      0x600 load address 0x00000000080072e8
                0x0000000020000a20                . = ALIGN (0x8)
                [!provide]                        PROVIDE (end = .)
                0x0000000020000a20                PROVIDE (_end = .)
                0x0000000020000c20                . = (. + _Min_Heap_Size)
 *fill*         0x0000000020000a20      0x200 
                0x0000000020001020                . = (. + _Min_Stack_Size)
 *fill*         0x0000000020000c20      0x400 
                0x0000000020001020                . = ALIGN (0x8)

/DISCARD/
 libc.a(*)
 libm.a(*)
 libgcc.a(*)

.ARM.attributes
                0x0000000000000000       0x29
 *(.ARM.attributes)
 .ARM.attributes
                0x0000000000000000       0x1d c:/st/stm32cubeide_1.6.0/stm32cubeide/plugins/com.st.stm32cube.ide.mcu.externaltools.gnu-tools-for-stm32.9-2020-q2-update.win32_1.5.0.202011040924/tools/bin/../lib/gcc/arm-none-eabi/9.3.1/thumb/v7-m/nofp/crti.o
 .ARM.attributes
                0x000000000000001d       0x2d c:/st/stm32cubeide_1.6.0/stm32cubeide/plugins/com.st.stm32cube.ide.mcu.externaltools.gnu-tools-for-stm32.9-2020-q2-update.win32_1.5.0.202011040924/tools/bin/../lib/gcc/arm-none-eabi/9.3.1/thumb/v7-m/nofp/crtbegin.o
 .ARM.attributes
                0x000000000000004a       0x2d Core/Src/Eeprom.o
 .ARM.attributes
                0x0000000000000077       0x2d Core/Src/General.o
 .ARM.attributes
                0x00000000000000a4       0x2d Core/Src/Lib.o
 .ARM.attributes
                0x00000000000000d1       0x2d Core/Src/MicroMenu2_1.o
 .ARM.attributes
                0x00000000000000fe       0x2d Core/Src/hd44780_driver.o
 .ARM.attributes
                0x000000000000012b       0x2d Core/Src/main.o
 .ARM.attributes
                0x0000000000000158       0x2d Core/Src/stm32f1xx_it.o
 .ARM.attributes
                0x0000000000000185       0x2d Core/Src/system_stm32f1xx.o
 .ARM.attributes
                0x00000000000001b2       0x2d Core/Src/usart.o
 .ARM.attributes
                0x00000000000001df       0x21 Core/Startup/startup_stm32f100c8tx.o
 .ARM.attributes
                0x0000000000000200       0x2d Drivers/STM32F1xx_HAL_Driver/Src/stm32f1xx_ll_adc.o
 .ARM.attributes
                0x000000000000022d       0x2d Drivers/STM32F1xx_HAL_Driver/Src/stm32f1xx_ll_gpio.o
 .ARM.attributes
                0x000000000000025a       0x2d Drivers/STM32F1xx_HAL_Driver/Src/stm32f1xx_ll_rcc.o
 .ARM.attributes
                0x0000000000000287       0x2d Drivers/STM32F1xx_HAL_Driver/Src/stm32f1xx_ll_usart.o
 .ARM.attributes
                0x00000000000002b4       0x2d Drivers/STM32F1xx_HAL_Driver/Src/stm32f1xx_ll_utils.o
 .ARM.attributes
                0x00000000000002e1       0x2d c:/st/stm32cubeide_1.6.0/stm32cubeide/plugins/com.st.stm32cube.ide.mcu.externaltools.gnu-tools-for-stm32.9-2020-q2-update.win32_1.5.0.202011040924/tools/bin/../lib/gcc/arm-none-eabi/9.3.1/../../../../arm-none-eabi/lib/thumb/v7-m/nofp\libc_nano.a(lib_a-init.o)
 .ARM.attributes
                0x000000000000030e       0x2d c:/st/stm32cubeide_1.6.0/stm32cubeide/plugins/com.st.stm32cube.ide.mcu.externaltools.gnu-tools-for-stm32.9-2020-q2-update.win32_1.5.0.202011040924/tools/bin/../lib/gcc/arm-none-eabi/9.3.1/../../../../arm-none-eabi/lib/thumb/v7-m/nofp\libc_nano.a(lib_a-memcpy-stub.o)
 .ARM.attributes
                0x000000000000033b       0x2d c:/st/stm32cubeide_1.6.0/stm32cubeide/plugins/com.st.stm32cube.ide.mcu.externaltools.gnu-tools-for-stm32.9-2020-q2-update.win32_1.5.0.202011040924/tools/bin/../lib/gcc/arm-none-eabi/9.3.1/../../../../arm-none-eabi/lib/thumb/v7-m/nofp\libc_nano.a(lib_a-memset.o)
 .ARM.attributes
                0x0000000000000368       0x1d c:/st/stm32cubeide_1.6.0/stm32cubeide/plugins/com.st.stm32cube.ide.mcu.externaltools.gnu-tools-for-stm32.9-2020-q2-update.win32_1.5.0.202011040924/tools/bin/../lib/gcc/arm-none-eabi/9.3.1/thumb/v7-m/nofp/crtn.o
OUTPUT(PS15V05A.elf elf32-littlearm)
LOAD linker stubs
LOAD c:/st/stm32cubeide_1.6.0/stm32cubeide/plugins/com.st.stm32cube.ide.mcu.externaltools.gnu-tools-for-stm32.9-2020-q2-update.win32_1.5.0.202011040924/tools/bin/../lib/gcc/arm-none-eabi/9.3.1/../../../../arm-none-eabi/lib/thumb/v7-m/nofp\libc.a
LOAD c:/st/stm32cubeide_1.6.0/stm32cubeide/plugins/com.st.stm32cube.ide.mcu.externaltools.gnu-tools-for-stm32.9-2020-q2-update.win32_1.5.0.202011040924/tools/bin/../lib/gcc/arm-none-eabi/9.3.1/../../../../arm-none-eabi/lib/thumb/v7-m/nofp\libm.a
LOAD c:/st/stm32cubeide_1.6.0/stm32cubeide/plugins/com.st.stm32cube.ide.mcu.externaltools.gnu-tools-for-stm32.9-2020-q2-update.win32_1.5.0.202011040924/tools/bin/../lib/gcc/arm-none-eabi/9.3.1/thumb/v7-m/nofp\libgcc.a

.debug_info     0x0000000000000000    0x11ad5
 .debug_info    0x0000000000000000     0x224f Core/Src/Eeprom.o
 .debug_info    0x000000000000224f     0x110f Core/Src/General.o
 .debug_info    0x000000000000335e      0xc6e Core/Src/Lib.o
 .debug_info    0x0000000000003fcc      0x2c9 Core/Src/MicroMenu2_1.o
 .debug_info    0x0000000000004295     0x11de Core/Src/hd44780_driver.o
 .debug_info    0x0000000000005473     0x80f6 Core/Src/main.o
 .debug_info    0x000000000000d569      0x958 Core/Src/stm32f1xx_it.o
 .debug_info    0x000000000000dec1      0x284 Core/Src/system_stm32f1xx.o
 .debug_info    0x000000000000e145      0xc6b Core/Src/usart.o
 .debug_info    0x000000000000edb0       0x22 Core/Startup/startup_stm32f100c8tx.o
 .debug_info    0x000000000000edd2      0xa13 Drivers/STM32F1xx_HAL_Driver/Src/stm32f1xx_ll_adc.o
 .debug_info    0x000000000000f7e5      0x95c Drivers/STM32F1xx_HAL_Driver/Src/stm32f1xx_ll_gpio.o
 .debug_info    0x0000000000010141      0x6f4 Drivers/STM32F1xx_HAL_Driver/Src/stm32f1xx_ll_rcc.o
 .debug_info    0x0000000000010835      0x86f Drivers/STM32F1xx_HAL_Driver/Src/stm32f1xx_ll_usart.o
 .debug_info    0x00000000000110a4      0xa31 Drivers/STM32F1xx_HAL_Driver/Src/stm32f1xx_ll_utils.o

.debug_abbrev   0x0000000000000000     0x285b
 .debug_abbrev  0x0000000000000000      0x3c3 Core/Src/Eeprom.o
 .debug_abbrev  0x00000000000003c3      0x301 Core/Src/General.o
 .debug_abbrev  0x00000000000006c4      0x208 Core/Src/Lib.o
 .debug_abbrev  0x00000000000008cc      0x212 Core/Src/MicroMenu2_1.o
 .debug_abbrev  0x0000000000000ade      0x36b Core/Src/hd44780_driver.o
 .debug_abbrev  0x0000000000000e49      0x6c1 Core/Src/main.o
 .debug_abbrev  0x000000000000150a      0x1e7 Core/Src/stm32f1xx_it.o
 .debug_abbrev  0x00000000000016f1      0x12f Core/Src/system_stm32f1xx.o
 .debug_abbrev  0x0000000000001820      0x2be Core/Src/usart.o
 .debug_abbrev  0x0000000000001ade       0x12 Core/Startup/startup_stm32f100c8tx.o
 .debug_abbrev  0x0000000000001af0      0x24f Drivers/STM32F1xx_HAL_Driver/Src/stm32f1xx_ll_adc.o
 .debug_abbrev  0x0000000000001d3f      0x276 Drivers/STM32F1xx_HAL_Driver/Src/stm32f1xx_ll_gpio.o
 .debug_abbrev  0x0000000000001fb5      0x2cf Drivers/STM32F1xx_HAL_Driver/Src/stm32f1xx_ll_rcc.o
 .debug_abbrev  0x0000000000002284      0x2ac Drivers/STM32F1xx_HAL_Driver/Src/stm32f1xx_ll_usart.o
 .debug_abbrev  0x0000000000002530      0x32b Drivers/STM32F1xx_HAL_Driver/Src/stm32f1xx_ll_utils.o

.debug_loc      0x0000000000000000     0x5307
 .debug_loc     0x0000000000000000      0x373 Core/Src/Eeprom.o
 .debug_loc     0x0000000000000373      0x563 Core/Src/General.o
 .debug_loc     0x00000000000008d6     0x141c Core/Src/Lib.o
 .debug_loc     0x0000000000001cf2       0xe0 Core/Src/MicroMenu2_1.o
 .debug_loc     0x0000000000001dd2      0x614 Core/Src/hd44780_driver.o
 .debug_loc     0x00000000000023e6     0x14c5 Core/Src/main.o
 .debug_loc     0x00000000000038ab       0xfe Core/Src/system_stm32f1xx.o
 .debug_loc     0x00000000000039a9      0x375 Core/Src/usart.o
 .debug_loc     0x0000000000003d1e      0x36a Drivers/STM32F1xx_HAL_Driver/Src/stm32f1xx_ll_adc.o
 .debug_loc     0x0000000000004088      0x68f Drivers/STM32F1xx_HAL_Driver/Src/stm32f1xx_ll_gpio.o
 .debug_loc     0x0000000000004717      0x217 Drivers/STM32F1xx_HAL_Driver/Src/stm32f1xx_ll_rcc.o
 .debug_loc     0x000000000000492e      0x3f2 Drivers/STM32F1xx_HAL_Driver/Src/stm32f1xx_ll_usart.o
 .debug_loc     0x0000000000004d20      0x5e7 Drivers/STM32F1xx_HAL_Driver/Src/stm32f1xx_ll_utils.o

.debug_aranges  0x0000000000000000      0x798
 .debug_aranges
                0x0000000000000000       0xe8 Core/Src/Eeprom.o
 .debug_aranges
                0x00000000000000e8       0x50 Core/Src/General.o
 .debug_aranges
                0x0000000000000138       0xc8 Core/Src/Lib.o
 .debug_aranges
                0x0000000000000200       0x38 Core/Src/MicroMenu2_1.o
 .debug_aranges
                0x0000000000000238       0xa8 Core/Src/hd44780_driver.o
 .debug_aranges
                0x00000000000002e0      0x240 Core/Src/main.o
 .debug_aranges
                0x0000000000000520       0x50 Core/Src/stm32f1xx_it.o
 .debug_aranges
                0x0000000000000570       0x28 Core/Src/system_stm32f1xx.o
 .debug_aranges
                0x0000000000000598       0x60 Core/Src/usart.o
 .debug_aranges
                0x00000000000005f8       0x28 Core/Startup/startup_stm32f100c8tx.o
 .debug_aranges
                0x0000000000000620       0x68 Drivers/STM32F1xx_HAL_Driver/Src/stm32f1xx_ll_adc.o
 .debug_aranges
                0x0000000000000688       0x30 Drivers/STM32F1xx_HAL_Driver/Src/stm32f1xx_ll_gpio.o
 .debug_aranges
                0x00000000000006b8       0x58 Drivers/STM32F1xx_HAL_Driver/Src/stm32f1xx_ll_rcc.o
 .debug_aranges
                0x0000000000000710       0x40 Drivers/STM32F1xx_HAL_Driver/Src/stm32f1xx_ll_usart.o
 .debug_aranges
                0x0000000000000750       0x48 Drivers/STM32F1xx_HAL_Driver/Src/stm32f1xx_ll_utils.o

.debug_ranges   0x0000000000000000     0x1058
 .debug_ranges  0x0000000000000000      0x138 Core/Src/Eeprom.o
 .debug_ranges  0x0000000000000138       0x80 Core/Src/General.o
 .debug_ranges  0x00000000000001b8       0xb8 Core/Src/Lib.o
 .debug_ranges  0x0000000000000270       0x40 Core/Src/MicroMenu2_1.o
 .debug_ranges  0x00000000000002b0       0xb8 Core/Src/hd44780_driver.o
 .debug_ranges  0x0000000000000368      0x7e8 Core/Src/main.o
 .debug_ranges  0x0000000000000b50       0x40 Core/Src/stm32f1xx_it.o
 .debug_ranges  0x0000000000000b90       0x18 Core/Src/system_stm32f1xx.o
 .debug_ranges  0x0000000000000ba8       0x68 Core/Src/usart.o
 .debug_ranges  0x0000000000000c10       0x20 Core/Startup/startup_stm32f100c8tx.o
 .debug_ranges  0x0000000000000c30       0x88 Drivers/STM32F1xx_HAL_Driver/Src/stm32f1xx_ll_adc.o
 .debug_ranges  0x0000000000000cb8       0x68 Drivers/STM32F1xx_HAL_Driver/Src/stm32f1xx_ll_gpio.o
 .debug_ranges  0x0000000000000d20       0xe0 Drivers/STM32F1xx_HAL_Driver/Src/stm32f1xx_ll_rcc.o
 .debug_ranges  0x0000000000000e00       0xb0 Drivers/STM32F1xx_HAL_Driver/Src/stm32f1xx_ll_usart.o
 .debug_ranges  0x0000000000000eb0      0x1a8 Drivers/STM32F1xx_HAL_Driver/Src/stm32f1xx_ll_utils.o

.debug_macro    0x0000000000000000     0xc3b4
 .debug_macro   0x0000000000000000      0x162 Core/Src/Eeprom.o
 .debug_macro   0x0000000000000162      0xacc Core/Src/Eeprom.o
 .debug_macro   0x0000000000000c2e       0x2e Core/Src/Eeprom.o
 .debug_macro   0x0000000000000c5c       0x22 Core/Src/Eeprom.o
 .debug_macro   0x0000000000000c7e       0x22 Core/Src/Eeprom.o
 .debug_macro   0x0000000000000ca0       0x8e Core/Src/Eeprom.o
 .debug_macro   0x0000000000000d2e       0x51 Core/Src/Eeprom.o
 .debug_macro   0x0000000000000d7f      0x103 Core/Src/Eeprom.o
 .debug_macro   0x0000000000000e82       0x6a Core/Src/Eeprom.o
 .debug_macro   0x0000000000000eec      0x1df Core/Src/Eeprom.o
 .debug_macro   0x00000000000010cb       0x1c Core/Src/Eeprom.o
 .debug_macro   0x00000000000010e7       0x22 Core/Src/Eeprom.o
 .debug_macro   0x0000000000001109       0xc3 Core/Src/Eeprom.o
 .debug_macro   0x00000000000011cc      0xd23 Core/Src/Eeprom.o
 .debug_macro   0x0000000000001eef     0x75c9 Core/Src/Eeprom.o
 .debug_macro   0x00000000000094b8       0x6d Core/Src/Eeprom.o
 .debug_macro   0x0000000000009525      0x36d Core/Src/Eeprom.o
 .debug_macro   0x0000000000009892       0xf2 Core/Src/Eeprom.o
 .debug_macro   0x0000000000009984       0x6e Core/Src/Eeprom.o
 .debug_macro   0x00000000000099f2       0xca Core/Src/Eeprom.o
 .debug_macro   0x0000000000009abc       0x28 Core/Src/Eeprom.o
 .debug_macro   0x0000000000009ae4       0x2a Core/Src/Eeprom.o
 .debug_macro   0x0000000000009b0e       0x90 Core/Src/Eeprom.o
 .debug_macro   0x0000000000009b9e      0x287 Core/Src/Eeprom.o
 .debug_macro   0x0000000000009e25      0x1bb Core/Src/Eeprom.o
 .debug_macro   0x0000000000009fe0      0x22a Core/Src/Eeprom.o
 .debug_macro   0x000000000000a20a      0x12d Core/Src/Eeprom.o
 .debug_macro   0x000000000000a337       0x4c Core/Src/Eeprom.o
 .debug_macro   0x000000000000a383       0x26 Core/Src/Eeprom.o
 .debug_macro   0x000000000000a3a9      0x170 Core/Src/General.o
 .debug_macro   0x000000000000a519      0x367 Core/Src/General.o
 .debug_macro   0x000000000000a880       0xc5 Core/Src/Lib.o
 .debug_macro   0x000000000000a945       0x29 Core/Src/MicroMenu2_1.o
 .debug_macro   0x000000000000a96e      0x174 Core/Src/MicroMenu2_1.o
 .debug_macro   0x000000000000aae2       0x22 Core/Src/MicroMenu2_1.o
 .debug_macro   0x000000000000ab04      0x162 Core/Src/hd44780_driver.o
 .debug_macro   0x000000000000ac66       0x46 Core/Src/hd44780_driver.o
 .debug_macro   0x000000000000acac      0x20a Core/Src/main.o
 .debug_macro   0x000000000000aeb6      0x80f Core/Src/main.o
 .debug_macro   0x000000000000b6c5       0x22 Core/Src/main.o
 .debug_macro   0x000000000000b6e7      0x180 Core/Src/stm32f1xx_it.o
 .debug_macro   0x000000000000b867       0xbb Core/Src/system_stm32f1xx.o
 .debug_macro   0x000000000000b922      0x16e Core/Src/usart.o
 .debug_macro   0x000000000000ba90      0x127 Drivers/STM32F1xx_HAL_Driver/Src/stm32f1xx_ll_adc.o
 .debug_macro   0x000000000000bbb7       0xf7 Drivers/STM32F1xx_HAL_Driver/Src/stm32f1xx_ll_gpio.o
 .debug_macro   0x000000000000bcae      0x224 Drivers/STM32F1xx_HAL_Driver/Src/stm32f1xx_ll_gpio.o
 .debug_macro   0x000000000000bed2       0xd6 Drivers/STM32F1xx_HAL_Driver/Src/stm32f1xx_ll_rcc.o
 .debug_macro   0x000000000000bfa8      0x12a Drivers/STM32F1xx_HAL_Driver/Src/stm32f1xx_ll_usart.o
 .debug_macro   0x000000000000c0d2      0x1b5 Drivers/STM32F1xx_HAL_Driver/Src/stm32f1xx_ll_usart.o
 .debug_macro   0x000000000000c287      0x12d Drivers/STM32F1xx_HAL_Driver/Src/stm32f1xx_ll_utils.o

.debug_line     0x0000000000000000     0xb73d
 .debug_line    0x0000000000000000     0x10da Core/Src/Eeprom.o
 .debug_line    0x00000000000010da      0xdd4 Core/Src/General.o
 .debug_line    0x0000000000001eae      0xfc2 Core/Src/Lib.o
 .debug_line    0x0000000000002e70      0x203 Core/Src/MicroMenu2_1.o
 .debug_line    0x0000000000003073      0xb4a Core/Src/hd44780_driver.o
 .debug_line    0x0000000000003bbd     0x3c57 Core/Src/main.o
 .debug_line    0x0000000000007814      0x6f3 Core/Src/stm32f1xx_it.o
 .debug_line    0x0000000000007f07      0x4f3 Core/Src/system_stm32f1xx.o
 .debug_line    0x00000000000083fa      0xa3c Core/Src/usart.o
 .debug_line    0x0000000000008e36       0x84 Core/Startup/startup_stm32f100c8tx.o
 .debug_line    0x0000000000008eba      0x7a0 Drivers/STM32F1xx_HAL_Driver/Src/stm32f1xx_ll_adc.o
 .debug_line    0x000000000000965a      0x7ed Drivers/STM32F1xx_HAL_Driver/Src/stm32f1xx_ll_gpio.o
 .debug_line    0x0000000000009e47      0x7fe Drivers/STM32F1xx_HAL_Driver/Src/stm32f1xx_ll_rcc.o
 .debug_line    0x000000000000a645      0x798 Drivers/STM32F1xx_HAL_Driver/Src/stm32f1xx_ll_usart.o
 .debug_line    0x000000000000addd      0x960 Drivers/STM32F1xx_HAL_Driver/Src/stm32f1xx_ll_utils.o

.debug_str      0x0000000000000000    0x44269
 .debug_str     0x0000000000000000    0x397e9 Core/Src/Eeprom.o
                                      0x39b1e (size before relaxing)
 .debug_str     0x00000000000397e9      0x153 Core/Src/General.o
                                      0x398aa (size before relaxing)
 .debug_str     0x000000000003993c      0x214 Core/Src/Lib.o
                                      0x33097 (size before relaxing)
 .debug_str     0x0000000000039b50      0x5a8 Core/Src/MicroMenu2_1.o
                                       0x344b (size before relaxing)
 .debug_str     0x000000000003a0f8      0x1d7 Core/Src/hd44780_driver.o
                                      0x39910 (size before relaxing)
 .debug_str     0x000000000003a2cf     0x6fbb Core/Src/main.o
                                      0x4116e (size before relaxing)
 .debug_str     0x000000000004128a       0xe8 Core/Src/stm32f1xx_it.o
                                      0x3efc9 (size before relaxing)
 .debug_str     0x0000000000041372       0x4a Core/Src/system_stm32f1xx.o
                                      0x32ef2 (size before relaxing)
 .debug_str     0x00000000000413bc       0xe6 Core/Src/usart.o
                                      0x39882 (size before relaxing)
 .debug_str     0x00000000000414a2       0x36 Core/Startup/startup_stm32f100c8tx.o
                                         0x6b (size before relaxing)
 .debug_str     0x00000000000414d8     0x1308 Drivers/STM32F1xx_HAL_Driver/Src/stm32f1xx_ll_adc.o
                                      0x3a009 (size before relaxing)
 .debug_str     0x00000000000427e0      0x3a0 Drivers/STM32F1xx_HAL_Driver/Src/stm32f1xx_ll_gpio.o
                                      0x3490e (size before relaxing)
 .debug_str     0x0000000000042b80      0x2bf Drivers/STM32F1xx_HAL_Driver/Src/stm32f1xx_ll_rcc.o
                                      0x3491e (size before relaxing)
 .debug_str     0x0000000000042e3f      0x801 Drivers/STM32F1xx_HAL_Driver/Src/stm32f1xx_ll_usart.o
                                      0x36343 (size before relaxing)
 .debug_str     0x0000000000043640      0xc29 Drivers/STM32F1xx_HAL_Driver/Src/stm32f1xx_ll_utils.o
                                      0x357e9 (size before relaxing)

.comment        0x0000000000000000       0x53
 .comment       0x0000000000000000       0x53 Core/Src/Eeprom.o
                                         0x54 (size before relaxing)
 .comment       0x0000000000000053       0x54 Core/Src/General.o
 .comment       0x0000000000000053       0x54 Core/Src/Lib.o
 .comment       0x0000000000000053       0x54 Core/Src/MicroMenu2_1.o
 .comment       0x0000000000000053       0x54 Core/Src/hd44780_driver.o
 .comment       0x0000000000000053       0x54 Core/Src/main.o
 .comment       0x0000000000000053       0x54 Core/Src/stm32f1xx_it.o
 .comment       0x0000000000000053       0x54 Core/Src/system_stm32f1xx.o
 .comment       0x0000000000000053       0x54 Core/Src/usart.o
 .comment       0x0000000000000053       0x54 Drivers/STM32F1xx_HAL_Driver/Src/stm32f1xx_ll_adc.o
 .comment       0x0000000000000053       0x54 Drivers/STM32F1xx_HAL_Driver/Src/stm32f1xx_ll_gpio.o
 .comment       0x0000000000000053       0x54 Drivers/STM32F1xx_HAL_Driver/Src/stm32f1xx_ll_rcc.o
 .comment       0x0000000000000053       0x54 Drivers/STM32F1xx_HAL_Driver/Src/stm32f1xx_ll_usart.o
 .comment       0x0000000000000053       0x54 Drivers/STM32F1xx_HAL_Driver/Src/stm32f1xx_ll_utils.o

.debug_frame    0x0000000000000000     0x1630
 .debug_frame   0x0000000000000000      0x298 Core/Src/Eeprom.o
 .debug_frame   0x0000000000000298      0x104 Core/Src/General.o
 .debug_frame   0x000000000000039c      0x220 Core/Src/Lib.o
 .debug_frame   0x00000000000005bc       0x60 Core/Src/MicroMenu2_1.o
 .debug_frame   0x000000000000061c      0x1f0 Core/Src/hd44780_driver.o
 .debug_frame   0x000000000000080c      0x8e0 Core/Src/main.o
 .debug_frame   0x00000000000010ec       0xc0 Core/Src/stm32f1xx_it.o
 .debug_frame   0x00000000000011ac       0x38 Core/Src/system_stm32f1xx.o
 .debug_frame   0x00000000000011e4       0xf4 Core/Src/usart.o
 .debug_frame   0x00000000000012d8       0xc8 Drivers/STM32F1xx_HAL_Driver/Src/stm32f1xx_ll_adc.o
 .debug_frame   0x00000000000013a0       0x58 Drivers/STM32F1xx_HAL_Driver/Src/stm32f1xx_ll_gpio.o
 .debug_frame   0x00000000000013f8       0xa0 Drivers/STM32F1xx_HAL_Driver/Src/stm32f1xx_ll_rcc.o
 .debug_frame   0x0000000000001498       0x80 Drivers/STM32F1xx_HAL_Driver/Src/stm32f1xx_ll_usart.o
 .debug_frame   0x0000000000001518       0xa4 Drivers/STM32F1xx_HAL_Driver/Src/stm32f1xx_ll_utils.o
 .debug_frame   0x00000000000015bc       0x2c c:/st/stm32cubeide_1.6.0/stm32cubeide/plugins/com.st.stm32cube.ide.mcu.externaltools.gnu-tools-for-stm32.9-2020-q2-update.win32_1.5.0.202011040924/tools/bin/../lib/gcc/arm-none-eabi/9.3.1/../../../../arm-none-eabi/lib/thumb/v7-m/nofp\libc_nano.a(lib_a-init.o)
 .debug_frame   0x00000000000015e8       0x28 c:/st/stm32cubeide_1.6.0/stm32cubeide/plugins/com.st.stm32cube.ide.mcu.externaltools.gnu-tools-for-stm32.9-2020-q2-update.win32_1.5.0.202011040924/tools/bin/../lib/gcc/arm-none-eabi/9.3.1/../../../../arm-none-eabi/lib/thumb/v7-m/nofp\libc_nano.a(lib_a-memcpy-stub.o)
 .debug_frame   0x0000000000001610       0x20 c:/st/stm32cubeide_1.6.0/stm32cubeide/plugins/com.st.stm32cube.ide.mcu.externaltools.gnu-tools-for-stm32.9-2020-q2-update.win32_1.5.0.202011040924/tools/bin/../lib/gcc/arm-none-eabi/9.3.1/../../../../arm-none-eabi/lib/thumb/v7-m/nofp\libc_nano.a(lib_a-memset.o)