../Drivers/STM32F1xx_HAL_Driver/Src/stm32f1xx_ll_adc.c:280:13:LL_ADC_CommonDeInit	0	static
../Drivers/STM32F1xx_HAL_Driver/Src/stm32f1xx_ll_adc.c:309:13:LL_ADC_CommonInit	0	static
../Drivers/STM32F1xx_HAL_Driver/Src/stm32f1xx_ll_adc.c:367:6:LL_ADC_CommonStructInit	0	static
../Drivers/STM32F1xx_HAL_Driver/Src/stm32f1xx_ll_adc.c:389:13:LL_ADC_DeInit	0	static
../Drivers/STM32F1xx_HAL_Driver/Src/stm32f1xx_ll_adc.c:556:13:LL_ADC_Init	8	static
../Drivers/STM32F1xx_HAL_Driver/Src/stm32f1xx_ll_adc.c:600:6:LL_ADC_StructInit	0	static
../Drivers/STM32F1xx_HAL_Driver/Src/stm32f1xx_ll_adc.c:646:13:LL_ADC_REG_Init	8	static
../Drivers/STM32F1xx_HAL_Driver/Src/stm32f1xx_ll_adc.c:739:6:LL_ADC_REG_StructInit	0	static
../Drivers/STM32F1xx_HAL_Driver/Src/stm32f1xx_ll_adc.c:785:13:LL_ADC_INJ_Init	8	static
../Drivers/STM32F1xx_HAL_Driver/Src/stm32f1xx_ll_adc.c:866:6:LL_ADC_INJ_StructInit	0	static
