stm32f1xx_ll_bus.h:763:22:LL_APB2_GRP1_EnableClock	8	static
main.c:1193:6:MenuLog_Enter	0	static
main.c:1774:6:MenuCalibrationWriteToFlash_Enter	8	static
main.c:1543:6:MenuSettingsBatteryType_Enter	8	static
main.c:1780:6:MenuSettingsWriteToFlash_Enter	0	static
main.c:1815:6:MenuOption_Enter	8	static
main.c:1824:6:MenuOption_Enter1	8	static
main.c:162:6:Generic_Write	0	static
main.c:1785:6:MenuDischarge_Enter	72	static
main.c:1799:6:MenuCharge_Enter	72	static
main.c:1667:6:SelectedOption.part.0	8	static
stm32f1xx_ll_adc.h:2837:22:LL_ADC_SetChannelSamplingTime.constprop	16	static,ignoring_inline_asm
stm32f1xx_ll_adc.h:2131:22:LL_ADC_REG_SetSequencerRanks.constprop	12	static,ignoring_inline_asm
core_cm3.h:1686:26:NVIC_EncodePriority.constprop	0	static
main.c:218:6:MenuLoad	8	static
main.c:620:6:MenuTraining_WriteInLOG	96	static
main.c:1197:6:MenuLog	16	static
main.c:1324:6:MenuCalibration_CURRENT_Out_to_0	8	static
main.c:1336:6:MenuCalibration_CURRENT_Load_to_0	8	static
main.c:1447:6:MenuCalibration_BackToFactory	8	static
main.c:1479:6:MenuSettingsChargeTime_Enter	0	static
main.c:1483:6:MenuSettingsChargeTime	8	static
main.c:1495:6:MenuSettingsBatteryType	8	static
main.c:1597:6:MenuSettingsLowVolt_Enter	0	static
main.c:1601:6:MenuSettingsLowVolt	8	static
main.c:1610:6:MenuSettingsMaxVolt_Enter	0	static
main.c:1614:6:MenuSettingsMaxVolt	8	static
main.c:1624:6:MenuSettingsSwngChrgTime_Enter	0	static
main.c:1628:6:MenuSettingsSwngChrgTime	8	static
main.c:1637:6:MenuSettingsSwngDChrgTime_Enter	0	static
main.c:1641:6:MenuSettingsSwngDChrgTime	8	static
main.c:1650:6:MenuSettingsChargeAddapt_Enter	0	static
main.c:1654:6:MenuSettingsChargeAddapt	16	static
main.c:1667:6:SelectedOption	0	static
main.c:1676:6:SelectedOption1	0	static
main.c:1688:6:MenuSettingsSaveMenuPosWhenOFF	8	static
main.c:1739:6:MenuSettingsOutAfterPowerUp	8	static
main.c:1834:6:BUT_Debrief	0	static
main.c:1870:15:BUT_GetKey	0	static
main.c:1878:6:Start_Timer_sec	0	static
main.c:1883:6:ReStart_Timer_sec	0	static
main.c:1888:6:Stop_Timer_sec	0	static
main.c:1895:6:ClockOnLCD	16	static
main.c:1914:6:ClockOnLCD_noSec	16	static
main.c:2022:6:OUT_OFF	0	static
main.c:1982:6:discharge	8	static
main.c:1361:6:MenuCalibration_CURRENT_Load	16	static
main.c:2003:6:discharge1	8	static
main.c:2015:6:OFF	0	static
main.c:510:6:MenuDisCharge	32	static
main.c:1929:6:All_OUT_OFF_When_Power_OFF	88	static
main.c:2031:6:OUT_ON	0	static
main.c:166:6:OUTStateAfterPowerUpFunction	8	static
main.c:183:6:MenuPowerSupply	16	static
main.c:1347:6:MenuCalibration_CURRENT_Out	8	static
main.c:1375:6:MenuCalibration_VoltagePS	8	static
main.c:1389:6:MenuCalibration_VoltageOut	8	static
main.c:1403:6:MenuCalibration_VoltageIn	8	static
main.c:1418:6:MenuCalibration_Resist_Comp_5V1A	16	static
main.c:1064:6:MenuBatterySimilation	24	static
main.c:1975:6:charge	8	static
main.c:256:6:MenuChargeCC_CV	40	static
main.c:372:6:MenuChargeAdapt	40	static
main.c:1990:6:charge1	8	static
main.c:894:6:MenuTraining_new	56	static
main.c:1104:6:MenuSwing	24	static
main.c:642:6:MenuCheckingCapacity	56	static
main.c:1216:6:MenuDIAGNOSTIC	48	static
main.c:2041:6:FAN_ON	0	static
main.c:2045:6:FAN_OFF	0	static
main.c:2050:6:LOAD_ON	0	static
main.c:2055:6:LOAD_OFF	0	static
main.c:2059:6:LOAD_ON_OFF_Toggle	0	static
main.c:2063:6:OUT_ON_OFF_Toggle	0	static
main.c:2117:6:adc_func	32	static
main.c:2068:6:SysTick_Callback	24	static
main.c:2426:6:SystemClock_Config	8	static
main.c:2215:5:main	104	static
main.c:2716:6:Error_Handler	0	static
