stm32f1xx_ll_bus.h:763:22:LL_APB2_GRP1_EnableClock	8	static
main.c:1202:6:MenuLog_Enter	0	static
main.c:1783:6:MenuCalibrationWriteToFlash_Enter	8	static
main.c:1552:6:MenuSettingsBatteryType_Enter	8	static
main.c:1789:6:MenuSettingsWriteToFlash_Enter	0	static
main.c:1824:6:MenuOption_Enter	8	static
main.c:1833:6:MenuOption_Enter1	8	static
main.c:162:6:Generic_Write	0	static
main.c:1794:6:MenuDischarge_Enter	72	static
main.c:1808:6:MenuCharge_Enter	72	static
main.c:1676:6:SelectedOption.part.0	8	static
stm32f1xx_ll_adc.h:2837:22:LL_ADC_SetChannelSamplingTime.constprop	16	static,ignoring_inline_asm
stm32f1xx_ll_adc.h:2131:22:LL_ADC_REG_SetSequencerRanks.constprop	12	static,ignoring_inline_asm
core_cm3.h:1686:26:NVIC_EncodePriority.constprop	0	static
main.c:227:6:MenuLoad	8	static
main.c:629:6:MenuTraining_WriteInLOG	96	static
main.c:1206:6:MenuLog	16	static
main.c:1333:6:MenuCalibration_CURRENT_Out_to_0	8	static
main.c:1345:6:MenuCalibration_CURRENT_Load_to_0	8	static
main.c:1456:6:MenuCalibration_BackToFactory	8	static
main.c:1488:6:MenuSettingsChargeTime_Enter	0	static
main.c:1492:6:MenuSettingsChargeTime	8	static
main.c:1504:6:MenuSettingsBatteryType	8	static
main.c:1606:6:MenuSettingsLowVolt_Enter	0	static
main.c:1610:6:MenuSettingsLowVolt	8	static
main.c:1619:6:MenuSettingsMaxVolt_Enter	0	static
main.c:1623:6:MenuSettingsMaxVolt	8	static
main.c:1633:6:MenuSettingsSwngChrgTime_Enter	0	static
main.c:1637:6:MenuSettingsSwngChrgTime	8	static
main.c:1646:6:MenuSettingsSwngDChrgTime_Enter	0	static
main.c:1650:6:MenuSettingsSwngDChrgTime	8	static
main.c:1659:6:MenuSettingsChargeAddapt_Enter	0	static
main.c:1663:6:MenuSettingsChargeAddapt	16	static
main.c:1676:6:SelectedOption	0	static
main.c:1685:6:SelectedOption1	0	static
main.c:1697:6:MenuSettingsSaveMenuPosWhenOFF	8	static
main.c:1748:6:MenuSettingsOutAfterPowerUp	8	static
main.c:1843:6:BUT_Debrief	0	static
main.c:1879:15:BUT_GetKey	0	static
main.c:1887:6:Start_Timer_sec	0	static
main.c:1892:6:ReStart_Timer_sec	0	static
main.c:1897:6:Stop_Timer_sec	0	static
main.c:1904:6:ClockOnLCD	16	static
main.c:1923:6:ClockOnLCD_noSec	16	static
main.c:2031:6:OUT_OFF	0	static
main.c:1991:6:discharge	8	static
main.c:1370:6:MenuCalibration_CURRENT_Load	16	static
main.c:2012:6:discharge1	8	static
main.c:2024:6:OFF	0	static
main.c:519:6:MenuDisCharge	32	static
main.c:1938:6:All_OUT_OFF_When_Power_OFF	88	static
main.c:2040:6:OUT_ON	0	static
main.c:166:6:OUTStateAfterPowerUpFunction	8	static
main.c:183:6:MenuPowerSupply	16	static
main.c:1356:6:MenuCalibration_CURRENT_Out	8	static
main.c:1384:6:MenuCalibration_VoltagePS	8	static
main.c:1398:6:MenuCalibration_VoltageOut	8	static
main.c:1412:6:MenuCalibration_VoltageIn	8	static
main.c:1427:6:MenuCalibration_Resist_Comp_5V1A	16	static
main.c:1073:6:MenuBatterySimilation	24	static
main.c:1984:6:charge	8	static
main.c:265:6:MenuChargeCC_CV	40	static
main.c:381:6:MenuChargeAdapt	40	static
main.c:1999:6:charge1	8	static
main.c:903:6:MenuTraining_new	56	static
main.c:1113:6:MenuSwing	24	static
main.c:651:6:MenuCheckingCapacity	56	static
main.c:1225:6:MenuDIAGNOSTIC	48	static
main.c:2050:6:FAN_ON	0	static
main.c:2054:6:FAN_OFF	0	static
main.c:2059:6:LOAD_ON	0	static
main.c:2064:6:LOAD_OFF	0	static
main.c:2068:6:LOAD_ON_OFF_Toggle	0	static
main.c:2072:6:OUT_ON_OFF_Toggle	0	static
main.c:2126:6:adc_func	32	static
main.c:2077:6:SysTick_Callback	24	static
main.c:2436:6:SystemClock_Config	8	static
main.c:2225:5:main	104	static
main.c:2726:6:Error_Handler	0	static
