stm32f1xx_ll_bus.h:763:22:LL_APB2_GRP1_EnableClock	8	static
main.c:1198:6:MenuLog_Enter	0	static
main.c:1779:6:MenuCalibrationWriteToFlash_Enter	8	static
main.c:1548:6:MenuSettingsBatteryType_Enter	8	static
main.c:1785:6:MenuSettingsWriteToFlash_Enter	0	static
main.c:1820:6:MenuOption_Enter	8	static
main.c:1829:6:MenuOption_Enter1	8	static
main.c:162:6:Generic_Write	0	static
main.c:1790:6:MenuDischarge_Enter	72	static
main.c:1804:6:MenuCharge_Enter	72	static
main.c:1672:6:SelectedOption.part.0	8	static
stm32f1xx_ll_adc.h:2837:22:LL_ADC_SetChannelSamplingTime.constprop	16	static,ignoring_inline_asm
stm32f1xx_ll_adc.h:2131:22:LL_ADC_REG_SetSequencerRanks.constprop	12	static,ignoring_inline_asm
core_cm3.h:1686:26:NVIC_EncodePriority.constprop	0	static
main.c:223:6:MenuLoad	8	static
main.c:625:6:MenuTraining_WriteInLOG	96	static
main.c:1202:6:MenuLog	16	static
main.c:1329:6:MenuCalibration_CURRENT_Out_to_0	8	static
main.c:1341:6:MenuCalibration_CURRENT_Load_to_0	8	static
main.c:1452:6:MenuCalibration_BackToFactory	8	static
main.c:1484:6:MenuSettingsChargeTime_Enter	0	static
main.c:1488:6:MenuSettingsChargeTime	8	static
main.c:1500:6:MenuSettingsBatteryType	8	static
main.c:1602:6:MenuSettingsLowVolt_Enter	0	static
main.c:1606:6:MenuSettingsLowVolt	8	static
main.c:1615:6:MenuSettingsMaxVolt_Enter	0	static
main.c:1619:6:MenuSettingsMaxVolt	8	static
main.c:1629:6:MenuSettingsSwngChrgTime_Enter	0	static
main.c:1633:6:MenuSettingsSwngChrgTime	8	static
main.c:1642:6:MenuSettingsSwngDChrgTime_Enter	0	static
main.c:1646:6:MenuSettingsSwngDChrgTime	8	static
main.c:1655:6:MenuSettingsChargeAddapt_Enter	0	static
main.c:1659:6:MenuSettingsChargeAddapt	16	static
main.c:1672:6:SelectedOption	0	static
main.c:1681:6:SelectedOption1	0	static
main.c:1693:6:MenuSettingsSaveMenuPosWhenOFF	8	static
main.c:1744:6:MenuSettingsOutAfterPowerUp	8	static
main.c:1839:6:BUT_Debrief	0	static
main.c:1875:15:BUT_GetKey	0	static
main.c:1883:6:Start_Timer_sec	0	static
main.c:1888:6:ReStart_Timer_sec	0	static
main.c:1893:6:Stop_Timer_sec	0	static
main.c:1900:6:ClockOnLCD	16	static
main.c:1919:6:ClockOnLCD_noSec	16	static
main.c:2027:6:OUT_OFF	0	static
main.c:1987:6:discharge	8	static
main.c:1366:6:MenuCalibration_CURRENT_Load	16	static
main.c:2008:6:discharge1	8	static
main.c:2020:6:OFF	0	static
main.c:515:6:MenuDisCharge	32	static
main.c:1934:6:All_OUT_OFF_When_Power_OFF	88	static
main.c:2036:6:OUT_ON	0	static
main.c:166:6:OUTStateAfterPowerUpFunction	8	static
main.c:183:6:MenuPowerSupply	24	static
main.c:1352:6:MenuCalibration_CURRENT_Out	8	static
main.c:1380:6:MenuCalibration_VoltagePS	8	static
main.c:1394:6:MenuCalibration_VoltageOut	8	static
main.c:1408:6:MenuCalibration_VoltageIn	8	static
main.c:1423:6:MenuCalibration_Resist_Comp_5V1A	16	static
main.c:1069:6:MenuBatterySimilation	24	static
main.c:1980:6:charge	8	static
main.c:261:6:MenuChargeCC_CV	40	static
main.c:377:6:MenuChargeAdapt	40	static
main.c:1995:6:charge1	8	static
main.c:899:6:MenuTraining_new	56	static
main.c:1109:6:MenuSwing	24	static
main.c:647:6:MenuCheckingCapacity	56	static
main.c:1221:6:MenuDIAGNOSTIC	48	static
main.c:2046:6:FAN_ON	0	static
main.c:2050:6:FAN_OFF	0	static
main.c:2055:6:LOAD_ON	0	static
main.c:2060:6:LOAD_OFF	0	static
main.c:2064:6:LOAD_ON_OFF_Toggle	0	static
main.c:2068:6:OUT_ON_OFF_Toggle	0	static
main.c:2122:6:adc_func	32	static
main.c:2073:6:SysTick_Callback	24	static
main.c:2431:6:SystemClock_Config	8	static
main.c:2220:5:main	104	static
main.c:2721:6:Error_Handler	0	static
