../Drivers/STM32F1xx_HAL_Driver/Inc/stm32f1xx_ll_bus.h:763:22:LL_APB2_GRP1_EnableClock	8	static
../Core/Src/main.c:1202:6:MenuLog_Enter	0	static
../Core/Src/main.c:1785:6:MenuCalibrationWriteToFlash_Enter	8	static
../Core/Src/main.c:1554:6:MenuSettingsBatteryType_Enter	8	static
../Core/Src/main.c:1791:6:MenuSettingsWriteToFlash_Enter	0	static
../Core/Src/main.c:1826:6:MenuOption_Enter	8	static
../Core/Src/main.c:1835:6:MenuOption_Enter1	8	static
../Core/Src/main.c:162:6:Generic_Write	0	static
../Core/Src/main.c:1796:6:MenuDischarge_Enter	72	static
../Core/Src/main.c:1810:6:MenuCharge_Enter	72	static
../Core/Src/main.c:1678:6:SelectedOption.part.0	8	static
../Drivers/STM32F1xx_HAL_Driver/Inc/stm32f1xx_ll_adc.h:2837:22:LL_ADC_SetChannelSamplingTime.constprop	16	static,ignoring_inline_asm
../Drivers/STM32F1xx_HAL_Driver/Inc/stm32f1xx_ll_adc.h:2131:22:LL_ADC_REG_SetSequencerRanks.constprop	12	static,ignoring_inline_asm
../Drivers/CMSIS/Include/core_cm3.h:1686:26:NVIC_EncodePriority.constprop	0	static
../Core/Src/main.c:227:6:MenuLoad	8	static
../Core/Src/main.c:629:6:MenuTraining_WriteInLOG	96	static
../Core/Src/main.c:1206:6:MenuLog	16	static
../Core/Src/main.c:1335:6:MenuCalibration_CURRENT_Out_to_0	8	static
../Core/Src/main.c:1347:6:MenuCalibration_CURRENT_Load_to_0	8	static
../Core/Src/main.c:1458:6:MenuCalibration_BackToFactory	8	static
../Core/Src/main.c:1490:6:MenuSettingsChargeTime_Enter	0	static
../Core/Src/main.c:1494:6:MenuSettingsChargeTime	8	static
../Core/Src/main.c:1506:6:MenuSettingsBatteryType	8	static
../Core/Src/main.c:1608:6:MenuSettingsLowVolt_Enter	0	static
../Core/Src/main.c:1612:6:MenuSettingsLowVolt	8	static
../Core/Src/main.c:1621:6:MenuSettingsMaxVolt_Enter	0	static
../Core/Src/main.c:1625:6:MenuSettingsMaxVolt	8	static
../Core/Src/main.c:1635:6:MenuSettingsSwngChrgTime_Enter	0	static
../Core/Src/main.c:1639:6:MenuSettingsSwngChrgTime	8	static
../Core/Src/main.c:1648:6:MenuSettingsSwngDChrgTime_Enter	0	static
../Core/Src/main.c:1652:6:MenuSettingsSwngDChrgTime	8	static
../Core/Src/main.c:1661:6:MenuSettingsChargeAddapt_Enter	0	static
../Core/Src/main.c:1665:6:MenuSettingsChargeAddapt	16	static
../Core/Src/main.c:1678:6:SelectedOption	0	static
../Core/Src/main.c:1687:6:SelectedOption1	0	static
../Core/Src/main.c:1699:6:MenuSettingsSaveMenuPosWhenOFF	8	static
../Core/Src/main.c:1750:6:MenuSettingsOutAfterPowerUp	8	static
../Core/Src/main.c:1845:6:BUT_Debrief	0	static
../Core/Src/main.c:1881:15:BUT_GetKey	0	static
../Core/Src/main.c:1889:6:Start_Timer_sec	0	static
../Core/Src/main.c:1894:6:ReStart_Timer_sec	0	static
../Core/Src/main.c:1899:6:Stop_Timer_sec	0	static
../Core/Src/main.c:1906:6:ClockOnLCD	16	static
../Core/Src/main.c:1925:6:ClockOnLCD_noSec	16	static
../Core/Src/main.c:2033:6:OUT_OFF	0	static
../Core/Src/main.c:1993:6:discharge	8	static
../Core/Src/main.c:1372:6:MenuCalibration_CURRENT_Load	16	static
../Core/Src/main.c:2014:6:discharge1	8	static
../Core/Src/main.c:2026:6:OFF	0	static
../Core/Src/main.c:519:6:MenuDisCharge	32	static
../Core/Src/main.c:1940:6:All_OUT_OFF_When_Power_OFF	88	static
../Core/Src/main.c:2042:6:OUT_ON	0	static
../Core/Src/main.c:166:6:OUTStateAfterPowerUpFunction	8	static
../Core/Src/main.c:183:6:MenuPowerSupply	16	static
../Core/Src/main.c:1358:6:MenuCalibration_CURRENT_Out	8	static
../Core/Src/main.c:1386:6:MenuCalibration_VoltagePS	8	static
../Core/Src/main.c:1400:6:MenuCalibration_VoltageOut	8	static
../Core/Src/main.c:1414:6:MenuCalibration_VoltageIn	8	static
../Core/Src/main.c:1429:6:MenuCalibration_Resist_Comp_5V1A	16	static
../Core/Src/main.c:1073:6:MenuBatterySimilation	24	static
../Core/Src/main.c:1986:6:charge	8	static
../Core/Src/main.c:265:6:MenuChargeCC_CV	40	static
../Core/Src/main.c:381:6:MenuChargeAdapt	40	static
../Core/Src/main.c:2001:6:charge1	8	static
../Core/Src/main.c:903:6:MenuTraining_new	48	static
../Core/Src/main.c:1113:6:MenuSwing	24	static
../Core/Src/main.c:651:6:MenuCheckingCapacity	40	static
../Core/Src/main.c:1225:6:MenuDIAGNOSTIC	48	static
../Core/Src/main.c:2052:6:FAN_ON	0	static
../Core/Src/main.c:2056:6:FAN_OFF	0	static
../Core/Src/main.c:2061:6:LOAD_ON	0	static
../Core/Src/main.c:2066:6:LOAD_OFF	0	static
../Core/Src/main.c:2070:6:LOAD_ON_OFF_Toggle	0	static
../Core/Src/main.c:2074:6:OUT_ON_OFF_Toggle	0	static
../Core/Src/main.c:2128:6:adc_func	32	static
../Core/Src/main.c:2079:6:SysTick_Callback	24	static
../Core/Src/main.c:2438:6:SystemClock_Config	8	static
../Core/Src/main.c:2227:5:main	104	static
../Core/Src/main.c:2728:6:Error_Handler	0	static
